###############################################################################
#
# IAR ELF Linker V7.80.3.12102/W32 for ARM                01/Mar/2017  12:30:45
# Copyright 2007-2016 IAR Systems AB.
#
#    Output file  =  
#        U:\Downloads\STM32Cube_FW_F3_V1.7.0\Projects\STM32F3-Discovery\My
#        projects\KULUR\Test\Debug\Exe\testKULUR.out
#    Map file     =  
#        U:\Downloads\STM32Cube_FW_F3_V1.7.0\Projects\STM32F3-Discovery\My
#        projects\KULUR\Test\Debug\List\testKULUR.map
#    Command line =  
#        "U:\Downloads\STM32Cube_FW_F3_V1.7.0\Projects\STM32F3-Discovery\My
#        projects\KULUR\Test\Debug\Obj\cmsis_os.o"
#        "U:\Downloads\STM32Cube_FW_F3_V1.7.0\Projects\STM32F3-Discovery\My
#        projects\KULUR\Test\Debug\Obj\crc.o"
#        "U:\Downloads\STM32Cube_FW_F3_V1.7.0\Projects\STM32F3-Discovery\My
#        projects\KULUR\Test\Debug\Obj\croutine.o"
#        "U:\Downloads\STM32Cube_FW_F3_V1.7.0\Projects\STM32F3-Discovery\My
#        projects\KULUR\Test\Debug\Obj\event_groups.o"
#        "U:\Downloads\STM32Cube_FW_F3_V1.7.0\Projects\STM32F3-Discovery\My
#        projects\KULUR\Test\Debug\Obj\freertos.o"
#        "U:\Downloads\STM32Cube_FW_F3_V1.7.0\Projects\STM32F3-Discovery\My
#        projects\KULUR\Test\Debug\Obj\gpio.o"
#        "U:\Downloads\STM32Cube_FW_F3_V1.7.0\Projects\STM32F3-Discovery\My
#        projects\KULUR\Test\Debug\Obj\heap_4.o"
#        "U:\Downloads\STM32Cube_FW_F3_V1.7.0\Projects\STM32F3-Discovery\My
#        projects\KULUR\Test\Debug\Obj\list.o"
#        "U:\Downloads\STM32Cube_FW_F3_V1.7.0\Projects\STM32F3-Discovery\My
#        projects\KULUR\Test\Debug\Obj\main.o"
#        "U:\Downloads\STM32Cube_FW_F3_V1.7.0\Projects\STM32F3-Discovery\My
#        projects\KULUR\Test\Debug\Obj\port.o"
#        "U:\Downloads\STM32Cube_FW_F3_V1.7.0\Projects\STM32F3-Discovery\My
#        projects\KULUR\Test\Debug\Obj\portasm.o"
#        "U:\Downloads\STM32Cube_FW_F3_V1.7.0\Projects\STM32F3-Discovery\My
#        projects\KULUR\Test\Debug\Obj\queue.o"
#        "U:\Downloads\STM32Cube_FW_F3_V1.7.0\Projects\STM32F3-Discovery\My
#        projects\KULUR\Test\Debug\Obj\rtc.o"
#        "U:\Downloads\STM32Cube_FW_F3_V1.7.0\Projects\STM32F3-Discovery\My
#        projects\KULUR\Test\Debug\Obj\startup_stm32f303xc.o"
#        "U:\Downloads\STM32Cube_FW_F3_V1.7.0\Projects\STM32F3-Discovery\My
#        projects\KULUR\Test\Debug\Obj\stm32f3_discovery.o"
#        "U:\Downloads\STM32Cube_FW_F3_V1.7.0\Projects\STM32F3-Discovery\My
#        projects\KULUR\Test\Debug\Obj\stm32f3xx_hal.o"
#        "U:\Downloads\STM32Cube_FW_F3_V1.7.0\Projects\STM32F3-Discovery\My
#        projects\KULUR\Test\Debug\Obj\stm32f3xx_hal_cortex.o"
#        "U:\Downloads\STM32Cube_FW_F3_V1.7.0\Projects\STM32F3-Discovery\My
#        projects\KULUR\Test\Debug\Obj\stm32f3xx_hal_crc.o"
#        "U:\Downloads\STM32Cube_FW_F3_V1.7.0\Projects\STM32F3-Discovery\My
#        projects\KULUR\Test\Debug\Obj\stm32f3xx_hal_crc_ex.o"
#        "U:\Downloads\STM32Cube_FW_F3_V1.7.0\Projects\STM32F3-Discovery\My
#        projects\KULUR\Test\Debug\Obj\stm32f3xx_hal_dma.o"
#        "U:\Downloads\STM32Cube_FW_F3_V1.7.0\Projects\STM32F3-Discovery\My
#        projects\KULUR\Test\Debug\Obj\stm32f3xx_hal_flash.o"
#        "U:\Downloads\STM32Cube_FW_F3_V1.7.0\Projects\STM32F3-Discovery\My
#        projects\KULUR\Test\Debug\Obj\stm32f3xx_hal_flash_ex.o"
#        "U:\Downloads\STM32Cube_FW_F3_V1.7.0\Projects\STM32F3-Discovery\My
#        projects\KULUR\Test\Debug\Obj\stm32f3xx_hal_gpio.o"
#        "U:\Downloads\STM32Cube_FW_F3_V1.7.0\Projects\STM32F3-Discovery\My
#        projects\KULUR\Test\Debug\Obj\stm32f3xx_hal_i2c.o"
#        "U:\Downloads\STM32Cube_FW_F3_V1.7.0\Projects\STM32F3-Discovery\My
#        projects\KULUR\Test\Debug\Obj\stm32f3xx_hal_i2c_ex.o"
#        "U:\Downloads\STM32Cube_FW_F3_V1.7.0\Projects\STM32F3-Discovery\My
#        projects\KULUR\Test\Debug\Obj\stm32f3xx_hal_msp.o"
#        "U:\Downloads\STM32Cube_FW_F3_V1.7.0\Projects\STM32F3-Discovery\My
#        projects\KULUR\Test\Debug\Obj\stm32f3xx_hal_pwr.o"
#        "U:\Downloads\STM32Cube_FW_F3_V1.7.0\Projects\STM32F3-Discovery\My
#        projects\KULUR\Test\Debug\Obj\stm32f3xx_hal_pwr_ex.o"
#        "U:\Downloads\STM32Cube_FW_F3_V1.7.0\Projects\STM32F3-Discovery\My
#        projects\KULUR\Test\Debug\Obj\stm32f3xx_hal_rcc.o"
#        "U:\Downloads\STM32Cube_FW_F3_V1.7.0\Projects\STM32F3-Discovery\My
#        projects\KULUR\Test\Debug\Obj\stm32f3xx_hal_rcc_ex.o"
#        "U:\Downloads\STM32Cube_FW_F3_V1.7.0\Projects\STM32F3-Discovery\My
#        projects\KULUR\Test\Debug\Obj\stm32f3xx_hal_rtc.o"
#        "U:\Downloads\STM32Cube_FW_F3_V1.7.0\Projects\STM32F3-Discovery\My
#        projects\KULUR\Test\Debug\Obj\stm32f3xx_hal_rtc_ex.o"
#        "U:\Downloads\STM32Cube_FW_F3_V1.7.0\Projects\STM32F3-Discovery\My
#        projects\KULUR\Test\Debug\Obj\stm32f3xx_hal_tim.o"
#        "U:\Downloads\STM32Cube_FW_F3_V1.7.0\Projects\STM32F3-Discovery\My
#        projects\KULUR\Test\Debug\Obj\stm32f3xx_hal_tim_ex.o"
#        "U:\Downloads\STM32Cube_FW_F3_V1.7.0\Projects\STM32F3-Discovery\My
#        projects\KULUR\Test\Debug\Obj\stm32f3xx_hal_uart.o"
#        "U:\Downloads\STM32Cube_FW_F3_V1.7.0\Projects\STM32F3-Discovery\My
#        projects\KULUR\Test\Debug\Obj\stm32f3xx_hal_uart_ex.o"
#        "U:\Downloads\STM32Cube_FW_F3_V1.7.0\Projects\STM32F3-Discovery\My
#        projects\KULUR\Test\Debug\Obj\stm32f3xx_it.o"
#        "U:\Downloads\STM32Cube_FW_F3_V1.7.0\Projects\STM32F3-Discovery\My
#        projects\KULUR\Test\Debug\Obj\system_stm32f3xx.o"
#        "U:\Downloads\STM32Cube_FW_F3_V1.7.0\Projects\STM32F3-Discovery\My
#        projects\KULUR\Test\Debug\Obj\tasks.o"
#        "U:\Downloads\STM32Cube_FW_F3_V1.7.0\Projects\STM32F3-Discovery\My
#        projects\KULUR\Test\Debug\Obj\tim.o"
#        "U:\Downloads\STM32Cube_FW_F3_V1.7.0\Projects\STM32F3-Discovery\My
#        projects\KULUR\Test\Debug\Obj\timers.o"
#        "U:\Downloads\STM32Cube_FW_F3_V1.7.0\Projects\STM32F3-Discovery\My
#        projects\KULUR\Test\Debug\Obj\usart.o" -o
#        "U:\Downloads\STM32Cube_FW_F3_V1.7.0\Projects\STM32F3-Discovery\My
#        projects\KULUR\Test\Debug\Exe\testKULUR.out" --redirect
#        _Printf=_PrintfFull --redirect _Scanf=_ScanfFull --map
#        "U:\Downloads\STM32Cube_FW_F3_V1.7.0\Projects\STM32F3-Discovery\My
#        projects\KULUR\Test\Debug\List\testKULUR.map" --config
#        "U:\Downloads\STM32Cube_FW_F3_V1.7.0\Projects\STM32F3-Discovery\My
#        projects\KULUR\Test\stm32f303xc_flash.icf" --semihosting --entry
#        __iar_program_start --vfe
#
###############################################################################

*******************************************************************************
*** RUNTIME MODEL ATTRIBUTES
***

CppFlavor                     = *
__Heap_Handler                = Basic
__SystemLibrary               = DLib
__dlib_dynamic_initialization = normal


*******************************************************************************
*** PLACEMENT SUMMARY
***

"A0":  place at 0x08000000 { ro section .intvec };
"P1":  place in [from 0x08000000 to 0x0803ffff] { ro };
"P2":  place in [from 0x20000000 to 0x20009fff] { rw, block CSTACK, block HEAP };
initialize by copy { rw };

  Section             Kind        Address    Size  Object
  -------             ----        -------    ----  ------
"A0":                                       0x188
  .intvec             ro code  0x08000000   0x188  startup_stm32f303xc.o [1]
                             - 0x08000188   0x188

"P1":                                      0x660a
  .text               ro code  0x08000188  0x119a  xprintffull.o [3]
  .text               ro code  0x08001322    0x20  xmbtowc.o [3]
  .text               ro code  0x08001344    0x16  strchr.o [5]
  .text               ro code  0x0800135c    0x36  strlen.o [5]
  .text               ro code  0x08001394    0x58  memchr.o [5]
  .text               ro code  0x080013ec     0xa  xmbcurmax.o [3]
  .text               ro code  0x080013f8    0xb0  xxmemxmalloc.o [3]
  .text               ro code  0x080014a8    0x1a  xwctomb.o [3]
  .text               ro code  0x080014c4    0x76  ABImemcpy_unaligned.o [5]
  .text               ro code  0x0800153c    0x80  xxmemxfree.o [3]
  .text               ro code  0x080015bc    0xee  I64DivMod.o [5]
  .text               ro code  0x080016aa    0x44  xdnorm.o [4]
  .text               ro code  0x080016f0    0x2e  DblCmpLe.o [4]
  .text               ro code  0x08001720    0x2e  DblCmpGe.o [4]
  .text               ro code  0x08001750   0x114  xdscale.o [4]
  .text               ro code  0x08001864    0x58  DblToI32.o [4]
  .text               ro code  0x080018bc    0x30  I32ToDbl.o [4]
  .text               ro code  0x080018ec   0x180  DblSub.o [4]
  .text               ro code  0x08001a6c   0x1a2  DblMul.o [4]
  .text               ro code  0x08001c10   0x256  DblDiv.o [4]
  .text               ro code  0x08001e68    0x6c  localeconv.o [3]
  .text               ro code  0x08001ed4     0xe  div.o [3]
  .text               ro code  0x08001ee4    0x14  setlocale.o [3]
  .text               ro code  0x08001ef8    0x60  xencoding_sb.o [3]
  .text               ro code  0x08001f58    0x2c  xgetmemchunk.o [3]
  .text               ro code  0x08001f84     0x2  I64DivZer.o [5]
  .text               ro code  0x08001f88    0xd4  DblAdd.o [4]
  .text               ro code  0x0800205c     0x2  xtls.o [3]
  .text               ro code  0x08002060   0xd8a  main.o [1]
  .text               ro code  0x08002dec    0x28  stm32f3xx_hal.o [1]
  .text               ro code  0x08002e14   0x1c0  gpio.o [1]
  .text               ro code  0x08002fd4    0xb8  usart.o [1]
  .text               ro code  0x0800308c    0x68  rtc.o [1]
  .text               ro code  0x080030f4   0x150  tim.o [1]
  .text               ro code  0x08003244    0x7c  crc.o [1]
  .text               ro code  0x080032c0   0x8da  stm32f3xx_hal_tim.o [1]
  .text               ro code  0x08003b9c   0x1e2  stm32f3xx_hal_crc.o [1]
  .text               ro code  0x08003d80    0x24  printf.o [3]
  .text               ro code  0x08003da4     0xc  stm32f3xx_hal.o [1]
  .text               ro code  0x08003db0   0x204  stm32f3xx_hal_gpio.o [1]
  .text               ro code  0x08003fb4   0x1c0  stm32f3xx_hal_rtc.o [1]
  .text               ro code  0x08004174   0xab8  stm32f3xx_hal_rcc.o [1]
  .text               ro code  0x08004c2c   0x2cc  stm32f3xx_hal_rcc_ex.o [1]
  .text               ro code  0x08004ef8   0x15c  stm32f3xx_hal_cortex.o [1]
  .text               ro code  0x08005054    0x28  stm32f3xx_hal.o [1]
  .text               ro code  0x0800507c    0x7c  stm32f3xx_hal_msp.o [1]
  .text               ro code  0x080050f8   0x7ea  stm32f3xx_hal_uart.o [1]
  .text               ro code  0x080058e4    0x6c  stm32f3xx_hal_tim_ex.o [1]
  .text               ro code  0x08005950     0x2  stm32f3xx_hal_tim.o [1]
  .text               ro code  0x08005952     0x2  stm32f3xx_hal_tim.o [1]
  .text               ro code  0x08005954     0x2  stm32f3xx_hal_tim.o [1]
  .text               ro code  0x08005956     0x2  stm32f3xx_hal_tim.o [1]
  .text               ro code  0x08005958     0x2  stm32f3xx_hal_tim_ex.o [1]
  .text               ro code  0x0800595a     0x2  stm32f3xx_hal_tim.o [1]
  .text               ro code  0x0800595c     0x2  stm32f3xx_hal_tim_ex.o [1]
  .text               ro code  0x0800595e    0x60  stm32f3xx_hal_crc_ex.o [1]
  .text               ro code  0x080059be     0x2  stm32f3xx_hal_uart_ex.o [1]
  .text               ro code  0x080059c0     0x2  stm32f3xx_hal_uart.o [1]
  .text               ro code  0x080059c4   0x228  tasks.o [1]
  .text               ro code  0x08005bec    0x40  list.o [1]
  .text               ro code  0x08005c2c    0xd6  xfspos.o [3]
  .text               ro code  0x08005d04    0xb0  fflush.o [3]
  .text               ro code  0x08005db4     0xc  xfgpos.o [3]
  .text               ro code  0x08005dc0    0x4c  lseek.o [6]
  .text               ro code  0x08005e0c     0xc  errno.o [3]
  .text               ro code  0x08005e18     0x4  xsyslock_nop.o [3]
  .text               ro code  0x08005e1c    0x10  write.o [6]
  .text               ro code  0x08005e2c    0xcc  XShHandles.o [3]
  .text               ro code  0x08005ef8    0x1e  dwrite.o [6]
  .text               ro code  0x08005f16    0x20  iarwstd.o [6]
  .text               ro code  0x08005f36    0x22  iarwrite.o [6]
  .text               ro code  0x08005f58    0x6c  iarttio.o [6]
  .text               ro code  0x08005fc4     0x8  XShttio.o [3]
  .text               ro code  0x08005fcc    0xb8  xfwprep.o [3]
  .text               ro code  0x08006084    0x22  fseek.o [3]
  CODE                ro code  0x080060a8    0xa8  portasm.o [1]
  .text               ro code  0x08006150    0x98  system_stm32f3xx.o [1]
  .text               ro code  0x080061e8    0x80  xfofind.o [3]
  .text               ro code  0x08006268    0x7a  fclose.o [3]
  .text               ro code  0x080062e2    0x1a  close.o [6]
  .text               ro code  0x080062fc    0x16  remove.o [6]
  .text               ro code  0x08006314    0x58  xcloseall.o [3]
  .text               ro code  0x0800636c    0x56  fputc.o [3]
  .text               ro code  0x080063c2    0x40  zero_init3.o [5]
  .text               ro code  0x08006402    0x38  packbits_init_single.o [5]
  .text               ro code  0x0800643c    0x34  port.o [1]
  .text               ro code  0x08006470    0x28  stm32f3xx_it.o [1]
  .text               ro code  0x08006498    0x10  stm32f3xx_hal.o [1]
  .text               ro code  0x080064a8    0x10  cmsis_os.o [1]
  .text               ro code  0x080064b8    0x28  data_init.o [5]
  .text               ro code  0x080064e0    0x22  fpinit_M.o [4]
  .iar.init_table     const    0x08006504    0x20  - Linker created -
  .text               ro code  0x08006524    0x1a  cmain.o [5]
  .text               ro code  0x0800653e     0x4  low_level_init.o [3]
  .text               ro code  0x08006542     0x4  exit.o [3]
  .text               ro code  0x08006548     0xe  cexit.o [5]
  .text               ro code  0x08006558    0x14  exit.o [6]
  .text               ro code  0x0800656c    0x16  xprout.o [3]
  .text               ro code  0x08006584     0xc  putchar.o [3]
  .rodata             const    0x08006590    0x10  stm32f3xx_hal_rcc.o [1]
  .rodata             const    0x080065a0    0x10  stm32f3xx_hal_rcc.o [1]
  .rodata             const    0x080065b0    0x10  system_stm32f3xx.o [1]
  .text               ro code  0x080065c0    0x10  startup_stm32f303xc.o [1]
  .rodata             const    0x080065d0     0xc  main.o [1]
  .text               ro code  0x080065dc     0xc  cstartup_M.o [5]
  .rodata             const    0x080065e8     0x8  system_stm32f3xx.o [1]
  .text               ro code  0x080065f0     0x4  startup_stm32f303xc.o [1]
  .text               ro code  0x080065f4     0x4  startup_stm32f303xc.o [1]
  .text               ro code  0x080065f8     0x4  startup_stm32f303xc.o [1]
  .text               ro code  0x080065fc     0x4  startup_stm32f303xc.o [1]
  .text               ro code  0x08006600     0x4  startup_stm32f303xc.o [1]
  .text               ro code  0x08006604     0x4  startup_stm32f303xc.o [1]
  .text               ro code  0x08006608     0x4  startup_stm32f303xc.o [1]
  .text               ro code  0x0800660c     0x4  startup_stm32f303xc.o [1]
  .text               ro code  0x08006610     0x4  startup_stm32f303xc.o [1]
  .text               ro code  0x08006614     0x4  startup_stm32f303xc.o [1]
  .text               ro code  0x08006618     0x4  startup_stm32f303xc.o [1]
  .text               ro code  0x0800661c     0x4  startup_stm32f303xc.o [1]
  .text               ro code  0x08006620     0x4  startup_stm32f303xc.o [1]
  .text               ro code  0x08006624     0x4  startup_stm32f303xc.o [1]
  .text               ro code  0x08006628     0x4  startup_stm32f303xc.o [1]
  .text               ro code  0x0800662c     0x4  startup_stm32f303xc.o [1]
  .text               ro code  0x08006630     0x4  startup_stm32f303xc.o [1]
  .text               ro code  0x08006634     0x4  startup_stm32f303xc.o [1]
  .text               ro code  0x08006638     0x4  startup_stm32f303xc.o [1]
  .text               ro code  0x0800663c     0x4  startup_stm32f303xc.o [1]
  .text               ro code  0x08006640     0x4  startup_stm32f303xc.o [1]
  .text               ro code  0x08006644     0x4  startup_stm32f303xc.o [1]
  .text               ro code  0x08006648     0x4  startup_stm32f303xc.o [1]
  .text               ro code  0x0800664c     0x4  startup_stm32f303xc.o [1]
  .text               ro code  0x08006650     0x4  startup_stm32f303xc.o [1]
  .text               ro code  0x08006654     0x4  startup_stm32f303xc.o [1]
  .text               ro code  0x08006658     0x4  startup_stm32f303xc.o [1]
  .text               ro code  0x0800665c     0x4  startup_stm32f303xc.o [1]
  .text               ro code  0x08006660     0x4  startup_stm32f303xc.o [1]
  .text               ro code  0x08006664     0x4  startup_stm32f303xc.o [1]
  .text               ro code  0x08006668     0x4  startup_stm32f303xc.o [1]
  .text               ro code  0x0800666c     0x4  startup_stm32f303xc.o [1]
  .text               ro code  0x08006670     0x4  startup_stm32f303xc.o [1]
  .text               ro code  0x08006674     0x4  startup_stm32f303xc.o [1]
  .text               ro code  0x08006678     0x4  startup_stm32f303xc.o [1]
  .text               ro code  0x0800667c     0x4  startup_stm32f303xc.o [1]
  .text               ro code  0x08006680     0x4  startup_stm32f303xc.o [1]
  .text               ro code  0x08006684     0x4  startup_stm32f303xc.o [1]
  .text               ro code  0x08006688     0x4  startup_stm32f303xc.o [1]
  .text               ro code  0x0800668c     0x4  startup_stm32f303xc.o [1]
  .text               ro code  0x08006690     0x4  startup_stm32f303xc.o [1]
  .text               ro code  0x08006694     0x4  startup_stm32f303xc.o [1]
  .text               ro code  0x08006698     0x4  startup_stm32f303xc.o [1]
  .text               ro code  0x0800669c     0x4  startup_stm32f303xc.o [1]
  .text               ro code  0x080066a0     0x4  startup_stm32f303xc.o [1]
  .text               ro code  0x080066a4     0x4  startup_stm32f303xc.o [1]
  .text               ro code  0x080066a8     0x4  startup_stm32f303xc.o [1]
  .text               ro code  0x080066ac     0x4  startup_stm32f303xc.o [1]
  .text               ro code  0x080066b0     0x4  startup_stm32f303xc.o [1]
  .text               ro code  0x080066b4     0x4  startup_stm32f303xc.o [1]
  .text               ro code  0x080066b8     0x4  startup_stm32f303xc.o [1]
  .text               ro code  0x080066bc     0x4  startup_stm32f303xc.o [1]
  .text               ro code  0x080066c0     0x4  startup_stm32f303xc.o [1]
  .text               ro code  0x080066c4     0x4  startup_stm32f303xc.o [1]
  .text               ro code  0x080066c8     0x4  startup_stm32f303xc.o [1]
  .text               ro code  0x080066cc     0x4  startup_stm32f303xc.o [1]
  .text               ro code  0x080066d0     0x4  startup_stm32f303xc.o [1]
  .text               ro code  0x080066d4     0x4  startup_stm32f303xc.o [1]
  .text               ro code  0x080066d8     0x4  startup_stm32f303xc.o [1]
  .text               ro code  0x080066dc     0x4  startup_stm32f303xc.o [1]
  .text               ro code  0x080066e0     0x4  startup_stm32f303xc.o [1]
  .text               ro code  0x080066e4     0x4  startup_stm32f303xc.o [1]
  .text               ro code  0x080066e8     0x4  startup_stm32f303xc.o [1]
  .text               ro code  0x080066ec     0x4  startup_stm32f303xc.o [1]
  .text               ro code  0x080066f0     0x4  startup_stm32f303xc.o [1]
  .text               ro code  0x080066f4     0x4  startup_stm32f303xc.o [1]
  .text               ro code  0x080066f8     0x4  startup_stm32f303xc.o [1]
  .text               ro code  0x080066fc     0x4  startup_stm32f303xc.o [1]
  .text               ro code  0x08006700     0x4  startup_stm32f303xc.o [1]
  .text               ro code  0x08006704     0x4  startup_stm32f303xc.o [1]
  .text               ro code  0x08006708     0x0  cstart_closeall.o [5]
  .rodata             const    0x08006708     0x0  zero_init3.o [5]
  .rodata             const    0x08006708     0x0  packbits_init_single.o [5]
  Initializer bytes   const    0x08006708    0x8a  <for P2-1>
                             - 0x08006792  0x660a

"P2", part 1 of 3:                          0x1ec
  P2-1                         0x20000000   0x1ec  <Init block>
    .data             inited   0x20000000     0x4  system_stm32f3xx.o [1]
    .data             inited   0x20000004    0x40  xfiles.o [3]
    .data             inited   0x20000044    0x40  xfiles.o [3]
    .data             inited   0x20000084    0x40  xfiles.o [3]
    .data             inited   0x200000c4    0x20  xfiles.o [3]
    .data             inited   0x200000e4     0x8  XShttio.o [3]
    __DLIB_PERTHREAD  inited   0x200000ec     0x4  errno.o [3]
    __DLIB_PERTHREAD  inited   0x200000f0    0x88  localeconv.o [3]
    __DLIB_PERTHREAD  inited   0x20000178    0x74  setlocale.o [3]
                             - 0x200001ec   0x1ec

"P2", part 2 of 3:                          0x600
  CSTACK                       0x200001f0   0x400  <Block>
    CSTACK            uninit   0x200001f0   0x400  <Block tail>
  HEAP                         0x200005f0   0x200  <Block>
    HEAP              uninit   0x200005f0   0x200  <Block tail>
                             - 0x200007f0   0x600

"P2", part 3 of 3:                          0x6c0
  .bss                zero     0x200007f0   0x320  main.o [1]
  .bss                zero     0x20000b10    0xa0  main.o [1]
  .bss                zero     0x20000bb0    0x8c  tasks.o [1]
  .bss                zero     0x20000c3c    0x80  XShHandles.o [3]
  .bss                zero     0x20000cbc    0x70  usart.o [1]
  .bss                zero     0x20000d2c    0x50  xfiles.o [3]
  .bss                zero     0x20000d7c    0x50  xfiles.o [3]
  .bss                zero     0x20000dcc    0x3c  tim.o [1]
  .bss                zero     0x20000e08    0x24  crc.o [1]
  .bss                zero     0x20000e2c    0x20  main.o [1]
  .bss                zero     0x20000e4c    0x10  main.o [1]
  .bss                zero     0x20000e5c     0x8  main.o [1]
  .bss                zero     0x20000e64     0x8  xxmemxmalloc.o [3]
  .bss                zero     0x20000e6c     0x4  main.o [1]
  .bss                zero     0x20000e70     0x4  main.o [1]
  .bss                zero     0x20000e74     0x4  main.o [1]
  .bss                zero     0x20000e78     0x4  stm32f3xx_hal.o [1]
  .bss                zero     0x20000e7c     0x4  tasks.o [1]
  .bss                zero     0x20000e80     0x4  tasks.o [1]
  .bss                zero     0x20000e84     0x4  tasks.o [1]
  .bss                zero     0x20000e88     0x4  tasks.o [1]
  .bss                zero     0x20000e8c     0x4  tasks.o [1]
  .bss                zero     0x20000e90     0x4  tasks.o [1]
  .bss                zero     0x20000e94     0x4  tasks.o [1]
  .bss                zero     0x20000e98     0x4  tasks.o [1]
  .bss                zero     0x20000e9c     0x4  tasks.o [1]
  .bss                zero     0x20000ea0     0x4  tasks.o [1]
  .bss                zero     0x20000ea4     0x4  tasks.o [1]
  .bss                zero     0x20000ea8     0x4  xgetmemchunk.o [3]
  .bss                zero     0x20000eac     0x1  main.o [1]
  .bss                zero     0x20000ead     0x1  main.o [1]
  .bss                zero     0x20000eae     0x1  main.o [1]
                             - 0x20000eaf   0x6bf


*******************************************************************************
*** INIT TABLE
***

          Address     Size
          -------     ----
Zero (__iar_zero_init3)
    1 destination range, total size 0x6bf:
          0x200007f0  0x6bf

Copy/packbits (__iar_packbits_init_single3)
    1 source range, total size 0x8a (28% of destination):
          0x08006708   0x8a
    1 destination range, total size 0x1ec:
          0x20000000  0x1ec



*******************************************************************************
*** MODULE SUMMARY
***

    Module                   ro code  ro data  rw data
    ------                   -------  -------  -------
U:\Downloads\STM32Cube_FW_F3_V1.7.0\Projects\STM32F3-Discovery\My projects\KULUR\Test\Debug\Obj: [1]
    cmsis_os.o                    16
    crc.o                        124                36
    gpio.o                       448
    list.o                        64
    main.o                     3 466       12    1 031
    port.o                        52
    portasm.o                    168
    rtc.o                        104
    startup_stm32f303xc.o        688
    stm32f3xx_hal.o              108                 4
    stm32f3xx_hal_cortex.o       348
    stm32f3xx_hal_crc.o          482
    stm32f3xx_hal_crc_ex.o        96
    stm32f3xx_hal_gpio.o         516
    stm32f3xx_hal_msp.o          124
    stm32f3xx_hal_rcc.o        2 744       32
    stm32f3xx_hal_rcc_ex.o       716
    stm32f3xx_hal_rtc.o          448
    stm32f3xx_hal_tim.o        2 276
    stm32f3xx_hal_tim_ex.o       112
    stm32f3xx_hal_uart.o       2 028
    stm32f3xx_hal_uart_ex.o        2
    stm32f3xx_it.o                40
    system_stm32f3xx.o           152       25        4
    tasks.o                      552               184
    tim.o                        336                60
    usart.o                      184               112
    --------------------------------------------------
    Total:                    16 394       69    1 431

command line: [2]
    --------------------------------------------------
    Total:

dl7M_tlf.a: [3]
    XShHandles.o                 204               128
    XShttio.o                      8        3        8
    div.o                         14
    errno.o                       12        1        4
    exit.o                         4
    fclose.o                     122
    fflush.o                     176
    fputc.o                       86
    fseek.o                       34
    localeconv.o                 108       38      136
    low_level_init.o               4
    printf.o                      36
    putchar.o                     12
    setlocale.o                   20       33      116
    xcloseall.o                   88
    xencoding_sb.o                96
    xfgpos.o                      12
    xfiles.o                               62      384
    xfofind.o                    128
    xfspos.o                     214
    xfwprep.o                    184
    xgetmemchunk.o                44                 4
    xmbcurmax.o                   10
    xmbtowc.o                     32
    xprintffull.o              4 506
    xprout.o                      22
    xsyslock_nop.o                 4
    xtls.o                         2
    xwctomb.o                     26
    xxmemxfree.o                 128
    xxmemxmalloc.o               176                 8
    --------------------------------------------------
    Total:                     6 512      137      788

m7M_tls.a: [4]
    DblAdd.o                     212
    DblCmpGe.o                    46
    DblCmpLe.o                    46
    DblDiv.o                     598
    DblMul.o                     418
    DblSub.o                     384
    DblToI32.o                    88
    I32ToDbl.o                    48
    fpinit_M.o                    34
    xdnorm.o                      68
    xdscale.o                    276
    --------------------------------------------------
    Total:                     2 218

rt7M_tl.a: [5]
    ABImemcpy_unaligned.o        118
    I64DivMod.o                  238
    I64DivZer.o                    2
    cexit.o                       14
    cmain.o                       26
    cstart_closeall.o
    cstartup_M.o                  12
    data_init.o                   40
    memchr.o                      88
    packbits_init_single.o        56
    strchr.o                      22
    strlen.o                      54
    zero_init3.o                  64
    --------------------------------------------------
    Total:                       734

shb_l.a: [6]
    close.o                       26
    dwrite.o                      30
    exit.o                        20
    iarttio.o                    108
    iarwrite.o                    34
    iarwstd.o                     32
    lseek.o                       76
    remove.o                      22
    write.o                       16
    --------------------------------------------------
    Total:                       364

    Gaps                          52        2
    Linker created                         32    1 536
------------------------------------------------------
    Grand Total:              26 274      240    3 755


*******************************************************************************
*** ENTRY LIST
***

Entry                      Address   Size  Type      Object
-----                      -------   ----  ----      ------
.iar.init_table$$Base   0x08006504          --   Gb  - Linker created -
.iar.init_table$$Limit  0x08006524          --   Gb  - Linker created -
?main                   0x08006525         Code  Gb  cmain.o [5]
AHBPrescTable           0x080065b0   0x10  Data  Gb  system_stm32f3xx.o [1]
APBPrescTable           0x080065e8    0x8  Data  Gb  system_stm32f3xx.o [1]
CRC_Handle_16           0x08003d45   0x3a  Code  Lc  stm32f3xx_hal_crc.o [1]
CRC_Handle_8            0x08003cb1   0x94  Code  Lc  stm32f3xx_hal_crc.o [1]
CSTACK$$Base            0x200001f0          --   Gb  - Linker created -
CSTACK$$Limit           0x200005f0          --   Gb  - Linker created -
Error_Handler           0x08002de9    0x2  Code  Gb  main.o [1]
HAL_CRCEx_Polynomial_Set
                        0x0800595f   0x60  Code  Gb  stm32f3xx_hal_crc_ex.o [1]
HAL_CRC_Calculate       0x08003c2d   0x84  Code  Gb  stm32f3xx_hal_crc.o [1]
HAL_CRC_Init            0x08003b9d   0x8a  Code  Gb  stm32f3xx_hal_crc.o [1]
HAL_CRC_MspInit         0x0800328d   0x26  Code  Gb  crc.o [1]
HAL_GPIO_Init           0x08003db1  0x1be  Code  Gb  stm32f3xx_hal_gpio.o [1]
HAL_GPIO_TogglePin      0x08003f81    0xa  Code  Gb  stm32f3xx_hal_gpio.o [1]
HAL_GPIO_WritePin       0x08003f6f   0x12  Code  Gb  stm32f3xx_hal_gpio.o [1]
HAL_GetTick             0x08003da5    0xc  Code  Wk  stm32f3xx_hal.o [1]
HAL_IncTick             0x08006499   0x10  Code  Wk  stm32f3xx_hal.o [1]
HAL_Init                0x08002ded   0x22  Code  Gb  stm32f3xx_hal.o [1]
HAL_InitTick            0x08005055   0x28  Code  Wk  stm32f3xx_hal.o [1]
HAL_MspInit             0x0800507d   0x7c  Code  Gb  stm32f3xx_hal_msp.o [1]
HAL_NVIC_EnableIRQ      0x08004ffb    0xe  Code  Gb  stm32f3xx_hal_cortex.o [1]
HAL_NVIC_SetPriority    0x08004fd5   0x26  Code  Gb  stm32f3xx_hal_cortex.o [1]
HAL_NVIC_SetPriorityGrouping
                        0x08004fc9    0xc  Code  Gb  stm32f3xx_hal_cortex.o [1]
HAL_RCCEx_PeriphCLKConfig
                        0x08004c2d  0x2ac  Code  Gb  stm32f3xx_hal_rcc_ex.o [1]
HAL_RCC_ClockConfig     0x080048ef  0x23e  Code  Gb  stm32f3xx_hal_rcc.o [1]
HAL_RCC_GetHCLKFreq     0x08004ba3    0x6  Code  Gb  stm32f3xx_hal_rcc.o [1]
HAL_RCC_GetPCLK1Freq    0x08004ba9   0x20  Code  Gb  stm32f3xx_hal_rcc.o [1]
HAL_RCC_GetPCLK2Freq    0x08004bc9   0x20  Code  Gb  stm32f3xx_hal_rcc.o [1]
HAL_RCC_GetSysClockFreq
                        0x08004b2d   0x76  Code  Gb  stm32f3xx_hal_rcc.o [1]
HAL_RCC_OscConfig       0x08004175  0x77a  Code  Gb  stm32f3xx_hal_rcc.o [1]
HAL_RTC_GetDate         0x080040c5   0x50  Code  Gb  stm32f3xx_hal_rtc.o [1]
HAL_RTC_GetTime         0x08004061   0x64  Code  Gb  stm32f3xx_hal_rtc.o [1]
HAL_RTC_Init            0x08003fb5   0xac  Code  Gb  stm32f3xx_hal_rtc.o [1]
HAL_RTC_MspInit         0x080030cb   0x1c  Code  Gb  rtc.o [1]
HAL_SYSTICK_CLKSourceConfig
                        0x08005015   0x20  Code  Gb  stm32f3xx_hal_cortex.o [1]
HAL_SYSTICK_Config      0x08005009    0xc  Code  Gb  stm32f3xx_hal_cortex.o [1]
HAL_TIMEx_BreakCallback
                        0x08005959    0x2  Code  Wk  stm32f3xx_hal_tim_ex.o [1]
HAL_TIMEx_CommutationCallback
                        0x0800595d    0x2  Code  Wk  stm32f3xx_hal_tim_ex.o [1]
HAL_TIMEx_MasterConfigSynchronization
                        0x080058e5   0x62  Code  Gb  stm32f3xx_hal_tim_ex.o [1]
HAL_TIM_Base_Init       0x080032c1   0x38  Code  Gb  stm32f3xx_hal_tim.o [1]
HAL_TIM_Base_MspInit    0x080031dd   0x5a  Code  Gb  tim.o [1]
HAL_TIM_ConfigClockSource
                        0x0800366d  0x122  Code  Gb  stm32f3xx_hal_tim.o [1]
HAL_TIM_IC_CaptureCallback
                        0x0800209d  0x2b0  Code  Gb  main.o [1]
HAL_TIM_IC_CaptureCallback::bit_counter
                        0x20000ead    0x1  Data  Lc  main.o [1]
HAL_TIM_IC_CaptureCallback::duty_in_microseconds
                        0x20000e6c    0x4  Data  Lc  main.o [1]
HAL_TIM_IC_CaptureCallback::preamble_bits
                        0x20000e4c   0x10  Data  Lc  main.o [1]
HAL_TIM_IC_CaptureCallback::preamble_flag
                        0x20000eae    0x1  Data  Lc  main.o [1]
HAL_TIM_IC_CaptureCallback::radio_frame
                        0x200007f0  0x320  Data  Lc  main.o [1]
HAL_TIM_IC_ConfigChannel
                        0x08003597   0xd6  Code  Gb  stm32f3xx_hal_tim.o [1]
HAL_TIM_IC_Init         0x080032f9   0x38  Code  Gb  stm32f3xx_hal_tim.o [1]
HAL_TIM_IC_MspInit      0x08005951    0x2  Code  Wk  stm32f3xx_hal_tim.o [1]
HAL_TIM_IC_Start_IT     0x08003331   0x6c  Code  Gb  stm32f3xx_hal_tim.o [1]
HAL_TIM_IC_Stop_IT      0x0800339d   0x84  Code  Gb  stm32f3xx_hal_tim.o [1]
HAL_TIM_IRQHandler      0x08003421  0x176  Code  Gb  stm32f3xx_hal_tim.o [1]
HAL_TIM_OC_DelayElapsedCallback
                        0x08005953    0x2  Code  Wk  stm32f3xx_hal_tim.o [1]
HAL_TIM_PWM_PulseFinishedCallback
                        0x08005955    0x2  Code  Wk  stm32f3xx_hal_tim.o [1]
HAL_TIM_PeriodElapsedCallback
                        0x08005957    0x2  Code  Wk  stm32f3xx_hal_tim.o [1]
HAL_TIM_ReadCapturedValue
                        0x080037e3   0x54  Code  Gb  stm32f3xx_hal_tim.o [1]
HAL_TIM_SlaveConfigSynchronization
                        0x08003795   0x4e  Code  Gb  stm32f3xx_hal_tim.o [1]
HAL_TIM_TriggerCallback
                        0x0800595b    0x2  Code  Wk  stm32f3xx_hal_tim.o [1]
HAL_UARTEx_WakeupCallback
                        0x080059bf    0x2  Code  Wk  stm32f3xx_hal_uart_ex.o [1]
HAL_UART_ErrorCallback  0x080059c1    0x2  Code  Wk  stm32f3xx_hal_uart.o [1]
HAL_UART_IRQHandler     0x08005177  0x102  Code  Gb  stm32f3xx_hal_uart.o [1]
HAL_UART_Init           0x080050f9   0x7e  Code  Gb  stm32f3xx_hal_uart.o [1]
HAL_UART_MspInit        0x08003025   0x58  Code  Gb  usart.o [1]
HAL_UART_RxCpltCallback
                        0x0800206b    0xa  Code  Gb  main.o [1]
HAL_UART_TxCpltCallback
                        0x08002061    0xa  Code  Gb  main.o [1]
HEAP$$Base              0x200005f0          --   Gb  - Linker created -
HEAP$$Limit             0x200007f0          --   Gb  - Linker created -
LoadInt                 0x080007ff   0x6e  Code  Lc  xprintffull.o [3]
MX_CRC_Init             0x08003245   0x48  Code  Gb  crc.o [1]
MX_GPIO_Init            0x08002e15  0x1c0  Code  Gb  gpio.o [1]
MX_RTC_Init             0x0800308d   0x3e  Code  Gb  rtc.o [1]
MX_TIM1_Init            0x080030f5   0xe8  Code  Gb  tim.o [1]
MX_USART3_UART_Init     0x08002fd5   0x50  Code  Gb  usart.o [1]
NVIC_EnableIRQ          0x08004f21   0x14  Code  Lc  stm32f3xx_hal_cortex.o [1]
NVIC_EncodePriority     0x08004f5b   0x3e  Code  Lc  stm32f3xx_hal_cortex.o [1]
NVIC_GetPriorityGrouping
                        0x08004f17    0xa  Code  Lc  stm32f3xx_hal_cortex.o [1]
NVIC_SetPriority        0x08004f35   0x26  Code  Lc  stm32f3xx_hal_cortex.o [1]
NVIC_SetPriorityGrouping
                        0x08004ef9   0x1e  Code  Lc  stm32f3xx_hal_cortex.o [1]
PendSV_Handler          0x080060a9         Code  Gb  portasm.o [1]
RTC_Bcd2ToByte          0x08004159   0x1c  Code  Gb  stm32f3xx_hal_rtc.o [1]
RTC_EnterInitMode       0x08004121   0x38  Code  Gb  stm32f3xx_hal_rtc.o [1]
RTC_TimeShow            0x08002ce9   0x34  Code  Gb  main.o [1]
Region$$Table$$Base     0x08006504          --   Gb  - Linker created -
Region$$Table$$Limit    0x08006524          --   Gb  - Linker created -
SVC_Handler             0x08006101         Code  Gb  portasm.o [1]
SysTick_Config          0x08004f99   0x30  Code  Lc  stm32f3xx_hal_cortex.o [1]
SysTick_Handler         0x08006471    0xc  Code  Gb  stm32f3xx_it.o [1]
SystemClock_Config      0x08002d21   0xa0  Code  Gb  main.o [1]
SystemCoreClock         0x20000000    0x4  Data  Gb  system_stm32f3xx.o [1]
SystemInit              0x08006151   0x70  Code  Gb  system_stm32f3xx.o [1]
TIM1_CC_IRQHandler      0x0800647d    0xa  Code  Gb  stm32f3xx_it.o [1]
TIM_Base_SetConfig      0x08003837   0xb6  Code  Gb  stm32f3xx_hal_tim.o [1]
TIM_CCxChannelCmd       0x08003b7d   0x1e  Code  Gb  stm32f3xx_hal_tim.o [1]
TIM_ETR_SetConfig       0x08003b61   0x1c  Code  Gb  stm32f3xx_hal_tim.o [1]
TIM_ITRx_SetConfig      0x08003b4b   0x16  Code  Lc  stm32f3xx_hal_tim.o [1]
TIM_SlaveTimer_SetConfig
                        0x080038ef   0xb2  Code  Lc  stm32f3xx_hal_tim.o [1]
TIM_TI1_ConfigInputStage
                        0x08003a39   0x2c  Code  Lc  stm32f3xx_hal_tim.o [1]
TIM_TI1_SetConfig       0x080039a1   0x70  Code  Gb  stm32f3xx_hal_tim.o [1]
TIM_TI2_ConfigInputStage
                        0x08003aa3   0x2e  Code  Lc  stm32f3xx_hal_tim.o [1]
TIM_TI2_SetConfig       0x08003a65   0x3e  Code  Lc  stm32f3xx_hal_tim.o [1]
TIM_TI3_SetConfig       0x08003ad1   0x3c  Code  Lc  stm32f3xx_hal_tim.o [1]
TIM_TI4_SetConfig       0x08003b0d   0x3e  Code  Lc  stm32f3xx_hal_tim.o [1]
UART_AdvFeatureConfig   0x08005595   0xda  Code  Gb  stm32f3xx_hal_uart.o [1]
UART_CheckIdleState     0x0800566f   0x5e  Code  Gb  stm32f3xx_hal_uart.o [1]
UART_EndTransmit_IT     0x08005829   0x20  Code  Gb  stm32f3xx_hal_uart.o [1]
UART_Receive_IT         0x08005849   0x9a  Code  Gb  stm32f3xx_hal_uart.o [1]
UART_SetConfig          0x08005279  0x2fc  Code  Gb  stm32f3xx_hal_uart.o [1]
UART_Transmit_IT        0x080057b9   0x70  Code  Gb  stm32f3xx_hal_uart.o [1]
UART_WaitOnFlagUntilTimeout
                        0x080056cd   0xea  Code  Gb  stm32f3xx_hal_uart.o [1]
USART3_IRQHandler       0x08006487    0xa  Code  Gb  stm32f3xx_it.o [1]
UartReady               0x20000eac    0x1  Data  Gb  main.o [1]
_Close_all              0x08006315   0x58  Code  Gb  xcloseall.o [3]
_EncodingSb_Mbtowc      0x08001f13   0x30  Code  Gb  xencoding_sb.o [3]
_EncodingSb_Mbtowc::initial
                        0x08001f50    0x8  Data  Lc  xencoding_sb.o [3]
_EncodingSb_Wctomb      0x08001ef9   0x1a  Code  Gb  xencoding_sb.o [3]
_EncodingSb_Wctomb::initial
                        0x08001f48    0x8  Data  Lc  xencoding_sb.o [3]
_Files                  0x200000c4   0x20  Data  Gb  xfiles.o [3]
_Fofree                 0x080061e9   0x78  Code  Gb  xfofind.o [3]
_Fspos                  0x08005c2d   0xd6  Code  Gb  xfspos.o [3]
_Fwprep                 0x08005fcd   0xb8  Code  Gb  xfwprep.o [3]
_GenldFull              0x08001085  0x254  Code  Lc  xprintffull.o [3]
_IsdstStr               0x2000017c    0x4  Data  Gb  setlocale.o [3]
_LdtobFull              0x08000c85  0x3fa  Code  Lc  xprintffull.o [3]
_LitobFull              0x08000b79  0x10a  Code  Lc  xprintffull.o [3]
_LocaleEncoding         0x08001ee5    0xe  Code  Gb  setlocale.o [3]
_LocaleReturnString     0x2000019c   0x50  Data  Lc  setlocale.o [3]
_Locale_Profile         0x20000180   0x1c  Data  Gb  setlocale.o [3]
_Locale_aeabi_lconv     0x20000140   0x38  Data  Gb  localeconv.o [3]
_Locale_lconv           0x200000f0   0x50  Data  Gb  localeconv.o [3]
_Mbtowc                 0x08001323   0x20  Code  Gb  xmbtowc.o [3]
_Nnl                    0x08005db5    0xc  Code  Gb  xfgpos.o [3]
_PrintfFull             0x08000189  0x660  Code  Gb  xprintffull.o [3]
_Prout                  0x0800656d   0x16  Code  Gb  xprout.o [3]
_PutcharsFull           0x080012d9   0x2e  Code  Lc  xprintffull.o [3]
_PutstrFull             0x0800086d  0x306  Code  Lc  xprintffull.o [3]
_TzoneStr               0x20000178    0x4  Data  Gb  setlocale.o [3]
_Wctomb                 0x080014a9   0x1a  Code  Gb  xwctomb.o [3]
__aeabi_cdcmple         0x080016f1         Code  Gb  DblCmpLe.o [4]
__aeabi_cdrcmple        0x08001721         Code  Gb  DblCmpGe.o [4]
__aeabi_d2iz            0x08001865         Code  Gb  DblToI32.o [4]
__aeabi_d2uiz           0x08001891         Code  Gb  DblToI32.o [4]
__aeabi_ddiv            0x08001c11         Code  Gb  DblDiv.o [4]
__aeabi_dmul            0x08001a6d         Code  Gb  DblMul.o [4]
__aeabi_dsub            0x080018ed         Code  Gb  DblSub.o [4]
__aeabi_errno_addr      0x08005e0d    0x6  Code  Gb  errno.o [3]
__aeabi_i2d             0x080018bd         Code  Gb  I32ToDbl.o [4]
__aeabi_ldiv0           0x08001f85         Code  Gb  I64DivZer.o [5]
__aeabi_ui2d            0x080018d1         Code  Gb  I32ToDbl.o [4]
__aeabi_uldivmod        0x080015bd         Code  Gb  I64DivMod.o [5]
__cexit_closeall        0x0800654b         Code  Gb  cexit.o [5]
__close                 0x080062e3   0x1a  Code  Gb  close.o [6]
__cmain                 0x08006525         Code  Gb  cmain.o [5]
__cstart_closeall       0x08006708         Data  Gb  cstart_closeall.o [5]
__data_Aldata           0x20000e64    0x8  Data  Gb  xxmemxmalloc.o [3]
__data_GetMemChunk      0x08001f59   0x2c  Code  Gb  xgetmemchunk.o [3]
__data_GetMemChunk::start
                        0x20000ea8    0x4  Data  Lc  xgetmemchunk.o [3]
__dwrite                0x08005ef9   0x1e  Code  Gb  dwrite.o [6]
__exit                  0x08006559   0x14  Code  Gb  exit.o [6]
__iar_Dnorm             0x080016ab   0x44  Code  Gb  xdnorm.o [4]
__iar_Dscale            0x08001751  0x114  Code  Gb  xdscale.o [4]
__iar_Errno             0x200000ec    0x4  Data  Gb  errno.o [3]
__iar_Locale_lconv_init
                        0x08001e69   0x3a  Code  Gb  localeconv.o [3]
__iar_Lockfilelock      0x08005e19    0x2  Code  Gb  xsyslock_nop.o [3]
__iar_Mbcurmax          0x080013ed    0xa  Code  Gb  xmbcurmax.o [3]
__iar_Memchr            0x08001395         Code  Gb  memchr.o [5]
__iar_Stderr            0x20000084   0x40  Data  Gb  xfiles.o [3]
__iar_Stdin             0x20000004   0x40  Data  Gb  xfiles.o [3]
__iar_Stdout            0x20000044   0x40  Data  Gb  xfiles.o [3]
__iar_Strchr            0x08001345         Code  Gb  strchr.o [5]
__iar_Unlockfilelock    0x08005e1b    0x2  Code  Gb  xsyslock_nop.o [3]
__iar_close_ttio        0x08005f59   0x2e  Code  Gb  iarttio.o [6]
__iar_d2uiz             0x0800189d         Code  Gb  DblToI32.o [4]
__iar_dadd              0x08001f89         Code  Gb  DblAdd.o [4]
__iar_data_init3        0x080064b9   0x28  Code  Gb  data_init.o [5]
__iar_dlib_perthread_access
                        0x0800205d    0x2  Code  Gb  xtls.o [3]
__iar_dsub              0x08001901         Code  Gb  DblSub.o [4]
__iar_dsubStart         0x08001913         Code  Gb  DblSub.o [4]
__iar_get_ttio          0x08005f89   0x38  Code  Gb  iarttio.o [6]
__iar_init_vfp          0x080064e1         Code  Gb  fpinit_M.o [4]
__iar_lookup_ttioh      0x08005fc5    0x8  Code  Gb  XShttio.o [3]
__iar_packbits_init_single3
                        0x08006403   0x38  Code  Gb  packbits_init_single.o [5]
__iar_program_start     0x080065dd         Code  Gb  cstartup_M.o [5]
__iar_sh_Discard        0x08005e2d   0x3e  Code  Gb  XShHandles.o [3]
__iar_sh_Move           0x08005e71   0x46  Code  Gb  XShHandles.o [3]
__iar_sh_Pos            0x08005eb7   0x3e  Code  Gb  XShHandles.o [3]
__iar_sh_stdout         0x08005f17   0x20  Code  Gb  iarwstd.o [6]
__iar_sh_write          0x08005f37   0x22  Code  Gb  iarwrite.o [6]
__iar_ttio_handles      0x200000e4    0x8  Data  Lc  XShttio.o [3]
__iar_ui2d              0x080018d5         Code  Gb  I32ToDbl.o [4]
__iar_unaligned___aeabi_memcpy
                        0x080014c5         Code  Gb  ABImemcpy_unaligned.o [5]
__iar_unaligned___aeabi_memcpy4
                        0x080014e5         Code  Gb  ABImemcpy_unaligned.o [5]
__iar_unaligned___aeabi_memcpy8
                        0x080014e5         Code  Gb  ABImemcpy_unaligned.o [5]
__iar_zero_init3        0x080063c3   0x40  Code  Gb  zero_init3.o [5]
__low_level_init        0x0800653f    0x4  Code  Gb  low_level_init.o [3]
__lseek                 0x08005dc1   0x4c  Code  Gb  lseek.o [6]
__vector_table          0x08000000         Data  Gb  startup_stm32f303xc.o [1]
__write                 0x08005e1d   0x10  Code  Gb  write.o [6]
_call_main              0x08006531         Code  Gb  cmain.o [5]
_exit                   0x08006549         Code  Gb  cexit.o [5]
_main                   0x0800653b         Code  Gb  cmain.o [5]
aPLLMULFactorTable      0x08006590   0x10  Data  Gb  stm32f3xx_hal_rcc.o [1]
aPredivFactorTable      0x080065a0   0x10  Data  Gb  stm32f3xx_hal_rcc.o [1]
displayFunction         0x08002455  0x87e  Code  Gb  main.o [1]
displayFunction::number
                        0x20000e5c    0x8  Data  Lc  main.o [1]
displayFunction{6}{7}::last_second
                        0x20000e74    0x4  Data  Lc  main.o [1]
div                     0x08001ed5    0xe  Code  Gb  div.o [3]
ebuf                    0x20000d2c   0x50  Data  Lc  xfiles.o [3]
exit                    0x08006543    0x4  Code  Gb  exit.o [3]
fclose                  0x08006269   0x7a  Code  Gb  fclose.o [3]
fflush                  0x08005d7b   0x34  Code  Gb  fflush.o [3]
fflushOne               0x08005d05   0x76  Code  Lc  fflush.o [3]
fputc                   0x0800636d   0x56  Code  Gb  fputc.o [3]
frame_decoder           0x0800234d  0x104  Code  Gb  main.o [1]
frame_decoder::decoded_frame
                        0x20000b10   0xa0  Data  Lc  main.o [1]
frame_decoder::hej      0x20000e70    0x4  Data  Lc  main.o [1]
free                    0x0800153d   0x7a  Code  Gb  xxmemxfree.o [3]
fseek                   0x08006085   0x22  Code  Gb  fseek.o [3]
hcrc                    0x20000e08   0x24  Data  Gb  crc.o [1]
hrtc                    0x20000e2c   0x20  Data  Gb  main.o [1]
htim1                   0x20000dcc   0x3c  Data  Gb  tim.o [1]
huart3                  0x20000cbc   0x70  Data  Gb  usart.o [1]
localeconv              0x08001ea3   0x16  Code  Gb  localeconv.o [3]
main                    0x08002075   0x28  Code  Gb  main.o [1]
malloc                  0x080013f9   0xac  Code  Gb  xxmemxmalloc.o [3]
memchr                  0x08001395         Code  Gb  memchr.o [5]
obuf                    0x20000d7c   0x50  Data  Lc  xfiles.o [3]
osSystickHandler        0x080064a9   0x10  Code  Gb  cmsis_os.o [1]
printf                  0x08003d81   0x24  Code  Gb  printf.o [3]
prvResetNextTaskUnblockTime
                        0x08005b81   0x26  Code  Lc  tasks.o [1]
putchar                 0x08006585    0xc  Code  Gb  putchar.o [3]
pxCurrentTCB            0x20000e7c    0x4  Data  Gb  tasks.o [1]
pxDelayedTaskList       0x20000e80    0x4  Data  Lc  tasks.o [1]
pxOverflowDelayedTaskList
                        0x20000e84    0x4  Data  Lc  tasks.o [1]
pxReadyTasksLists       0x20000bb0   0x8c  Data  Lc  tasks.o [1]
remove                  0x080062fd   0x16  Code  Gb  remove.o [6]
sFileInfo               0x20000c3c   0x80  Data  Lc  XShHandles.o [3]
strchr                  0x08001345         Code  Gb  strchr.o [5]
strlen                  0x0800135d         Code  Gb  strlen.o [5]
uwTick                  0x20000e78    0x4  Data  Gb  stm32f3xx_hal.o [1]
uxListRemove            0x08005c05   0x28  Code  Gb  list.o [1]
uxPendedTicks           0x20000e94    0x4  Data  Lc  tasks.o [1]
uxSchedulerSuspended    0x20000ea4    0x4  Data  Lc  tasks.o [1]
uxTopReadyPriority      0x20000e8c    0x4  Data  Lc  tasks.o [1]
vListInsertEnd          0x08005bed   0x18  Code  Gb  list.o [1]
vPortEnableVFP          0x08006135         Code  Gb  portasm.o [1]
vPortStartFirstTask     0x0800611d         Code  Gb  portasm.o [1]
vTaskSwitchContext      0x08005af7   0x74  Code  Gb  tasks.o [1]
xNextTaskUnblockTime    0x20000ea0    0x4  Data  Lc  tasks.o [1]
xNumOfOverflows         0x20000e9c    0x4  Data  Lc  tasks.o [1]
xPortSysTickHandler     0x0800643d   0x2c  Code  Gb  port.o [1]
xSchedulerRunning       0x20000e90    0x4  Data  Lc  tasks.o [1]
xTaskGetSchedulerState  0x08005ba7   0x26  Code  Gb  tasks.o [1]
xTaskIncrementTick      0x080059c5  0x132  Code  Gb  tasks.o [1]
xTickCount              0x20000e88    0x4  Data  Lc  tasks.o [1]
xYieldPending           0x20000e98    0x4  Data  Lc  tasks.o [1]


[1] = U:\Downloads\STM32Cube_FW_F3_V1.7.0\Projects\STM32F3-Discovery\My projects\KULUR\Test\Debug\Obj
[2] = command line
[3] = dl7M_tlf.a
[4] = m7M_tls.a
[5] = rt7M_tl.a
[6] = shb_l.a

  26 274 bytes of readonly  code memory
     240 bytes of readonly  data memory
   3 755 bytes of readwrite data memory

Errors: none
Warnings: none
