###############################################################################
#
# IAR ELF Linker V7.80.3.12102/W32 for ARM                22/Feb/2017  12:33:25
# Copyright 2007-2016 IAR Systems AB.
#
#    Output file  =  
#        U:\Downloads\STM32Cube_FW_F3_V1.7.0\Projects\STM32F3-Discovery\My
#        projects\KULUR\Test\Debug\Exe\testKULUR.out
#    Map file     =  
#        U:\Downloads\STM32Cube_FW_F3_V1.7.0\Projects\STM32F3-Discovery\My
#        projects\KULUR\Test\Debug\List\testKULUR.map
#    Command line =  
#        "U:\Downloads\STM32Cube_FW_F3_V1.7.0\Projects\STM32F3-Discovery\My
#        projects\KULUR\Test\Debug\Obj\cmsis_os.o"
#        "U:\Downloads\STM32Cube_FW_F3_V1.7.0\Projects\STM32F3-Discovery\My
#        projects\KULUR\Test\Debug\Obj\crc.o"
#        "U:\Downloads\STM32Cube_FW_F3_V1.7.0\Projects\STM32F3-Discovery\My
#        projects\KULUR\Test\Debug\Obj\croutine.o"
#        "U:\Downloads\STM32Cube_FW_F3_V1.7.0\Projects\STM32F3-Discovery\My
#        projects\KULUR\Test\Debug\Obj\event_groups.o"
#        "U:\Downloads\STM32Cube_FW_F3_V1.7.0\Projects\STM32F3-Discovery\My
#        projects\KULUR\Test\Debug\Obj\freertos.o"
#        "U:\Downloads\STM32Cube_FW_F3_V1.7.0\Projects\STM32F3-Discovery\My
#        projects\KULUR\Test\Debug\Obj\gpio.o"
#        "U:\Downloads\STM32Cube_FW_F3_V1.7.0\Projects\STM32F3-Discovery\My
#        projects\KULUR\Test\Debug\Obj\heap_4.o"
#        "U:\Downloads\STM32Cube_FW_F3_V1.7.0\Projects\STM32F3-Discovery\My
#        projects\KULUR\Test\Debug\Obj\list.o"
#        "U:\Downloads\STM32Cube_FW_F3_V1.7.0\Projects\STM32F3-Discovery\My
#        projects\KULUR\Test\Debug\Obj\main.o"
#        "U:\Downloads\STM32Cube_FW_F3_V1.7.0\Projects\STM32F3-Discovery\My
#        projects\KULUR\Test\Debug\Obj\port.o"
#        "U:\Downloads\STM32Cube_FW_F3_V1.7.0\Projects\STM32F3-Discovery\My
#        projects\KULUR\Test\Debug\Obj\portasm.o"
#        "U:\Downloads\STM32Cube_FW_F3_V1.7.0\Projects\STM32F3-Discovery\My
#        projects\KULUR\Test\Debug\Obj\queue.o"
#        "U:\Downloads\STM32Cube_FW_F3_V1.7.0\Projects\STM32F3-Discovery\My
#        projects\KULUR\Test\Debug\Obj\rtc.o"
#        "U:\Downloads\STM32Cube_FW_F3_V1.7.0\Projects\STM32F3-Discovery\My
#        projects\KULUR\Test\Debug\Obj\startup_stm32f303xc.o"
#        "U:\Downloads\STM32Cube_FW_F3_V1.7.0\Projects\STM32F3-Discovery\My
#        projects\KULUR\Test\Debug\Obj\stm32f3_discovery.o"
#        "U:\Downloads\STM32Cube_FW_F3_V1.7.0\Projects\STM32F3-Discovery\My
#        projects\KULUR\Test\Debug\Obj\stm32f3xx_hal.o"
#        "U:\Downloads\STM32Cube_FW_F3_V1.7.0\Projects\STM32F3-Discovery\My
#        projects\KULUR\Test\Debug\Obj\stm32f3xx_hal_cortex.o"
#        "U:\Downloads\STM32Cube_FW_F3_V1.7.0\Projects\STM32F3-Discovery\My
#        projects\KULUR\Test\Debug\Obj\stm32f3xx_hal_crc.o"
#        "U:\Downloads\STM32Cube_FW_F3_V1.7.0\Projects\STM32F3-Discovery\My
#        projects\KULUR\Test\Debug\Obj\stm32f3xx_hal_crc_ex.o"
#        "U:\Downloads\STM32Cube_FW_F3_V1.7.0\Projects\STM32F3-Discovery\My
#        projects\KULUR\Test\Debug\Obj\stm32f3xx_hal_dma.o"
#        "U:\Downloads\STM32Cube_FW_F3_V1.7.0\Projects\STM32F3-Discovery\My
#        projects\KULUR\Test\Debug\Obj\stm32f3xx_hal_flash.o"
#        "U:\Downloads\STM32Cube_FW_F3_V1.7.0\Projects\STM32F3-Discovery\My
#        projects\KULUR\Test\Debug\Obj\stm32f3xx_hal_flash_ex.o"
#        "U:\Downloads\STM32Cube_FW_F3_V1.7.0\Projects\STM32F3-Discovery\My
#        projects\KULUR\Test\Debug\Obj\stm32f3xx_hal_gpio.o"
#        "U:\Downloads\STM32Cube_FW_F3_V1.7.0\Projects\STM32F3-Discovery\My
#        projects\KULUR\Test\Debug\Obj\stm32f3xx_hal_i2c.o"
#        "U:\Downloads\STM32Cube_FW_F3_V1.7.0\Projects\STM32F3-Discovery\My
#        projects\KULUR\Test\Debug\Obj\stm32f3xx_hal_i2c_ex.o"
#        "U:\Downloads\STM32Cube_FW_F3_V1.7.0\Projects\STM32F3-Discovery\My
#        projects\KULUR\Test\Debug\Obj\stm32f3xx_hal_msp.o"
#        "U:\Downloads\STM32Cube_FW_F3_V1.7.0\Projects\STM32F3-Discovery\My
#        projects\KULUR\Test\Debug\Obj\stm32f3xx_hal_pwr.o"
#        "U:\Downloads\STM32Cube_FW_F3_V1.7.0\Projects\STM32F3-Discovery\My
#        projects\KULUR\Test\Debug\Obj\stm32f3xx_hal_pwr_ex.o"
#        "U:\Downloads\STM32Cube_FW_F3_V1.7.0\Projects\STM32F3-Discovery\My
#        projects\KULUR\Test\Debug\Obj\stm32f3xx_hal_rcc.o"
#        "U:\Downloads\STM32Cube_FW_F3_V1.7.0\Projects\STM32F3-Discovery\My
#        projects\KULUR\Test\Debug\Obj\stm32f3xx_hal_rcc_ex.o"
#        "U:\Downloads\STM32Cube_FW_F3_V1.7.0\Projects\STM32F3-Discovery\My
#        projects\KULUR\Test\Debug\Obj\stm32f3xx_hal_rtc.o"
#        "U:\Downloads\STM32Cube_FW_F3_V1.7.0\Projects\STM32F3-Discovery\My
#        projects\KULUR\Test\Debug\Obj\stm32f3xx_hal_rtc_ex.o"
#        "U:\Downloads\STM32Cube_FW_F3_V1.7.0\Projects\STM32F3-Discovery\My
#        projects\KULUR\Test\Debug\Obj\stm32f3xx_hal_tim.o"
#        "U:\Downloads\STM32Cube_FW_F3_V1.7.0\Projects\STM32F3-Discovery\My
#        projects\KULUR\Test\Debug\Obj\stm32f3xx_hal_tim_ex.o"
#        "U:\Downloads\STM32Cube_FW_F3_V1.7.0\Projects\STM32F3-Discovery\My
#        projects\KULUR\Test\Debug\Obj\stm32f3xx_hal_uart.o"
#        "U:\Downloads\STM32Cube_FW_F3_V1.7.0\Projects\STM32F3-Discovery\My
#        projects\KULUR\Test\Debug\Obj\stm32f3xx_hal_uart_ex.o"
#        "U:\Downloads\STM32Cube_FW_F3_V1.7.0\Projects\STM32F3-Discovery\My
#        projects\KULUR\Test\Debug\Obj\stm32f3xx_it.o"
#        "U:\Downloads\STM32Cube_FW_F3_V1.7.0\Projects\STM32F3-Discovery\My
#        projects\KULUR\Test\Debug\Obj\system_stm32f3xx.o"
#        "U:\Downloads\STM32Cube_FW_F3_V1.7.0\Projects\STM32F3-Discovery\My
#        projects\KULUR\Test\Debug\Obj\tasks.o"
#        "U:\Downloads\STM32Cube_FW_F3_V1.7.0\Projects\STM32F3-Discovery\My
#        projects\KULUR\Test\Debug\Obj\tim.o"
#        "U:\Downloads\STM32Cube_FW_F3_V1.7.0\Projects\STM32F3-Discovery\My
#        projects\KULUR\Test\Debug\Obj\timers.o"
#        "U:\Downloads\STM32Cube_FW_F3_V1.7.0\Projects\STM32F3-Discovery\My
#        projects\KULUR\Test\Debug\Obj\usart.o" -o
#        "U:\Downloads\STM32Cube_FW_F3_V1.7.0\Projects\STM32F3-Discovery\My
#        projects\KULUR\Test\Debug\Exe\testKULUR.out" --redirect
#        _Printf=_PrintfFull --redirect _Scanf=_ScanfFull --map
#        "U:\Downloads\STM32Cube_FW_F3_V1.7.0\Projects\STM32F3-Discovery\My
#        projects\KULUR\Test\Debug\List\testKULUR.map" --config
#        "U:\Downloads\STM32Cube_FW_F3_V1.7.0\Projects\STM32F3-Discovery\My
#        projects\KULUR\Test\stm32f303xc_flash.icf" --semihosting --entry
#        __iar_program_start --vfe
#
###############################################################################

*******************************************************************************
*** RUNTIME MODEL ATTRIBUTES
***

CppFlavor                     = *
__Heap_Handler                = Basic
__SystemLibrary               = DLib
__dlib_dynamic_initialization = normal


*******************************************************************************
*** PLACEMENT SUMMARY
***

"A0":  place at 0x08000000 { ro section .intvec };
"P1":  place in [from 0x08000000 to 0x0803ffff] { ro };
"P2":  place in [from 0x20000000 to 0x20009fff] { rw, block CSTACK, block HEAP };
initialize by copy { rw };

  Section             Kind        Address    Size  Object
  -------             ----        -------    ----  ------
"A0":                                       0x188
  .intvec             ro code  0x08000000   0x188  startup_stm32f303xc.o [1]
                             - 0x08000188   0x188

"P1":                                      0x5f62
  .text               ro code  0x08000188  0x119a  xprintffull.o [3]
  .text               ro code  0x08001322    0x20  xmbtowc.o [3]
  .text               ro code  0x08001344    0x16  strchr.o [5]
  .text               ro code  0x0800135c    0x36  strlen.o [5]
  .text               ro code  0x08001394    0x58  memchr.o [5]
  .text               ro code  0x080013ec     0xa  xmbcurmax.o [3]
  .text               ro code  0x080013f8    0xb0  xxmemxmalloc.o [3]
  .text               ro code  0x080014a8    0x1a  xwctomb.o [3]
  .text               ro code  0x080014c4    0x76  ABImemcpy_unaligned.o [5]
  .text               ro code  0x0800153c    0x80  xxmemxfree.o [3]
  .text               ro code  0x080015bc    0xee  I64DivMod.o [5]
  .text               ro code  0x080016aa    0x44  xdnorm.o [4]
  .text               ro code  0x080016f0    0x2e  DblCmpLe.o [4]
  .text               ro code  0x08001720    0x2e  DblCmpGe.o [4]
  .text               ro code  0x08001750   0x114  xdscale.o [4]
  .text               ro code  0x08001864    0x58  DblToI32.o [4]
  .text               ro code  0x080018bc    0x30  I32ToDbl.o [4]
  .text               ro code  0x080018ec   0x180  DblSub.o [4]
  .text               ro code  0x08001a6c   0x1a2  DblMul.o [4]
  .text               ro code  0x08001c10   0x256  DblDiv.o [4]
  .text               ro code  0x08001e68    0x6c  localeconv.o [3]
  .text               ro code  0x08001ed4     0xe  div.o [3]
  .text               ro code  0x08001ee4    0x24  setlocale.o [3]
  .text               ro code  0x08001f08    0x60  xencoding_sb.o [3]
  .text               ro code  0x08001f68    0x2c  xgetmemchunk.o [3]
  .text               ro code  0x08001f94     0x2  I64DivZer.o [5]
  .text               ro code  0x08001f98    0xd4  DblAdd.o [4]
  .text               ro code  0x0800206c     0x2  xtls.o [3]
  .text               ro code  0x08002070   0xebc  main.o [1]
  .text               ro code  0x08002f2c    0x24  stm32f3xx_hal.o [1]
  .text               ro code  0x08002f50   0x198  gpio.o [1]
  .text               ro code  0x080030e8    0x9c  usart.o [1]
  .text               ro code  0x08003184    0x4c  rtc.o [1]
  .text               ro code  0x080031d0   0x134  tim.o [1]
  .text               ro code  0x08003304    0x64  crc.o [1]
  .text               ro code  0x08003368   0x5ec  stm32f3xx_hal_uart.o [1]
  .text               ro code  0x08003954    0x3a  ABImemset48.o [5]
  .text               ro code  0x08003990   0x190  stm32f3xx_hal_gpio.o [1]
  .text               ro code  0x08003b20    0x18  stm32f3xx_hal.o [1]
  .text               ro code  0x08003b38   0x77e  stm32f3xx_hal_tim.o [1]
  .text               ro code  0x080042b8    0x24  printf.o [3]
  .text               ro code  0x080042dc   0x184  stm32f3xx_hal_crc.o [1]
  .text               ro code  0x08004460    0x4c  strtok.o [3]
  .text               ro code  0x080044ac     0x8  atoi.o [3]
  .text               ro code  0x080044b4    0x66  ABImemset.o [5]
  .text               ro code  0x0800451c   0x38e  stm32f3xx_hal_rtc.o [1]
  .text               ro code  0x080048ac     0xc  stm32f3xx_hal_rtc_ex.o [1]
  .text               ro code  0x080048b8   0x53c  stm32f3xx_hal_rcc.o [1]
  .text               ro code  0x08004df4   0x1bc  stm32f3xx_hal_rcc_ex.o [1]
  .text               ro code  0x08004fb0   0x104  stm32f3xx_hal_cortex.o [1]
  .text               ro code  0x080050b4    0x28  stm32f3xx_hal.o [1]
  .text               ro code  0x080050dc    0x78  stm32f3xx_hal_msp.o [1]
  .text               ro code  0x08005154    0x58  stm32f3xx_hal_tim_ex.o [1]
  .text               ro code  0x080051ac     0xc  stm32f3xx_hal.o [1]
  .text               ro code  0x080051b8     0x2  stm32f3xx_hal_tim.o [1]
  .text               ro code  0x080051ba     0x2  stm32f3xx_hal_tim.o [1]
  .text               ro code  0x080051bc     0x2  stm32f3xx_hal_tim.o [1]
  .text               ro code  0x080051be     0x2  stm32f3xx_hal_tim.o [1]
  .text               ro code  0x080051c0     0x2  stm32f3xx_hal_tim_ex.o [1]
  .text               ro code  0x080051c2     0x2  stm32f3xx_hal_tim.o [1]
  .text               ro code  0x080051c4     0x2  stm32f3xx_hal_tim_ex.o [1]
  .text               ro code  0x080051c6    0x4a  stm32f3xx_hal_crc_ex.o [1]
  .text               ro code  0x08005210    0x24  strspn.o [3]
  .text               ro code  0x08005234    0x24  strcspn.o [3]
  .text               ro code  0x08005258   0x198  xstoul.o [3]
  .text               ro code  0x080053f0    0x14  isxxx.o [3]
  .text               ro code  0x08005404    0x14  tolower.o [3]
  .text               ro code  0x08005418     0xc  errno.o [3]
  .text               ro code  0x08005424    0x14  xlocale_c.o [3]
  .text               ro code  0x08005438     0xc  xlocale_c.o [3]
  .text               ro code  0x08005444   0x178  tasks.o [1]
  .text               ro code  0x080055bc    0x3c  list.o [1]
  .text               ro code  0x080055f8    0xd6  xfspos.o [3]
  .text               ro code  0x080056d0    0xb0  fflush.o [3]
  .text               ro code  0x08005780     0xc  xfgpos.o [3]
  .text               ro code  0x0800578c    0x4c  lseek.o [6]
  .text               ro code  0x080057d8     0x4  xsyslock_nop.o [3]
  .text               ro code  0x080057dc    0x10  write.o [6]
  .text               ro code  0x080057ec    0xcc  XShHandles.o [3]
  .text               ro code  0x080058b8    0x1e  dwrite.o [6]
  .text               ro code  0x080058d6    0x20  iarwstd.o [6]
  .text               ro code  0x080058f6    0x22  iarwrite.o [6]
  .text               ro code  0x08005918    0x6c  iarttio.o [6]
  .text               ro code  0x08005984     0x8  XShttio.o [3]
  .text               ro code  0x0800598c    0xb8  xfwprep.o [3]
  .text               ro code  0x08005a44    0x22  fseek.o [3]
  CODE                ro code  0x08005a68    0xa8  portasm.o [1]
  .text               ro code  0x08005b10    0x80  xfofind.o [3]
  .text               ro code  0x08005b90    0x7c  system_stm32f3xx.o [1]
  .text               ro code  0x08005c0c    0x7a  fclose.o [3]
  .text               ro code  0x08005c86    0x1a  close.o [6]
  .text               ro code  0x08005ca0    0x16  remove.o [6]
  .text               ro code  0x08005cb8    0x58  xcloseall.o [3]
  .text               ro code  0x08005d10    0x56  fputc.o [3]
  .text               ro code  0x08005d66    0x40  zero_init3.o [5]
  .text               ro code  0x08005da6    0x38  packbits_init_single.o [5]
  .text               ro code  0x08005de0    0x2c  port.o [1]
  .text               ro code  0x08005e0c    0x28  data_init.o [5]
  .text               ro code  0x08005e34    0x22  fpinit_M.o [4]
  .iar.init_table     const    0x08005e58    0x20  - Linker created -
  .text               ro code  0x08005e78    0x1a  cmain.o [5]
  .text               ro code  0x08005e92     0x4  low_level_init.o [3]
  .text               ro code  0x08005e96     0x4  exit.o [3]
  .text               ro code  0x08005e9c     0xe  cexit.o [5]
  .text               ro code  0x08005eac    0x14  exit.o [6]
  .text               ro code  0x08005ec0    0x18  stm32f3xx_it.o [1]
  .text               ro code  0x08005ed8    0x10  stm32f3xx_hal.o [1]
  .text               ro code  0x08005ee8    0x14  cmsis_os.o [1]
  .text               ro code  0x08005efc    0x16  xprout.o [3]
  .text               ro code  0x08005f14     0xc  putchar.o [3]
  .text               ro code  0x08005f20    0x10  startup_stm32f303xc.o [1]
  .text               ro code  0x08005f30     0xc  cstartup_M.o [5]
  .rodata             const    0x08005f3c     0x8  system_stm32f3xx.o [1]
  .text               ro code  0x08005f44     0x4  startup_stm32f303xc.o [1]
  .text               ro code  0x08005f48     0x4  startup_stm32f303xc.o [1]
  .text               ro code  0x08005f4c     0x4  startup_stm32f303xc.o [1]
  .text               ro code  0x08005f50     0x4  startup_stm32f303xc.o [1]
  .text               ro code  0x08005f54     0x4  startup_stm32f303xc.o [1]
  .text               ro code  0x08005f58     0x4  startup_stm32f303xc.o [1]
  .text               ro code  0x08005f5c     0x4  startup_stm32f303xc.o [1]
  .text               ro code  0x08005f60     0x4  startup_stm32f303xc.o [1]
  .text               ro code  0x08005f64     0x4  startup_stm32f303xc.o [1]
  .text               ro code  0x08005f68     0x4  startup_stm32f303xc.o [1]
  .text               ro code  0x08005f6c     0x4  startup_stm32f303xc.o [1]
  .text               ro code  0x08005f70     0x4  startup_stm32f303xc.o [1]
  .text               ro code  0x08005f74     0x4  startup_stm32f303xc.o [1]
  .text               ro code  0x08005f78     0x4  startup_stm32f303xc.o [1]
  .text               ro code  0x08005f7c     0x4  startup_stm32f303xc.o [1]
  .text               ro code  0x08005f80     0x4  startup_stm32f303xc.o [1]
  .text               ro code  0x08005f84     0x4  startup_stm32f303xc.o [1]
  .text               ro code  0x08005f88     0x4  startup_stm32f303xc.o [1]
  .text               ro code  0x08005f8c     0x4  startup_stm32f303xc.o [1]
  .text               ro code  0x08005f90     0x4  startup_stm32f303xc.o [1]
  .text               ro code  0x08005f94     0x4  startup_stm32f303xc.o [1]
  .text               ro code  0x08005f98     0x4  startup_stm32f303xc.o [1]
  .text               ro code  0x08005f9c     0x4  startup_stm32f303xc.o [1]
  .text               ro code  0x08005fa0     0x4  startup_stm32f303xc.o [1]
  .text               ro code  0x08005fa4     0x4  startup_stm32f303xc.o [1]
  .text               ro code  0x08005fa8     0x4  startup_stm32f303xc.o [1]
  .text               ro code  0x08005fac     0x4  startup_stm32f303xc.o [1]
  .text               ro code  0x08005fb0     0x4  startup_stm32f303xc.o [1]
  .text               ro code  0x08005fb4     0x4  startup_stm32f303xc.o [1]
  .text               ro code  0x08005fb8     0x4  startup_stm32f303xc.o [1]
  .text               ro code  0x08005fbc     0x4  startup_stm32f303xc.o [1]
  .text               ro code  0x08005fc0     0x4  startup_stm32f303xc.o [1]
  .text               ro code  0x08005fc4     0x4  startup_stm32f303xc.o [1]
  .text               ro code  0x08005fc8     0x4  startup_stm32f303xc.o [1]
  .text               ro code  0x08005fcc     0x4  startup_stm32f303xc.o [1]
  .text               ro code  0x08005fd0     0x4  startup_stm32f303xc.o [1]
  .text               ro code  0x08005fd4     0x4  startup_stm32f303xc.o [1]
  .text               ro code  0x08005fd8     0x4  startup_stm32f303xc.o [1]
  .text               ro code  0x08005fdc     0x4  startup_stm32f303xc.o [1]
  .text               ro code  0x08005fe0     0x4  startup_stm32f303xc.o [1]
  .text               ro code  0x08005fe4     0x4  startup_stm32f303xc.o [1]
  .text               ro code  0x08005fe8     0x4  startup_stm32f303xc.o [1]
  .text               ro code  0x08005fec     0x4  startup_stm32f303xc.o [1]
  .text               ro code  0x08005ff0     0x4  startup_stm32f303xc.o [1]
  .text               ro code  0x08005ff4     0x4  startup_stm32f303xc.o [1]
  .text               ro code  0x08005ff8     0x4  startup_stm32f303xc.o [1]
  .text               ro code  0x08005ffc     0x4  startup_stm32f303xc.o [1]
  .text               ro code  0x08006000     0x4  startup_stm32f303xc.o [1]
  .text               ro code  0x08006004     0x4  startup_stm32f303xc.o [1]
  .text               ro code  0x08006008     0x4  startup_stm32f303xc.o [1]
  .text               ro code  0x0800600c     0x4  startup_stm32f303xc.o [1]
  .text               ro code  0x08006010     0x4  startup_stm32f303xc.o [1]
  .text               ro code  0x08006014     0x4  startup_stm32f303xc.o [1]
  .text               ro code  0x08006018     0x4  startup_stm32f303xc.o [1]
  .text               ro code  0x0800601c     0x4  startup_stm32f303xc.o [1]
  .text               ro code  0x08006020     0x4  startup_stm32f303xc.o [1]
  .text               ro code  0x08006024     0x4  startup_stm32f303xc.o [1]
  .text               ro code  0x08006028     0x4  startup_stm32f303xc.o [1]
  .text               ro code  0x0800602c     0x4  startup_stm32f303xc.o [1]
  .text               ro code  0x08006030     0x4  startup_stm32f303xc.o [1]
  .text               ro code  0x08006034     0x4  startup_stm32f303xc.o [1]
  .text               ro code  0x08006038     0x4  startup_stm32f303xc.o [1]
  .text               ro code  0x0800603c     0x4  startup_stm32f303xc.o [1]
  .text               ro code  0x08006040     0x4  startup_stm32f303xc.o [1]
  .text               ro code  0x08006044     0x4  startup_stm32f303xc.o [1]
  .text               ro code  0x08006048     0x4  startup_stm32f303xc.o [1]
  .text               ro code  0x0800604c     0x4  startup_stm32f303xc.o [1]
  .text               ro code  0x08006050     0x4  startup_stm32f303xc.o [1]
  .text               ro code  0x08006054     0x4  startup_stm32f303xc.o [1]
  .text               ro code  0x08006058     0x4  startup_stm32f303xc.o [1]
  .text               ro code  0x0800605c     0x4  startup_stm32f303xc.o [1]
  .text               ro code  0x08006060     0x0  cstart_closeall.o [5]
  .rodata             const    0x08006060     0x0  zero_init3.o [5]
  .rodata             const    0x08006060     0x0  packbits_init_single.o [5]
  Initializer bytes   const    0x08006060    0x8a  <for P2-1>
                             - 0x080060ea  0x5f62

"P2", part 1 of 3:                          0x1f0
  P2-1                         0x20000000   0x1f0  <Init block>
    .data             inited   0x20000000     0x4  system_stm32f3xx.o [1]
    .data             inited   0x20000004    0x40  xfiles.o [3]
    .data             inited   0x20000044    0x40  xfiles.o [3]
    .data             inited   0x20000084    0x40  xfiles.o [3]
    .data             inited   0x200000c4    0x20  xfiles.o [3]
    .data             inited   0x200000e4     0x8  XShttio.o [3]
    __DLIB_PERTHREAD  inited   0x200000ec     0x4  strtok.o [3]
    __DLIB_PERTHREAD  inited   0x200000f0     0x4  errno.o [3]
    __DLIB_PERTHREAD  inited   0x200000f4    0x88  localeconv.o [3]
    __DLIB_PERTHREAD  inited   0x2000017c    0x74  setlocale.o [3]
                             - 0x200001f0   0x1f0

"P2", part 2 of 3:                          0x600
  CSTACK                       0x200001f0   0x400  <Block>
    CSTACK            uninit   0x200001f0   0x400  <Block tail>
  HEAP                         0x200005f0   0x200  <Block>
    HEAP              uninit   0x200005f0   0x200  <Block tail>
                             - 0x200007f0   0x600

"P2", part 3 of 3:                          0x4d0
  .bss                zero     0x200007f0    0xcc  main.o [1]
  .bss                zero     0x200008bc    0xa2  main.o [1]
  .bss                zero     0x20000960    0x9c  tasks.o [1]
  .bss                zero     0x200009fc    0x8c  tasks.o [1]
  .bss                zero     0x20000a88    0x80  XShHandles.o [3]
  .bss                zero     0x20000b08    0x70  usart.o [1]
  .bss                zero     0x20000b78    0x50  xfiles.o [3]
  .bss                zero     0x20000bc8    0x50  xfiles.o [3]
  .bss                zero     0x20000c18    0x3c  tim.o [1]
  .bss                zero     0x20000c54    0x24  crc.o [1]
  .bss                zero     0x20000c78    0x20  main.o [1]
  .bss                zero     0x20000c98    0x10  main.o [1]
  .bss                zero     0x20000ca8     0x8  main.o [1]
  .bss                zero     0x20000cb0     0x8  xxmemxmalloc.o [3]
  .bss                zero     0x20000cb8     0x4  stm32f3xx_hal.o [1]
  .bss                zero     0x20000cbc     0x4  xgetmemchunk.o [3]
                             - 0x20000cc0   0x4d0


*******************************************************************************
*** INIT TABLE
***

          Address     Size
          -------     ----
Zero (__iar_zero_init3)
    1 destination range, total size 0x4d0:
          0x200007f0  0x4d0

Copy/packbits (__iar_packbits_init_single3)
    1 source range, total size 0x8a (27% of destination):
          0x08006060   0x8a
    1 destination range, total size 0x1f0:
          0x20000000  0x1f0



*******************************************************************************
*** MODULE SUMMARY
***

    Module                  ro code  ro data  rw data
    ------                  -------  -------  -------
U:\Downloads\STM32Cube_FW_F3_V1.7.0\Projects\STM32F3-Discovery\My projects\KULUR\Test\Debug\Obj: [1]
    cmsis_os.o                   20
    crc.o                       100                36
    gpio.o                      408
    list.o                       60
    main.o                    3 772               422
    port.o                       44
    portasm.o                   168
    rtc.o                        76
    startup_stm32f303xc.o       692
    stm32f3xx_hal.o             128                 4
    stm32f3xx_hal_cortex.o      260
    stm32f3xx_hal_crc.o         388
    stm32f3xx_hal_crc_ex.o       74
    stm32f3xx_hal_gpio.o        400
    stm32f3xx_hal_msp.o         120
    stm32f3xx_hal_rcc.o       1 340
    stm32f3xx_hal_rcc_ex.o      444
    stm32f3xx_hal_rtc.o         910
    stm32f3xx_hal_rtc_ex.o       12
    stm32f3xx_hal_tim.o       1 928
    stm32f3xx_hal_tim_ex.o       92
    stm32f3xx_hal_uart.o      1 516
    stm32f3xx_it.o               24
    system_stm32f3xx.o          124        9        4
    tasks.o                     376               296
    tim.o                       308                60
    usart.o                     156               112
    -------------------------------------------------
    Total:                   13 940        9      934

command line: [2]
    -------------------------------------------------
    Total:

dl7M_tlf.a: [3]
    XShHandles.o                204               128
    XShttio.o                     8        2        8
    atoi.o                        8
    div.o                        14
    errno.o                      12        1        4
    exit.o                        4
    fclose.o                    122
    fflush.o                    176
    fputc.o                      86
    fseek.o                      34
    isxxx.o                      20
    localeconv.o                108       38      136
    low_level_init.o              4
    printf.o                     36
    putchar.o                    12
    setlocale.o                  36       33      116
    strcspn.o                    36
    strspn.o                     36
    strtok.o                     76        1        4
    tolower.o                    20
    xcloseall.o                  88
    xencoding_sb.o               96
    xfgpos.o                     12
    xfiles.o                              62      384
    xfofind.o                   128
    xfspos.o                    214
    xfwprep.o                   184
    xgetmemchunk.o               44                 4
    xlocale_c.o                  32
    xmbcurmax.o                  10
    xmbtowc.o                    32
    xprintffull.o             4 506
    xprout.o                     22
    xstoul.o                    408
    xsyslock_nop.o                4
    xtls.o                        2
    xwctomb.o                    26
    xxmemxfree.o                128
    xxmemxmalloc.o              176                 8
    -------------------------------------------------
    Total:                    7 164      137      792

m7M_tls.a: [4]
    DblAdd.o                    212
    DblCmpGe.o                   46
    DblCmpLe.o                   46
    DblDiv.o                    598
    DblMul.o                    418
    DblSub.o                    384
    DblToI32.o                   88
    I32ToDbl.o                   48
    fpinit_M.o                   34
    xdnorm.o                     68
    xdscale.o                   276
    -------------------------------------------------
    Total:                    2 218

rt7M_tl.a: [5]
    ABImemcpy_unaligned.o       118
    ABImemset.o                 102
    ABImemset48.o                58
    I64DivMod.o                 238
    I64DivZer.o                   2
    cexit.o                      14
    cmain.o                      26
    cstart_closeall.o
    cstartup_M.o                 12
    data_init.o                  40
    memchr.o                     88
    packbits_init_single.o       56
    strchr.o                     22
    strlen.o                     54
    zero_init3.o                 64
    -------------------------------------------------
    Total:                      894

shb_l.a: [6]
    close.o                      26
    dwrite.o                     30
    exit.o                       20
    iarttio.o                   108
    iarwrite.o                   34
    iarwstd.o                    32
    lseek.o                      76
    remove.o                     22
    write.o                      16
    -------------------------------------------------
    Total:                      364

    Gaps                         50        2        2
    Linker created                        32    1 536
-----------------------------------------------------
    Grand Total:             24 630      180    3 264


*******************************************************************************
*** ENTRY LIST
***

Entry                      Address   Size  Type      Object
-----                      -------   ----  ----      ------
.iar.init_table$$Base   0x08005e58          --   Gb  - Linker created -
.iar.init_table$$Limit  0x08005e78          --   Gb  - Linker created -
?main                   0x08005e79         Code  Gb  cmain.o [5]
AHBPrescTable           0x08005bfc   0x10  Data  Gb  system_stm32f3xx.o [1]
APBPrescTable           0x08005f3c    0x8  Data  Gb  system_stm32f3xx.o [1]
CRC_Handle_16           0x0800442d   0x34  Code  Lc  stm32f3xx_hal_crc.o [1]
CRC_Handle_8            0x080043bb   0x72  Code  Lc  stm32f3xx_hal_crc.o [1]
CSTACK$$Base            0x200001f0          --   Gb  - Linker created -
CSTACK$$Limit           0x200005f0          --   Gb  - Linker created -
Error_Handler           0x08002d59    0x2  Code  Gb  main.o [1]
HAL_CRCEx_Polynomial_Set
                        0x080051c7   0x4a  Code  Gb  stm32f3xx_hal_crc_ex.o [1]
HAL_CRC_Calculate       0x0800435d   0x5e  Code  Gb  stm32f3xx_hal_crc.o [1]
HAL_CRC_Init            0x080042dd   0x7a  Code  Gb  stm32f3xx_hal_crc.o [1]
HAL_CRC_MspInit         0x08003339   0x22  Code  Gb  crc.o [1]
HAL_Delay               0x08003b21   0x18  Code  Wk  stm32f3xx_hal.o [1]
HAL_GPIO_Init           0x08003991  0x15e  Code  Gb  stm32f3xx_hal_gpio.o [1]
HAL_GPIO_TogglePin      0x08003afb    0x8  Code  Gb  stm32f3xx_hal_gpio.o [1]
HAL_GPIO_WritePin       0x08003aef    0xc  Code  Gb  stm32f3xx_hal_gpio.o [1]
HAL_GetTick             0x080051ad    0xc  Code  Wk  stm32f3xx_hal.o [1]
HAL_IncTick             0x08005ed9   0x10  Code  Wk  stm32f3xx_hal.o [1]
HAL_Init                0x08002f2d   0x20  Code  Gb  stm32f3xx_hal.o [1]
HAL_InitTick            0x080050b5   0x28  Code  Wk  stm32f3xx_hal.o [1]
HAL_MspInit             0x080050dd   0x78  Code  Gb  stm32f3xx_hal_msp.o [1]
HAL_NVIC_EnableIRQ      0x0800507f    0x2  Code  Gb  stm32f3xx_hal_cortex.o [1]
HAL_NVIC_SetPriority    0x08005061   0x1e  Code  Gb  stm32f3xx_hal_cortex.o [1]
HAL_NVIC_SetPriorityGrouping
                        0x0800505f    0x2  Code  Gb  stm32f3xx_hal_cortex.o [1]
HAL_RCCEx_PeriphCLKConfig
                        0x08004df5  0x1b0  Code  Gb  stm32f3xx_hal_rcc_ex.o [1]
HAL_RCC_ClockConfig     0x08004bf9  0x142  Code  Gb  stm32f3xx_hal_rcc.o [1]
HAL_RCC_GetHCLKFreq     0x08004d75    0x6  Code  Gb  stm32f3xx_hal_rcc.o [1]
HAL_RCC_GetPCLK1Freq    0x08004d7b   0x16  Code  Gb  stm32f3xx_hal_rcc.o [1]
HAL_RCC_GetPCLK2Freq    0x08004d91   0x16  Code  Gb  stm32f3xx_hal_rcc.o [1]
HAL_RCC_GetSysClockFreq
                        0x08004d3b   0x3a  Code  Gb  stm32f3xx_hal_rcc.o [1]
HAL_RCC_OscConfig       0x080048b9  0x340  Code  Gb  stm32f3xx_hal_rcc.o [1]
HAL_RTCEx_BKUPWrite     0x080048ad    0xc  Code  Gb  stm32f3xx_hal_rtc_ex.o [1]
HAL_RTC_GetDate         0x080047c7   0x48  Code  Gb  stm32f3xx_hal_rtc.o [1]
HAL_RTC_GetTime         0x0800469d   0x5a  Code  Gb  stm32f3xx_hal_rtc.o [1]
HAL_RTC_Init            0x0800451d   0x9a  Code  Gb  stm32f3xx_hal_rtc.o [1]
HAL_RTC_MspInit         0x080031b3   0x10  Code  Gb  rtc.o [1]
HAL_RTC_SetDate         0x080046f7   0xd0  Code  Gb  stm32f3xx_hal_rtc.o [1]
HAL_RTC_SetTime         0x080045b7   0xe6  Code  Gb  stm32f3xx_hal_rtc.o [1]
HAL_RTC_WaitForSynchro  0x0800481d   0x30  Code  Gb  stm32f3xx_hal_rtc.o [1]
HAL_SYSTICK_CLKSourceConfig
                        0x08005083   0x18  Code  Gb  stm32f3xx_hal_cortex.o [1]
HAL_SYSTICK_Config      0x08005081    0x2  Code  Gb  stm32f3xx_hal_cortex.o [1]
HAL_TIMEx_BreakCallback
                        0x080051c1    0x2  Code  Wk  stm32f3xx_hal_tim_ex.o [1]
HAL_TIMEx_CommutationCallback
                        0x080051c5    0x2  Code  Wk  stm32f3xx_hal_tim_ex.o [1]
HAL_TIMEx_MasterConfigSynchronization
                        0x08005155   0x50  Code  Gb  stm32f3xx_hal_tim_ex.o [1]
HAL_TIM_Base_Init       0x08003b39   0x32  Code  Gb  stm32f3xx_hal_tim.o [1]
HAL_TIM_Base_MspInit    0x080032a3   0x54  Code  Gb  tim.o [1]
HAL_TIM_ConfigClockSource
                        0x08003e61  0x104  Code  Gb  stm32f3xx_hal_tim.o [1]
HAL_TIM_IC_CaptureCallback
                        0x0800218d   0xac  Code  Gb  main.o [1]
HAL_TIM_IC_CaptureCallback::bit_counter
                        0x200007f0    0x1  Data  Lc  main.o [1]
HAL_TIM_IC_CaptureCallback::duty_in_microseconds
                        0x200007f4    0x4  Data  Lc  main.o [1]
HAL_TIM_IC_CaptureCallback::interrupt_counter
                        0x200007f1    0x1  Data  Lc  main.o [1]
HAL_TIM_IC_CaptureCallback::preamble_bits
                        0x200007f8   0x24  Data  Lc  main.o [1]
HAL_TIM_IC_CaptureCallback::preamble_flag
                        0x200007f2    0x1  Data  Lc  main.o [1]
HAL_TIM_IC_CaptureCallback::radio_frame
                        0x2000081c   0xa0  Data  Lc  main.o [1]
HAL_TIM_IC_ConfigChannel
                        0x08003db7   0xaa  Code  Gb  stm32f3xx_hal_tim.o [1]
HAL_TIM_IC_Init         0x08003b6b   0x32  Code  Gb  stm32f3xx_hal_tim.o [1]
HAL_TIM_IC_MspInit      0x080051b9    0x2  Code  Wk  stm32f3xx_hal_tim.o [1]
HAL_TIM_IC_Start_IT     0x08003b9d   0x5a  Code  Gb  stm32f3xx_hal_tim.o [1]
HAL_TIM_IC_Stop_IT      0x08003bf7   0x6e  Code  Gb  stm32f3xx_hal_tim.o [1]
HAL_TIM_IRQHandler      0x08003c65  0x152  Code  Gb  stm32f3xx_hal_tim.o [1]
HAL_TIM_OC_DelayElapsedCallback
                        0x080051bb    0x2  Code  Wk  stm32f3xx_hal_tim.o [1]
HAL_TIM_PWM_PulseFinishedCallback
                        0x080051bd    0x2  Code  Wk  stm32f3xx_hal_tim.o [1]
HAL_TIM_PeriodElapsedCallback
                        0x080051bf    0x2  Code  Wk  stm32f3xx_hal_tim.o [1]
HAL_TIM_ReadCapturedValue
                        0x08003fab   0x46  Code  Gb  stm32f3xx_hal_tim.o [1]
HAL_TIM_SlaveConfigSynchronization
                        0x08003f6d   0x3e  Code  Gb  stm32f3xx_hal_tim.o [1]
HAL_TIM_TriggerCallback
                        0x080051c3    0x2  Code  Wk  stm32f3xx_hal_tim.o [1]
HAL_UART_Init           0x08003369   0x6a  Code  Gb  stm32f3xx_hal_uart.o [1]
HAL_UART_MspInit        0x0800311f   0x54  Code  Gb  usart.o [1]
HAL_UART_Receive_IT     0x080034b9   0x8c  Code  Gb  stm32f3xx_hal_uart.o [1]
HAL_UART_Transmit       0x080033d3   0x9a  Code  Gb  stm32f3xx_hal_uart.o [1]
HAL_UART_Transmit_IT    0x0800346d   0x4c  Code  Gb  stm32f3xx_hal_uart.o [1]
HEAP$$Base              0x200005f0          --   Gb  - Linker created -
HEAP$$Limit             0x200007f0          --   Gb  - Linker created -
LoadInt                 0x080007ff   0x6e  Code  Lc  xprintffull.o [3]
MX_CRC_Init             0x08003305   0x34  Code  Gb  crc.o [1]
MX_GPIO_Init            0x08002f51  0x198  Code  Gb  gpio.o [1]
MX_RTC_Init             0x08003185   0x2e  Code  Gb  rtc.o [1]
MX_TIM1_Init            0x080031d1   0xd2  Code  Gb  tim.o [1]
MX_USART3_UART_Init     0x080030e9   0x36  Code  Gb  usart.o [1]
NVIC_EnableIRQ          0x08004fd5   0x12  Code  Lc  stm32f3xx_hal_cortex.o [1]
NVIC_EncodePriority     0x08005001   0x36  Code  Lc  stm32f3xx_hal_cortex.o [1]
NVIC_GetPriorityGrouping
                        0x08004fcb    0xa  Code  Lc  stm32f3xx_hal_cortex.o [1]
NVIC_SetPriority        0x08004fe7   0x1a  Code  Lc  stm32f3xx_hal_cortex.o [1]
NVIC_SetPriorityGrouping
                        0x08004fb1   0x1a  Code  Lc  stm32f3xx_hal_cortex.o [1]
PendSV_Handler          0x08005a69         Code  Gb  portasm.o [1]
RTC_Bcd2ToByte          0x08004897   0x14  Code  Gb  stm32f3xx_hal_rtc.o [1]
RTC_ByteToBcd2          0x08004881   0x16  Code  Gb  stm32f3xx_hal_rtc.o [1]
RTC_EnterInitMode       0x0800484d   0x34  Code  Gb  stm32f3xx_hal_rtc.o [1]
RTC_TimeConfig          0x08002bd3   0x6c  Code  Gb  main.o [1]
RTC_TimeShow            0x08002c3f   0x42  Code  Gb  main.o [1]
Region$$Table$$Base     0x08005e58          --   Gb  - Linker created -
Region$$Table$$Limit    0x08005e78          --   Gb  - Linker created -
SVC_Handler             0x08005ac1         Code  Gb  portasm.o [1]
SysTick_Config          0x08005037   0x28  Code  Lc  stm32f3xx_hal_cortex.o [1]
SysTick_Handler         0x08005ec1    0xe  Code  Gb  stm32f3xx_it.o [1]
SystemClock_Config      0x08002c81   0x9c  Code  Gb  main.o [1]
SystemCoreClock         0x20000000    0x4  Data  Gb  system_stm32f3xx.o [1]
SystemInit              0x08005b91   0x52  Code  Gb  system_stm32f3xx.o [1]
TIM1_CC_IRQHandler      0x08005ecf    0x6  Code  Gb  stm32f3xx_it.o [1]
TIM_Base_SetConfig      0x08003ff1   0x9a  Code  Gb  stm32f3xx_hal_tim.o [1]
TIM_CCxChannelCmd       0x0800429d   0x1a  Code  Gb  stm32f3xx_hal_tim.o [1]
TIM_ETR_SetConfig       0x08004287   0x16  Code  Gb  stm32f3xx_hal_tim.o [1]
TIM_ITRx_SetConfig      0x08004277   0x10  Code  Lc  stm32f3xx_hal_tim.o [1]
TIM_SlaveTimer_SetConfig
                        0x0800408b   0x72  Code  Lc  stm32f3xx_hal_tim.o [1]
TIM_TI1_ConfigInputStage
                        0x0800418d   0x24  Code  Lc  stm32f3xx_hal_tim.o [1]
TIM_TI1_SetConfig       0x080040fd   0x66  Code  Gb  stm32f3xx_hal_tim.o [1]
TIM_TI2_ConfigInputStage
                        0x080041e7   0x26  Code  Lc  stm32f3xx_hal_tim.o [1]
TIM_TI2_SetConfig       0x080041b1   0x36  Code  Lc  stm32f3xx_hal_tim.o [1]
TIM_TI3_SetConfig       0x0800420d   0x34  Code  Lc  stm32f3xx_hal_tim.o [1]
TIM_TI4_SetConfig       0x08004241   0x36  Code  Lc  stm32f3xx_hal_tim.o [1]
UART_AdvFeatureConfig   0x08003769   0xc8  Code  Gb  stm32f3xx_hal_uart.o [1]
UART_CheckIdleState     0x08003831   0x54  Code  Gb  stm32f3xx_hal_uart.o [1]
UART_SetConfig          0x08003545  0x206  Code  Gb  stm32f3xx_hal_uart.o [1]
UART_WaitOnFlagUntilTimeout
                        0x08003885   0xce  Code  Gb  stm32f3xx_hal_uart.o [1]
UARTfunction            0x080023b7  0x150  Code  Gb  main.o [1]
UARTfunction::Date      0x20000ca0    0x8  Data  Lc  main.o [1]
UARTfunction::dateCheck
                        0x20000c99    0x1  Data  Lc  main.o [1]
UARTfunction::time      0x20000c9c    0x4  Data  Lc  main.o [1]
UARTfunction::timeCheck
                        0x20000c9a    0x1  Data  Lc  main.o [1]
UartReady               0x20000c98    0x1  Data  Gb  main.o [1]
_Close_all              0x08005cb9   0x58  Code  Gb  xcloseall.o [3]
_EncodingSb_Mbtowc      0x08001f23   0x30  Code  Gb  xencoding_sb.o [3]
_EncodingSb_Mbtowc::initial
                        0x08001f60    0x8  Data  Lc  xencoding_sb.o [3]
_EncodingSb_Wctomb      0x08001f09   0x1a  Code  Gb  xencoding_sb.o [3]
_EncodingSb_Wctomb::initial
                        0x08001f58    0x8  Data  Lc  xencoding_sb.o [3]
_Files                  0x200000c4   0x20  Data  Gb  xfiles.o [3]
_Fofree                 0x08005b11   0x78  Code  Gb  xfofind.o [3]
_Fspos                  0x080055f9   0xd6  Code  Gb  xfspos.o [3]
_Fwprep                 0x0800598d   0xb8  Code  Gb  xfwprep.o [3]
_GenldFull              0x08001085  0x254  Code  Lc  xprintffull.o [3]
_IsdstStr               0x20000180    0x4  Data  Gb  setlocale.o [3]
_LdtobFull              0x08000c85  0x3fa  Code  Lc  xprintffull.o [3]
_LitobFull              0x08000b79  0x10a  Code  Lc  xprintffull.o [3]
_LocaleC_isspace        0x08005425   0x14  Code  Gb  xlocale_c.o [3]
_LocaleC_tolower        0x08005439    0xc  Code  Gb  xlocale_c.o [3]
_LocaleEncoding         0x08001ef7    0xe  Code  Gb  setlocale.o [3]
_LocaleForCat           0x08001ee5   0x12  Code  Gb  setlocale.o [3]
_LocaleReturnString     0x200001a0   0x50  Data  Lc  setlocale.o [3]
_Locale_Profile         0x20000184   0x1c  Data  Gb  setlocale.o [3]
_Locale_aeabi_lconv     0x20000144   0x38  Data  Gb  localeconv.o [3]
_Locale_lconv           0x200000f4   0x50  Data  Gb  localeconv.o [3]
_Mbtowc                 0x08001323   0x20  Code  Gb  xmbtowc.o [3]
_Nnl                    0x08005781    0xc  Code  Gb  xfgpos.o [3]
_PrintfFull             0x08000189  0x660  Code  Gb  xprintffull.o [3]
_Prout                  0x08005efd   0x16  Code  Gb  xprout.o [3]
_PutcharsFull           0x080012d9   0x2e  Code  Lc  xprintffull.o [3]
_PutstrFull             0x0800086d  0x306  Code  Lc  xprintffull.o [3]
_Strtok_ssave           0x200000ec    0x4  Data  Lc  strtok.o [3]
_TzoneStr               0x2000017c    0x4  Data  Gb  setlocale.o [3]
_Wctomb                 0x080014a9   0x1a  Code  Gb  xwctomb.o [3]
__aeabi_cdcmple         0x080016f1         Code  Gb  DblCmpLe.o [4]
__aeabi_cdrcmple        0x08001721         Code  Gb  DblCmpGe.o [4]
__aeabi_d2iz            0x08001865         Code  Gb  DblToI32.o [4]
__aeabi_d2uiz           0x08001891         Code  Gb  DblToI32.o [4]
__aeabi_ddiv            0x08001c11         Code  Gb  DblDiv.o [4]
__aeabi_dmul            0x08001a6d         Code  Gb  DblMul.o [4]
__aeabi_dsub            0x080018ed         Code  Gb  DblSub.o [4]
__aeabi_errno_addr      0x08005419    0x6  Code  Gb  errno.o [3]
__aeabi_i2d             0x080018bd         Code  Gb  I32ToDbl.o [4]
__aeabi_ldiv0           0x08001f95         Code  Gb  I64DivZer.o [5]
__aeabi_memset          0x080044b5         Code  Gb  ABImemset.o [5]
__aeabi_memset4         0x08003955         Code  Gb  ABImemset48.o [5]
__aeabi_memset8         0x08003955         Code  Gb  ABImemset48.o [5]
__aeabi_ui2d            0x080018d1         Code  Gb  I32ToDbl.o [4]
__aeabi_uldivmod        0x080015bd         Code  Gb  I64DivMod.o [5]
__cexit_closeall        0x08005e9f         Code  Gb  cexit.o [5]
__close                 0x08005c87   0x1a  Code  Gb  close.o [6]
__cmain                 0x08005e79         Code  Gb  cmain.o [5]
__cstart_closeall       0x08006060         Data  Gb  cstart_closeall.o [5]
__data_Aldata           0x20000cb0    0x8  Data  Gb  xxmemxmalloc.o [3]
__data_GetMemChunk      0x08001f69   0x2c  Code  Gb  xgetmemchunk.o [3]
__data_GetMemChunk::start
                        0x20000cbc    0x4  Data  Lc  xgetmemchunk.o [3]
__dwrite                0x080058b9   0x1e  Code  Gb  dwrite.o [6]
__exit                  0x08005ead   0x14  Code  Gb  exit.o [6]
__iar_Dnorm             0x080016ab   0x44  Code  Gb  xdnorm.o [4]
__iar_Dscale            0x08001751  0x114  Code  Gb  xdscale.o [4]
__iar_Errno             0x200000f0    0x4  Data  Gb  errno.o [3]
__iar_Locale_lconv_init
                        0x08001e69   0x3a  Code  Gb  localeconv.o [3]
__iar_Lockfilelock      0x080057d9    0x2  Code  Gb  xsyslock_nop.o [3]
__iar_Mbcurmax          0x080013ed    0xa  Code  Gb  xmbcurmax.o [3]
__iar_Memchr            0x08001395         Code  Gb  memchr.o [5]
__iar_Memset            0x080044b5         Code  Gb  ABImemset.o [5]
__iar_Memset4_word      0x0800395d         Code  Gb  ABImemset48.o [5]
__iar_Memset8_word      0x0800395d         Code  Gb  ABImemset48.o [5]
__iar_Memset_word       0x080044bd         Code  Gb  ABImemset.o [5]
__iar_Stderr            0x20000084   0x40  Data  Gb  xfiles.o [3]
__iar_Stdin             0x20000004   0x40  Data  Gb  xfiles.o [3]
__iar_Stdout            0x20000044   0x40  Data  Gb  xfiles.o [3]
__iar_Stoul             0x0800539d    0x4  Code  Gb  xstoul.o [3]
__iar_Stoulx            0x08005259  0x13e  Code  Gb  xstoul.o [3]
__iar_Strchr            0x08001345         Code  Gb  strchr.o [5]
__iar_Unlockfilelock    0x080057db    0x2  Code  Gb  xsyslock_nop.o [3]
__iar_close_ttio        0x08005919   0x2e  Code  Gb  iarttio.o [6]
__iar_d2uiz             0x0800189d         Code  Gb  DblToI32.o [4]
__iar_dadd              0x08001f99         Code  Gb  DblAdd.o [4]
__iar_data_init3        0x08005e0d   0x28  Code  Gb  data_init.o [5]
__iar_dlib_perthread_access
                        0x0800206d    0x2  Code  Gb  xtls.o [3]
__iar_dsub              0x08001901         Code  Gb  DblSub.o [4]
__iar_dsubStart         0x08001913         Code  Gb  DblSub.o [4]
__iar_get_ttio          0x08005949   0x38  Code  Gb  iarttio.o [6]
__iar_init_vfp          0x08005e35         Code  Gb  fpinit_M.o [4]
__iar_lookup_ttioh      0x08005985    0x8  Code  Gb  XShttio.o [3]
__iar_packbits_init_single3
                        0x08005da7   0x38  Code  Gb  packbits_init_single.o [5]
__iar_program_start     0x08005f31         Code  Gb  cstartup_M.o [5]
__iar_sh_Discard        0x080057ed   0x3e  Code  Gb  XShHandles.o [3]
__iar_sh_Move           0x08005831   0x46  Code  Gb  XShHandles.o [3]
__iar_sh_Pos            0x08005877   0x3e  Code  Gb  XShHandles.o [3]
__iar_sh_stdout         0x080058d7   0x20  Code  Gb  iarwstd.o [6]
__iar_sh_write          0x080058f7   0x22  Code  Gb  iarwrite.o [6]
__iar_ttio_handles      0x200000e4    0x8  Data  Lc  XShttio.o [3]
__iar_ui2d              0x080018d5         Code  Gb  I32ToDbl.o [4]
__iar_unaligned___aeabi_memcpy
                        0x080014c5         Code  Gb  ABImemcpy_unaligned.o [5]
__iar_unaligned___aeabi_memcpy4
                        0x080014e5         Code  Gb  ABImemcpy_unaligned.o [5]
__iar_unaligned___aeabi_memcpy8
                        0x080014e5         Code  Gb  ABImemcpy_unaligned.o [5]
__iar_zero_init3        0x08005d67   0x40  Code  Gb  zero_init3.o [5]
__low_level_init        0x08005e93    0x4  Code  Gb  low_level_init.o [3]
__lseek                 0x0800578d   0x4c  Code  Gb  lseek.o [6]
__vector_table          0x08000000         Data  Gb  startup_stm32f303xc.o [1]
__write                 0x080057dd   0x10  Code  Gb  write.o [6]
_call_main              0x08005e85         Code  Gb  cmain.o [5]
_exit                   0x08005e9d         Code  Gb  cexit.o [5]
_main                   0x08005e8f         Code  Gb  cmain.o [5]
aPLLMULFactorTable      0x08004dd4   0x10  Data  Gb  stm32f3xx_hal_rcc.o [1]
aPredivFactorTable      0x08004de4   0x10  Data  Gb  stm32f3xx_hal_rcc.o [1]
atoi                    0x080044ad    0x8  Code  Gb  atoi.o [3]
digits                  0x080053a0   0x28  Data  Lc  xstoul.o [3]
displayFunction         0x0800250d  0x6c6  Code  Gb  main.o [1]
displayFunction::number
                        0x20000ca8    0x8  Data  Lc  main.o [1]
div                     0x08001ed5    0xe  Code  Gb  div.o [3]
ebuf                    0x20000b78   0x50  Data  Lc  xfiles.o [3]
exit                    0x08005e97    0x4  Code  Gb  exit.o [3]
fclose                  0x08005c0d   0x7a  Code  Gb  fclose.o [3]
fflush                  0x08005747   0x34  Code  Gb  fflush.o [3]
fflushOne               0x080056d1   0x76  Code  Lc  fflush.o [3]
fputc                   0x08005d11   0x56  Code  Gb  fputc.o [3]
frame_decoder           0x08002239  0x17e  Code  Gb  main.o [1]
frame_decoder::decoded_frame
                        0x200008bc   0xa0  Data  Lc  main.o [1]
frame_decoder::temp     0x2000095c    0x2  Data  Lc  main.o [1]
free                    0x0800153d   0x7a  Code  Gb  xxmemxfree.o [3]
fseek                   0x08005a45   0x22  Code  Gb  fseek.o [3]
hcrc                    0x20000c54   0x24  Data  Gb  crc.o [1]
hrtc                    0x20000c78   0x20  Data  Gb  main.o [1]
htim1                   0x20000c18   0x3c  Data  Gb  tim.o [1]
huart3                  0x20000b08   0x70  Data  Gb  usart.o [1]
isspace                 0x080053f1   0x14  Code  Gb  isxxx.o [3]
localeconv              0x08001ea3   0x16  Code  Gb  localeconv.o [3]
main                    0x08002071  0x11c  Code  Gb  main.o [1]
malloc                  0x080013f9   0xac  Code  Gb  xxmemxmalloc.o [3]
memchr                  0x08001395         Code  Gb  memchr.o [5]
ndigs                   0x080053c8   0x28  Data  Lc  xstoul.o [3]
obuf                    0x20000bc8   0x50  Data  Lc  xfiles.o [3]
osSystickHandler        0x08005ee9   0x14  Code  Gb  cmsis_os.o [1]
printf                  0x080042b9   0x24  Code  Gb  printf.o [3]
prvResetNextTaskUnblockTime
                        0x08005571   0x1e  Code  Lc  tasks.o [1]
putchar                 0x08005f15    0xc  Code  Gb  putchar.o [3]
pxCurrentTCB            0x20000988    0x4  Data  Gb  tasks.o [1]
pxDelayedTaskList       0x2000098c    0x4  Data  Lc  tasks.o [1]
pxOverflowDelayedTaskList
                        0x20000990    0x4  Data  Lc  tasks.o [1]
pxReadyTasksLists       0x200009fc   0x8c  Data  Lc  tasks.o [1]
remove                  0x08005ca1   0x16  Code  Gb  remove.o [6]
sFileInfo               0x20000a88   0x80  Data  Lc  XShHandles.o [3]
strchr                  0x08001345         Code  Gb  strchr.o [5]
strcspn                 0x08005235   0x24  Code  Gb  strcspn.o [3]
strlen                  0x0800135d         Code  Gb  strlen.o [5]
strspn                  0x08005211   0x24  Code  Gb  strspn.o [3]
strtok                  0x08004461   0x4c  Code  Gb  strtok.o [3]
tolower                 0x08005405   0x14  Code  Gb  tolower.o [3]
uwTick                  0x20000cb8    0x4  Data  Gb  stm32f3xx_hal.o [1]
uxCurrentNumberOfTasks  0x200009ac    0x4  Data  Lc  tasks.o [1]
uxListRemove            0x080055d5   0x24  Code  Gb  list.o [1]
uxPendedTicks           0x200009bc    0x4  Data  Lc  tasks.o [1]
uxSchedulerSuspended    0x200009d0    0x4  Data  Lc  tasks.o [1]
uxTaskNumber            0x200009c8    0x4  Data  Lc  tasks.o [1]
uxTasksDeleted          0x20000994    0x4  Data  Lc  tasks.o [1]
uxTopReadyPriority      0x200009b4    0x4  Data  Lc  tasks.o [1]
vListInsertEnd          0x080055bd   0x18  Code  Gb  list.o [1]
vPortEnableVFP          0x08005af5         Code  Gb  portasm.o [1]
vPortStartFirstTask     0x08005add         Code  Gb  portasm.o [1]
vTaskSwitchContext      0x08005517   0x5a  Code  Gb  tasks.o [1]
xDelayedTaskList1       0x200009d4   0x14  Data  Lc  tasks.o [1]
xDelayedTaskList2       0x200009e8   0x14  Data  Lc  tasks.o [1]
xNextTaskUnblockTime    0x200009cc    0x4  Data  Lc  tasks.o [1]
xNumOfOverflows         0x200009c4    0x4  Data  Lc  tasks.o [1]
xPendingReadyList       0x20000960   0x14  Data  Lc  tasks.o [1]
xPortSysTickHandler     0x08005de1   0x28  Code  Gb  port.o [1]
xSchedulerRunning       0x200009b8    0x4  Data  Lc  tasks.o [1]
xSuspendedTaskList      0x20000998   0x14  Data  Lc  tasks.o [1]
xTaskGetSchedulerState  0x0800558f   0x1c  Code  Gb  tasks.o [1]
xTaskIncrementTick      0x08005445   0xd2  Code  Gb  tasks.o [1]
xTasksWaitingTermination
                        0x20000974   0x14  Data  Lc  tasks.o [1]
xTickCount              0x200009b0    0x4  Data  Lc  tasks.o [1]
xYieldPending           0x200009c0    0x4  Data  Lc  tasks.o [1]


[1] = U:\Downloads\STM32Cube_FW_F3_V1.7.0\Projects\STM32F3-Discovery\My projects\KULUR\Test\Debug\Obj
[2] = command line
[3] = dl7M_tlf.a
[4] = m7M_tls.a
[5] = rt7M_tl.a
[6] = shb_l.a

  24 630 bytes of readonly  code memory
     180 bytes of readonly  data memory
   3 264 bytes of readwrite data memory

Errors: none
Warnings: none
