###############################################################################
#
# IAR ELF Linker V7.80.3.12102/W32 for ARM                28/Feb/2017  18:26:01
# Copyright 2007-2016 IAR Systems AB.
#
#    Output file  =  
#        U:\Downloads\STM32Cube_FW_F3_V1.7.0\Projects\STM32F3-Discovery\My
#        projects\KULUR\Test\Debug\Exe\testKULUR.out
#    Map file     =  
#        U:\Downloads\STM32Cube_FW_F3_V1.7.0\Projects\STM32F3-Discovery\My
#        projects\KULUR\Test\Debug\List\testKULUR.map
#    Command line =  
#        "U:\Downloads\STM32Cube_FW_F3_V1.7.0\Projects\STM32F3-Discovery\My
#        projects\KULUR\Test\Debug\Obj\cmsis_os.o"
#        "U:\Downloads\STM32Cube_FW_F3_V1.7.0\Projects\STM32F3-Discovery\My
#        projects\KULUR\Test\Debug\Obj\crc.o"
#        "U:\Downloads\STM32Cube_FW_F3_V1.7.0\Projects\STM32F3-Discovery\My
#        projects\KULUR\Test\Debug\Obj\croutine.o"
#        "U:\Downloads\STM32Cube_FW_F3_V1.7.0\Projects\STM32F3-Discovery\My
#        projects\KULUR\Test\Debug\Obj\event_groups.o"
#        "U:\Downloads\STM32Cube_FW_F3_V1.7.0\Projects\STM32F3-Discovery\My
#        projects\KULUR\Test\Debug\Obj\freertos.o"
#        "U:\Downloads\STM32Cube_FW_F3_V1.7.0\Projects\STM32F3-Discovery\My
#        projects\KULUR\Test\Debug\Obj\gpio.o"
#        "U:\Downloads\STM32Cube_FW_F3_V1.7.0\Projects\STM32F3-Discovery\My
#        projects\KULUR\Test\Debug\Obj\heap_4.o"
#        "U:\Downloads\STM32Cube_FW_F3_V1.7.0\Projects\STM32F3-Discovery\My
#        projects\KULUR\Test\Debug\Obj\list.o"
#        "U:\Downloads\STM32Cube_FW_F3_V1.7.0\Projects\STM32F3-Discovery\My
#        projects\KULUR\Test\Debug\Obj\main.o"
#        "U:\Downloads\STM32Cube_FW_F3_V1.7.0\Projects\STM32F3-Discovery\My
#        projects\KULUR\Test\Debug\Obj\port.o"
#        "U:\Downloads\STM32Cube_FW_F3_V1.7.0\Projects\STM32F3-Discovery\My
#        projects\KULUR\Test\Debug\Obj\portasm.o"
#        "U:\Downloads\STM32Cube_FW_F3_V1.7.0\Projects\STM32F3-Discovery\My
#        projects\KULUR\Test\Debug\Obj\queue.o"
#        "U:\Downloads\STM32Cube_FW_F3_V1.7.0\Projects\STM32F3-Discovery\My
#        projects\KULUR\Test\Debug\Obj\rtc.o"
#        "U:\Downloads\STM32Cube_FW_F3_V1.7.0\Projects\STM32F3-Discovery\My
#        projects\KULUR\Test\Debug\Obj\startup_stm32f303xc.o"
#        "U:\Downloads\STM32Cube_FW_F3_V1.7.0\Projects\STM32F3-Discovery\My
#        projects\KULUR\Test\Debug\Obj\stm32f3_discovery.o"
#        "U:\Downloads\STM32Cube_FW_F3_V1.7.0\Projects\STM32F3-Discovery\My
#        projects\KULUR\Test\Debug\Obj\stm32f3xx_hal.o"
#        "U:\Downloads\STM32Cube_FW_F3_V1.7.0\Projects\STM32F3-Discovery\My
#        projects\KULUR\Test\Debug\Obj\stm32f3xx_hal_cortex.o"
#        "U:\Downloads\STM32Cube_FW_F3_V1.7.0\Projects\STM32F3-Discovery\My
#        projects\KULUR\Test\Debug\Obj\stm32f3xx_hal_crc.o"
#        "U:\Downloads\STM32Cube_FW_F3_V1.7.0\Projects\STM32F3-Discovery\My
#        projects\KULUR\Test\Debug\Obj\stm32f3xx_hal_crc_ex.o"
#        "U:\Downloads\STM32Cube_FW_F3_V1.7.0\Projects\STM32F3-Discovery\My
#        projects\KULUR\Test\Debug\Obj\stm32f3xx_hal_dma.o"
#        "U:\Downloads\STM32Cube_FW_F3_V1.7.0\Projects\STM32F3-Discovery\My
#        projects\KULUR\Test\Debug\Obj\stm32f3xx_hal_flash.o"
#        "U:\Downloads\STM32Cube_FW_F3_V1.7.0\Projects\STM32F3-Discovery\My
#        projects\KULUR\Test\Debug\Obj\stm32f3xx_hal_flash_ex.o"
#        "U:\Downloads\STM32Cube_FW_F3_V1.7.0\Projects\STM32F3-Discovery\My
#        projects\KULUR\Test\Debug\Obj\stm32f3xx_hal_gpio.o"
#        "U:\Downloads\STM32Cube_FW_F3_V1.7.0\Projects\STM32F3-Discovery\My
#        projects\KULUR\Test\Debug\Obj\stm32f3xx_hal_i2c.o"
#        "U:\Downloads\STM32Cube_FW_F3_V1.7.0\Projects\STM32F3-Discovery\My
#        projects\KULUR\Test\Debug\Obj\stm32f3xx_hal_i2c_ex.o"
#        "U:\Downloads\STM32Cube_FW_F3_V1.7.0\Projects\STM32F3-Discovery\My
#        projects\KULUR\Test\Debug\Obj\stm32f3xx_hal_msp.o"
#        "U:\Downloads\STM32Cube_FW_F3_V1.7.0\Projects\STM32F3-Discovery\My
#        projects\KULUR\Test\Debug\Obj\stm32f3xx_hal_pwr.o"
#        "U:\Downloads\STM32Cube_FW_F3_V1.7.0\Projects\STM32F3-Discovery\My
#        projects\KULUR\Test\Debug\Obj\stm32f3xx_hal_pwr_ex.o"
#        "U:\Downloads\STM32Cube_FW_F3_V1.7.0\Projects\STM32F3-Discovery\My
#        projects\KULUR\Test\Debug\Obj\stm32f3xx_hal_rcc.o"
#        "U:\Downloads\STM32Cube_FW_F3_V1.7.0\Projects\STM32F3-Discovery\My
#        projects\KULUR\Test\Debug\Obj\stm32f3xx_hal_rcc_ex.o"
#        "U:\Downloads\STM32Cube_FW_F3_V1.7.0\Projects\STM32F3-Discovery\My
#        projects\KULUR\Test\Debug\Obj\stm32f3xx_hal_rtc.o"
#        "U:\Downloads\STM32Cube_FW_F3_V1.7.0\Projects\STM32F3-Discovery\My
#        projects\KULUR\Test\Debug\Obj\stm32f3xx_hal_rtc_ex.o"
#        "U:\Downloads\STM32Cube_FW_F3_V1.7.0\Projects\STM32F3-Discovery\My
#        projects\KULUR\Test\Debug\Obj\stm32f3xx_hal_tim.o"
#        "U:\Downloads\STM32Cube_FW_F3_V1.7.0\Projects\STM32F3-Discovery\My
#        projects\KULUR\Test\Debug\Obj\stm32f3xx_hal_tim_ex.o"
#        "U:\Downloads\STM32Cube_FW_F3_V1.7.0\Projects\STM32F3-Discovery\My
#        projects\KULUR\Test\Debug\Obj\stm32f3xx_hal_uart.o"
#        "U:\Downloads\STM32Cube_FW_F3_V1.7.0\Projects\STM32F3-Discovery\My
#        projects\KULUR\Test\Debug\Obj\stm32f3xx_hal_uart_ex.o"
#        "U:\Downloads\STM32Cube_FW_F3_V1.7.0\Projects\STM32F3-Discovery\My
#        projects\KULUR\Test\Debug\Obj\stm32f3xx_it.o"
#        "U:\Downloads\STM32Cube_FW_F3_V1.7.0\Projects\STM32F3-Discovery\My
#        projects\KULUR\Test\Debug\Obj\system_stm32f3xx.o"
#        "U:\Downloads\STM32Cube_FW_F3_V1.7.0\Projects\STM32F3-Discovery\My
#        projects\KULUR\Test\Debug\Obj\tasks.o"
#        "U:\Downloads\STM32Cube_FW_F3_V1.7.0\Projects\STM32F3-Discovery\My
#        projects\KULUR\Test\Debug\Obj\tim.o"
#        "U:\Downloads\STM32Cube_FW_F3_V1.7.0\Projects\STM32F3-Discovery\My
#        projects\KULUR\Test\Debug\Obj\timers.o"
#        "U:\Downloads\STM32Cube_FW_F3_V1.7.0\Projects\STM32F3-Discovery\My
#        projects\KULUR\Test\Debug\Obj\usart.o" -o
#        "U:\Downloads\STM32Cube_FW_F3_V1.7.0\Projects\STM32F3-Discovery\My
#        projects\KULUR\Test\Debug\Exe\testKULUR.out" --redirect
#        _Printf=_PrintfFull --redirect _Scanf=_ScanfFull --map
#        "U:\Downloads\STM32Cube_FW_F3_V1.7.0\Projects\STM32F3-Discovery\My
#        projects\KULUR\Test\Debug\List\testKULUR.map" --config
#        "U:\Downloads\STM32Cube_FW_F3_V1.7.0\Projects\STM32F3-Discovery\My
#        projects\KULUR\Test\stm32f303xc_flash.icf" --semihosting --entry
#        __iar_program_start --vfe
#
###############################################################################

*******************************************************************************
*** RUNTIME MODEL ATTRIBUTES
***

CppFlavor                     = *
__Heap_Handler                = Basic
__SystemLibrary               = DLib
__dlib_dynamic_initialization = normal


*******************************************************************************
*** PLACEMENT SUMMARY
***

"A0":  place at 0x08000000 { ro section .intvec };
"P1":  place in [from 0x08000000 to 0x0803ffff] { ro };
"P2":  place in [from 0x20000000 to 0x20009fff] { rw, block CSTACK, block HEAP };
initialize by copy { rw };

  Section             Kind        Address    Size  Object
  -------             ----        -------    ----  ------
"A0":                                       0x188
  .intvec             ro code  0x08000000   0x188  startup_stm32f303xc.o [1]
                             - 0x08000188   0x188

"P1":                                      0x7014
  .text               ro code  0x08000188  0x119a  xprintffull.o [3]
  .text               ro code  0x08001322    0x20  xmbtowc.o [3]
  .rodata             const    0x08001342     0x2  main.o [1]
  .text               ro code  0x08001344    0x16  strchr.o [5]
  .rodata             const    0x0800135a     0x2  main.o [1]
  .text               ro code  0x0800135c    0x36  strlen.o [5]
  .text               ro code  0x08001394    0x58  memchr.o [5]
  .text               ro code  0x080013ec     0xa  xmbcurmax.o [3]
  .text               ro code  0x080013f8    0xb0  xxmemxmalloc.o [3]
  .text               ro code  0x080014a8    0x1a  xwctomb.o [3]
  .text               ro code  0x080014c4    0x76  ABImemcpy_unaligned.o [5]
  .text               ro code  0x0800153c    0x80  xxmemxfree.o [3]
  .text               ro code  0x080015bc    0xee  I64DivMod.o [5]
  .text               ro code  0x080016aa    0x44  xdnorm.o [4]
  .text               ro code  0x080016f0    0x2e  DblCmpLe.o [4]
  .text               ro code  0x08001720    0x2e  DblCmpGe.o [4]
  .text               ro code  0x08001750   0x114  xdscale.o [4]
  .text               ro code  0x08001864    0x58  DblToI32.o [4]
  .text               ro code  0x080018bc    0x30  I32ToDbl.o [4]
  .text               ro code  0x080018ec   0x180  DblSub.o [4]
  .text               ro code  0x08001a6c   0x1a2  DblMul.o [4]
  .text               ro code  0x08001c10   0x256  DblDiv.o [4]
  .text               ro code  0x08001e68    0x6c  localeconv.o [3]
  .text               ro code  0x08001ed4     0xe  div.o [3]
  .text               ro code  0x08001ee4    0x24  setlocale.o [3]
  .text               ro code  0x08001f08    0x60  xencoding_sb.o [3]
  .text               ro code  0x08001f68    0x2c  xgetmemchunk.o [3]
  .text               ro code  0x08001f94     0x2  I64DivZer.o [5]
  .text               ro code  0x08001f98    0xd4  DblAdd.o [4]
  .text               ro code  0x0800206c     0x2  xtls.o [3]
  .text               ro code  0x08002070   0xfea  main.o [1]
  .text               ro code  0x0800305c    0x28  stm32f3xx_hal.o [1]
  .text               ro code  0x08003084   0x1c0  gpio.o [1]
  .text               ro code  0x08003244    0xb8  usart.o [1]
  .text               ro code  0x080032fc    0x68  rtc.o [1]
  .text               ro code  0x08003364   0x9b2  stm32f3xx_hal_uart.o [1]
  .text               ro code  0x08003d18    0x66  ABImemset.o [5]
  .text               ro code  0x08003d80   0x150  tim.o [1]
  .text               ro code  0x08003ed0    0x7c  crc.o [1]
  .text               ro code  0x08003f4c   0x8da  stm32f3xx_hal_tim.o [1]
  .text               ro code  0x08004828    0x24  printf.o [3]
  .text               ro code  0x0800484c   0x1e2  stm32f3xx_hal_crc.o [1]
  .text               ro code  0x08004a30    0x4c  strtok.o [3]
  .text               ro code  0x08004a7c     0x8  atoi.o [3]
  .text               ro code  0x08004a84     0xc  stm32f3xx_hal.o [1]
  .text               ro code  0x08004a90   0x204  stm32f3xx_hal_gpio.o [1]
  .text               ro code  0x08004c94   0x432  stm32f3xx_hal_rtc.o [1]
  .text               ro code  0x080050c8    0x14  stm32f3xx_hal_rtc_ex.o [1]
  .text               ro code  0x080050dc   0xab8  stm32f3xx_hal_rcc.o [1]
  .text               ro code  0x08005b94   0x2cc  stm32f3xx_hal_rcc_ex.o [1]
  .text               ro code  0x08005e60   0x15c  stm32f3xx_hal_cortex.o [1]
  .text               ro code  0x08005fbc    0x28  stm32f3xx_hal.o [1]
  .text               ro code  0x08005fe4    0x7c  stm32f3xx_hal_msp.o [1]
  .text               ro code  0x08006060     0x2  stm32f3xx_hal_uart_ex.o [1]
  .text               ro code  0x08006062     0x2  stm32f3xx_hal_uart.o [1]
  .text               ro code  0x08006064    0x6c  stm32f3xx_hal_tim_ex.o [1]
  .text               ro code  0x080060d0     0x2  stm32f3xx_hal_tim.o [1]
  .text               ro code  0x080060d2     0x2  stm32f3xx_hal_tim.o [1]
  .text               ro code  0x080060d4     0x2  stm32f3xx_hal_tim.o [1]
  .text               ro code  0x080060d6     0x2  stm32f3xx_hal_tim.o [1]
  .text               ro code  0x080060d8     0x2  stm32f3xx_hal_tim_ex.o [1]
  .text               ro code  0x080060da     0x2  stm32f3xx_hal_tim.o [1]
  .text               ro code  0x080060dc     0x2  stm32f3xx_hal_tim_ex.o [1]
  .text               ro code  0x080060de    0x60  stm32f3xx_hal_crc_ex.o [1]
  .text               ro code  0x0800613e    0x24  strspn.o [3]
  .text               ro code  0x08006162    0x24  strcspn.o [3]
  .text               ro code  0x08006188   0x198  xstoul.o [3]
  .text               ro code  0x08006320    0x14  isxxx.o [3]
  .text               ro code  0x08006334    0x14  tolower.o [3]
  .text               ro code  0x08006348     0xc  errno.o [3]
  .text               ro code  0x08006354    0x14  xlocale_c.o [3]
  .text               ro code  0x08006368     0xc  xlocale_c.o [3]
  .text               ro code  0x08006374   0x228  tasks.o [1]
  .text               ro code  0x0800659c    0x40  list.o [1]
  .text               ro code  0x080065dc    0xd6  xfspos.o [3]
  .text               ro code  0x080066b4    0xb0  fflush.o [3]
  .text               ro code  0x08006764     0xc  xfgpos.o [3]
  .text               ro code  0x08006770    0x4c  lseek.o [6]
  .text               ro code  0x080067bc     0x4  xsyslock_nop.o [3]
  .text               ro code  0x080067c0    0x10  write.o [6]
  .text               ro code  0x080067d0    0xcc  XShHandles.o [3]
  .text               ro code  0x0800689c    0x1e  dwrite.o [6]
  .text               ro code  0x080068ba    0x20  iarwstd.o [6]
  .text               ro code  0x080068da    0x22  iarwrite.o [6]
  .text               ro code  0x080068fc    0x6c  iarttio.o [6]
  .text               ro code  0x08006968     0x8  XShttio.o [3]
  .text               ro code  0x08006970    0xb8  xfwprep.o [3]
  .text               ro code  0x08006a28    0x22  fseek.o [3]
  CODE                ro code  0x08006a4c    0xa8  portasm.o [1]
  .text               ro code  0x08006af4    0x98  system_stm32f3xx.o [1]
  .text               ro code  0x08006b8c    0x80  xfofind.o [3]
  .text               ro code  0x08006c0c    0x7a  fclose.o [3]
  .text               ro code  0x08006c86    0x1a  close.o [6]
  .text               ro code  0x08006ca0    0x16  remove.o [6]
  .text               ro code  0x08006cb8    0x58  xcloseall.o [3]
  .text               ro code  0x08006d10    0x56  fputc.o [3]
  .text               ro code  0x08006d66    0x40  zero_init3.o [5]
  .text               ro code  0x08006da6    0x38  packbits_init_single.o [5]
  .text               ro code  0x08006de0    0x34  port.o [1]
  .text               ro code  0x08006e14    0x28  stm32f3xx_it.o [1]
  .text               ro code  0x08006e3c    0x10  stm32f3xx_hal.o [1]
  .text               ro code  0x08006e4c    0x10  cmsis_os.o [1]
  .text               ro code  0x08006e5c    0x28  data_init.o [5]
  .text               ro code  0x08006e84    0x22  fpinit_M.o [4]
  .iar.init_table     const    0x08006ea8    0x20  - Linker created -
  .text               ro code  0x08006ec8    0x1a  cmain.o [5]
  .text               ro code  0x08006ee2     0x4  low_level_init.o [3]
  .text               ro code  0x08006ee6     0x4  exit.o [3]
  .text               ro code  0x08006eec     0xe  cexit.o [5]
  .text               ro code  0x08006efc    0x14  exit.o [6]
  .text               ro code  0x08006f10    0x16  xprout.o [3]
  .text               ro code  0x08006f28     0xc  putchar.o [3]
  .rodata             const    0x08006f34    0x10  main.o [1]
  .rodata             const    0x08006f44    0x10  stm32f3xx_hal_rcc.o [1]
  .rodata             const    0x08006f54    0x10  stm32f3xx_hal_rcc.o [1]
  .rodata             const    0x08006f64    0x10  system_stm32f3xx.o [1]
  .text               ro code  0x08006f74    0x10  startup_stm32f303xc.o [1]
  .rodata             const    0x08006f84     0xc  main.o [1]
  .rodata             const    0x08006f90     0xc  main.o [1]
  .text               ro code  0x08006f9c     0xc  cstartup_M.o [5]
  .rodata             const    0x08006fa8     0x8  main.o [1]
  .rodata             const    0x08006fb0     0x8  system_stm32f3xx.o [1]
  .text               ro code  0x08006fb8     0x4  startup_stm32f303xc.o [1]
  .text               ro code  0x08006fbc     0x4  startup_stm32f303xc.o [1]
  .text               ro code  0x08006fc0     0x4  startup_stm32f303xc.o [1]
  .text               ro code  0x08006fc4     0x4  startup_stm32f303xc.o [1]
  .text               ro code  0x08006fc8     0x4  startup_stm32f303xc.o [1]
  .text               ro code  0x08006fcc     0x4  startup_stm32f303xc.o [1]
  .text               ro code  0x08006fd0     0x4  startup_stm32f303xc.o [1]
  .text               ro code  0x08006fd4     0x4  startup_stm32f303xc.o [1]
  .text               ro code  0x08006fd8     0x4  startup_stm32f303xc.o [1]
  .text               ro code  0x08006fdc     0x4  startup_stm32f303xc.o [1]
  .text               ro code  0x08006fe0     0x4  startup_stm32f303xc.o [1]
  .text               ro code  0x08006fe4     0x4  startup_stm32f303xc.o [1]
  .text               ro code  0x08006fe8     0x4  startup_stm32f303xc.o [1]
  .text               ro code  0x08006fec     0x4  startup_stm32f303xc.o [1]
  .text               ro code  0x08006ff0     0x4  startup_stm32f303xc.o [1]
  .text               ro code  0x08006ff4     0x4  startup_stm32f303xc.o [1]
  .text               ro code  0x08006ff8     0x4  startup_stm32f303xc.o [1]
  .text               ro code  0x08006ffc     0x4  startup_stm32f303xc.o [1]
  .text               ro code  0x08007000     0x4  startup_stm32f303xc.o [1]
  .text               ro code  0x08007004     0x4  startup_stm32f303xc.o [1]
  .text               ro code  0x08007008     0x4  startup_stm32f303xc.o [1]
  .text               ro code  0x0800700c     0x4  startup_stm32f303xc.o [1]
  .text               ro code  0x08007010     0x4  startup_stm32f303xc.o [1]
  .text               ro code  0x08007014     0x4  startup_stm32f303xc.o [1]
  .text               ro code  0x08007018     0x4  startup_stm32f303xc.o [1]
  .text               ro code  0x0800701c     0x4  startup_stm32f303xc.o [1]
  .text               ro code  0x08007020     0x4  startup_stm32f303xc.o [1]
  .text               ro code  0x08007024     0x4  startup_stm32f303xc.o [1]
  .text               ro code  0x08007028     0x4  startup_stm32f303xc.o [1]
  .text               ro code  0x0800702c     0x4  startup_stm32f303xc.o [1]
  .text               ro code  0x08007030     0x4  startup_stm32f303xc.o [1]
  .text               ro code  0x08007034     0x4  startup_stm32f303xc.o [1]
  .text               ro code  0x08007038     0x4  startup_stm32f303xc.o [1]
  .text               ro code  0x0800703c     0x4  startup_stm32f303xc.o [1]
  .text               ro code  0x08007040     0x4  startup_stm32f303xc.o [1]
  .text               ro code  0x08007044     0x4  startup_stm32f303xc.o [1]
  .text               ro code  0x08007048     0x4  startup_stm32f303xc.o [1]
  .text               ro code  0x0800704c     0x4  startup_stm32f303xc.o [1]
  .text               ro code  0x08007050     0x4  startup_stm32f303xc.o [1]
  .text               ro code  0x08007054     0x4  startup_stm32f303xc.o [1]
  .text               ro code  0x08007058     0x4  startup_stm32f303xc.o [1]
  .text               ro code  0x0800705c     0x4  startup_stm32f303xc.o [1]
  .text               ro code  0x08007060     0x4  startup_stm32f303xc.o [1]
  .text               ro code  0x08007064     0x4  startup_stm32f303xc.o [1]
  .text               ro code  0x08007068     0x4  startup_stm32f303xc.o [1]
  .text               ro code  0x0800706c     0x4  startup_stm32f303xc.o [1]
  .text               ro code  0x08007070     0x4  startup_stm32f303xc.o [1]
  .text               ro code  0x08007074     0x4  startup_stm32f303xc.o [1]
  .text               ro code  0x08007078     0x4  startup_stm32f303xc.o [1]
  .text               ro code  0x0800707c     0x4  startup_stm32f303xc.o [1]
  .text               ro code  0x08007080     0x4  startup_stm32f303xc.o [1]
  .text               ro code  0x08007084     0x4  startup_stm32f303xc.o [1]
  .text               ro code  0x08007088     0x4  startup_stm32f303xc.o [1]
  .text               ro code  0x0800708c     0x4  startup_stm32f303xc.o [1]
  .text               ro code  0x08007090     0x4  startup_stm32f303xc.o [1]
  .text               ro code  0x08007094     0x4  startup_stm32f303xc.o [1]
  .text               ro code  0x08007098     0x4  startup_stm32f303xc.o [1]
  .text               ro code  0x0800709c     0x4  startup_stm32f303xc.o [1]
  .text               ro code  0x080070a0     0x4  startup_stm32f303xc.o [1]
  .text               ro code  0x080070a4     0x4  startup_stm32f303xc.o [1]
  .text               ro code  0x080070a8     0x4  startup_stm32f303xc.o [1]
  .text               ro code  0x080070ac     0x4  startup_stm32f303xc.o [1]
  .text               ro code  0x080070b0     0x4  startup_stm32f303xc.o [1]
  .text               ro code  0x080070b4     0x4  startup_stm32f303xc.o [1]
  .text               ro code  0x080070b8     0x4  startup_stm32f303xc.o [1]
  .text               ro code  0x080070bc     0x4  startup_stm32f303xc.o [1]
  .text               ro code  0x080070c0     0x4  startup_stm32f303xc.o [1]
  .text               ro code  0x080070c4     0x4  startup_stm32f303xc.o [1]
  .text               ro code  0x080070c8     0x4  startup_stm32f303xc.o [1]
  .text               ro code  0x080070cc     0x4  startup_stm32f303xc.o [1]
  .text               ro code  0x080070d0     0x0  cstart_closeall.o [5]
  .rodata             const    0x080070d0     0x0  zero_init3.o [5]
  .rodata             const    0x080070d0     0x0  packbits_init_single.o [5]
  Initializer bytes   const    0x080070d0    0xcc  <for P2-1>
                             - 0x0800719c  0x7014

"P2", part 1 of 3:                          0x234
  P2-1                         0x20000000   0x234  <Init block>
    .data             inited   0x20000000    0x44  main.o [1]
    .data             inited   0x20000044     0x4  system_stm32f3xx.o [1]
    .data             inited   0x20000048    0x40  xfiles.o [3]
    .data             inited   0x20000088    0x40  xfiles.o [3]
    .data             inited   0x200000c8    0x40  xfiles.o [3]
    .data             inited   0x20000108    0x20  xfiles.o [3]
    .data             inited   0x20000128     0x8  XShttio.o [3]
    __DLIB_PERTHREAD  inited   0x20000130     0x4  strtok.o [3]
    __DLIB_PERTHREAD  inited   0x20000134     0x4  errno.o [3]
    __DLIB_PERTHREAD  inited   0x20000138    0x88  localeconv.o [3]
    __DLIB_PERTHREAD  inited   0x200001c0    0x74  setlocale.o [3]
                             - 0x20000234   0x234

"P2", part 2 of 3:                          0x600
  CSTACK                       0x20000238   0x400  <Block>
    CSTACK            uninit   0x20000238   0x400  <Block tail>
  HEAP                         0x20000638   0x200  <Block>
    HEAP              uninit   0x20000638   0x200  <Block tail>
                             - 0x20000838   0x600

"P2", part 3 of 3:                          0x6d0
  .bss                zero     0x20000838   0x320  main.o [1]
  .bss                zero     0x20000b58    0xa0  main.o [1]
  .bss                zero     0x20000bf8    0x8c  tasks.o [1]
  .bss                zero     0x20000c84    0x80  XShHandles.o [3]
  .bss                zero     0x20000d04    0x70  usart.o [1]
  .bss                zero     0x20000d74    0x50  xfiles.o [3]
  .bss                zero     0x20000dc4    0x50  xfiles.o [3]
  .bss                zero     0x20000e14    0x3c  tim.o [1]
  .bss                zero     0x20000e50    0x24  crc.o [1]
  .bss                zero     0x20000e74    0x20  main.o [1]
  .bss                zero     0x20000e94    0x10  main.o [1]
  .bss                zero     0x20000ea4     0x8  main.o [1]
  .bss                zero     0x20000eac     0x8  main.o [1]
  .bss                zero     0x20000eb4     0x8  xxmemxmalloc.o [3]
  .bss                zero     0x20000ebc     0x4  main.o [1]
  .bss                zero     0x20000ec0     0x4  main.o [1]
  .bss                zero     0x20000ec4     0x4  main.o [1]
  .bss                zero     0x20000ec8     0x4  main.o [1]
  .bss                zero     0x20000ecc     0x4  stm32f3xx_hal.o [1]
  .bss                zero     0x20000ed0     0x4  tasks.o [1]
  .bss                zero     0x20000ed4     0x4  tasks.o [1]
  .bss                zero     0x20000ed8     0x4  tasks.o [1]
  .bss                zero     0x20000edc     0x4  tasks.o [1]
  .bss                zero     0x20000ee0     0x4  tasks.o [1]
  .bss                zero     0x20000ee4     0x4  tasks.o [1]
  .bss                zero     0x20000ee8     0x4  tasks.o [1]
  .bss                zero     0x20000eec     0x4  tasks.o [1]
  .bss                zero     0x20000ef0     0x4  tasks.o [1]
  .bss                zero     0x20000ef4     0x4  tasks.o [1]
  .bss                zero     0x20000ef8     0x4  tasks.o [1]
  .bss                zero     0x20000efc     0x4  xgetmemchunk.o [3]
  .bss                zero     0x20000f00     0x1  main.o [1]
  .bss                zero     0x20000f01     0x1  main.o [1]
  .bss                zero     0x20000f02     0x1  main.o [1]
  .bss                zero     0x20000f03     0x1  main.o [1]
  .bss                zero     0x20000f04     0x1  main.o [1]
  .bss                zero     0x20000f05     0x1  main.o [1]
                             - 0x20000f06   0x6ce


*******************************************************************************
*** INIT TABLE
***

          Address     Size
          -------     ----
Zero (__iar_zero_init3)
    1 destination range, total size 0x6ce:
          0x20000838  0x6ce

Copy/packbits (__iar_packbits_init_single3)
    1 source range, total size 0xcc (36% of destination):
          0x080070d0   0xcc
    1 destination range, total size 0x234:
          0x20000000  0x234



*******************************************************************************
*** MODULE SUMMARY
***

    Module                   ro code  ro data  rw data
    ------                   -------  -------  -------
U:\Downloads\STM32Cube_FW_F3_V1.7.0\Projects\STM32F3-Discovery\My projects\KULUR\Test\Debug\Obj: [1]
    cmsis_os.o                    16
    crc.o                        124                36
    gpio.o                       448
    list.o                        64
    main.o                     4 074       76    1 114
    port.o                        52
    portasm.o                    168
    rtc.o                        104
    startup_stm32f303xc.o        688
    stm32f3xx_hal.o              108                 4
    stm32f3xx_hal_cortex.o       348
    stm32f3xx_hal_crc.o          482
    stm32f3xx_hal_crc_ex.o        96
    stm32f3xx_hal_gpio.o         516
    stm32f3xx_hal_msp.o          124
    stm32f3xx_hal_rcc.o        2 744       32
    stm32f3xx_hal_rcc_ex.o       716
    stm32f3xx_hal_rtc.o        1 074
    stm32f3xx_hal_rtc_ex.o        20
    stm32f3xx_hal_tim.o        2 276
    stm32f3xx_hal_tim_ex.o       112
    stm32f3xx_hal_uart.o       2 484
    stm32f3xx_hal_uart_ex.o        2
    stm32f3xx_it.o                40
    system_stm32f3xx.o           152       26        4
    tasks.o                      552               184
    tim.o                        336                60
    usart.o                      184               112
    --------------------------------------------------
    Total:                    18 104      134    1 514

command line: [2]
    --------------------------------------------------
    Total:

dl7M_tlf.a: [3]
    XShHandles.o                 204               128
    XShttio.o                      8        2        8
    atoi.o                         8
    div.o                         14
    errno.o                       12        1        4
    exit.o                         4
    fclose.o                     122
    fflush.o                     176
    fputc.o                       86
    fseek.o                       34
    isxxx.o                       20
    localeconv.o                 108       50      136
    low_level_init.o               4
    printf.o                      36
    putchar.o                     12
    setlocale.o                   36       42      116
    strcspn.o                     36
    strspn.o                      36
    strtok.o                      76        2        4
    tolower.o                     20
    xcloseall.o                   88
    xencoding_sb.o                96
    xfgpos.o                      12
    xfiles.o                               81      384
    xfofind.o                    128
    xfspos.o                     214
    xfwprep.o                    184
    xgetmemchunk.o                44                 4
    xlocale_c.o                   32
    xmbcurmax.o                   10
    xmbtowc.o                     32
    xprintffull.o              4 506
    xprout.o                      22
    xstoul.o                     408
    xsyslock_nop.o                 4
    xtls.o                         2
    xwctomb.o                     26
    xxmemxfree.o                 128
    xxmemxmalloc.o               176                 8
    --------------------------------------------------
    Total:                     7 164      178      792

m7M_tls.a: [4]
    DblAdd.o                     212
    DblCmpGe.o                    46
    DblCmpLe.o                    46
    DblDiv.o                     598
    DblMul.o                     418
    DblSub.o                     384
    DblToI32.o                    88
    I32ToDbl.o                    48
    fpinit_M.o                    34
    xdnorm.o                      68
    xdscale.o                    276
    --------------------------------------------------
    Total:                     2 218

rt7M_tl.a: [5]
    ABImemcpy_unaligned.o        118
    ABImemset.o                  102
    I64DivMod.o                  238
    I64DivZer.o                    2
    cexit.o                       14
    cmain.o                       26
    cstart_closeall.o
    cstartup_M.o                  12
    data_init.o                   40
    memchr.o                      88
    packbits_init_single.o        56
    strchr.o                      22
    strlen.o                      54
    zero_init3.o                  64
    --------------------------------------------------
    Total:                       836

shb_l.a: [6]
    close.o                       26
    dwrite.o                      30
    exit.o                        20
    iarttio.o                    108
    iarwrite.o                    34
    iarwstd.o                     32
    lseek.o                       76
    remove.o                      22
    write.o                       16
    --------------------------------------------------
    Total:                       364

    Gaps                          52        2
    Linker created                         32    1 536
------------------------------------------------------
    Grand Total:              28 738      346    3 842


*******************************************************************************
*** ENTRY LIST
***

Entry                      Address   Size  Type      Object
-----                      -------   ----  ----      ------
.iar.init_table$$Base   0x08006ea8          --   Gb  - Linker created -
.iar.init_table$$Limit  0x08006ec8          --   Gb  - Linker created -
?main                   0x08006ec9         Code  Gb  cmain.o [5]
AHBPrescTable           0x08006f64   0x10  Data  Gb  system_stm32f3xx.o [1]
APBPrescTable           0x08006fb0    0x8  Data  Gb  system_stm32f3xx.o [1]
CRC_Handle_16           0x080049f5   0x3a  Code  Lc  stm32f3xx_hal_crc.o [1]
CRC_Handle_8            0x08004961   0x94  Code  Lc  stm32f3xx_hal_crc.o [1]
CSTACK$$Base            0x20000238          --   Gb  - Linker created -
CSTACK$$Limit           0x20000638          --   Gb  - Linker created -
Error_Handler           0x08003059    0x2  Code  Gb  main.o [1]
HAL_CRCEx_Polynomial_Set
                        0x080060df   0x60  Code  Gb  stm32f3xx_hal_crc_ex.o [1]
HAL_CRC_Calculate       0x080048dd   0x84  Code  Gb  stm32f3xx_hal_crc.o [1]
HAL_CRC_Init            0x0800484d   0x8a  Code  Gb  stm32f3xx_hal_crc.o [1]
HAL_CRC_MspInit         0x08003f19   0x26  Code  Gb  crc.o [1]
HAL_GPIO_Init           0x08004a91  0x1be  Code  Gb  stm32f3xx_hal_gpio.o [1]
HAL_GPIO_TogglePin      0x08004c61    0xa  Code  Gb  stm32f3xx_hal_gpio.o [1]
HAL_GPIO_WritePin       0x08004c4f   0x12  Code  Gb  stm32f3xx_hal_gpio.o [1]
HAL_GetTick             0x08004a85    0xc  Code  Wk  stm32f3xx_hal.o [1]
HAL_IncTick             0x08006e3d   0x10  Code  Wk  stm32f3xx_hal.o [1]
HAL_Init                0x0800305d   0x22  Code  Gb  stm32f3xx_hal.o [1]
HAL_InitTick            0x08005fbd   0x28  Code  Wk  stm32f3xx_hal.o [1]
HAL_MspInit             0x08005fe5   0x7c  Code  Gb  stm32f3xx_hal_msp.o [1]
HAL_NVIC_EnableIRQ      0x08005f63    0xe  Code  Gb  stm32f3xx_hal_cortex.o [1]
HAL_NVIC_SetPriority    0x08005f3d   0x26  Code  Gb  stm32f3xx_hal_cortex.o [1]
HAL_NVIC_SetPriorityGrouping
                        0x08005f31    0xc  Code  Gb  stm32f3xx_hal_cortex.o [1]
HAL_RCCEx_PeriphCLKConfig
                        0x08005b95  0x2ac  Code  Gb  stm32f3xx_hal_rcc_ex.o [1]
HAL_RCC_ClockConfig     0x08005857  0x23e  Code  Gb  stm32f3xx_hal_rcc.o [1]
HAL_RCC_GetHCLKFreq     0x08005b0b    0x6  Code  Gb  stm32f3xx_hal_rcc.o [1]
HAL_RCC_GetPCLK1Freq    0x08005b11   0x20  Code  Gb  stm32f3xx_hal_rcc.o [1]
HAL_RCC_GetPCLK2Freq    0x08005b31   0x20  Code  Gb  stm32f3xx_hal_rcc.o [1]
HAL_RCC_GetSysClockFreq
                        0x08005a95   0x76  Code  Gb  stm32f3xx_hal_rcc.o [1]
HAL_RCC_OscConfig       0x080050dd  0x77a  Code  Gb  stm32f3xx_hal_rcc.o [1]
HAL_RTCEx_BKUPWrite     0x080050c9   0x14  Code  Gb  stm32f3xx_hal_rtc_ex.o [1]
HAL_RTC_GetDate         0x08004fcb   0x50  Code  Gb  stm32f3xx_hal_rtc.o [1]
HAL_RTC_GetTime         0x08004e61   0x64  Code  Gb  stm32f3xx_hal_rtc.o [1]
HAL_RTC_Init            0x08004c95   0xac  Code  Gb  stm32f3xx_hal_rtc.o [1]
HAL_RTC_MspInit         0x0800333b   0x1c  Code  Gb  rtc.o [1]
HAL_RTC_SetDate         0x08004ec5  0x106  Code  Gb  stm32f3xx_hal_rtc.o [1]
HAL_RTC_SetTime         0x08004d41  0x120  Code  Gb  stm32f3xx_hal_rtc.o [1]
HAL_RTC_WaitForSynchro  0x08005029   0x34  Code  Gb  stm32f3xx_hal_rtc.o [1]
HAL_SYSTICK_CLKSourceConfig
                        0x08005f7d   0x20  Code  Gb  stm32f3xx_hal_cortex.o [1]
HAL_SYSTICK_Config      0x08005f71    0xc  Code  Gb  stm32f3xx_hal_cortex.o [1]
HAL_TIMEx_BreakCallback
                        0x080060d9    0x2  Code  Wk  stm32f3xx_hal_tim_ex.o [1]
HAL_TIMEx_CommutationCallback
                        0x080060dd    0x2  Code  Wk  stm32f3xx_hal_tim_ex.o [1]
HAL_TIMEx_MasterConfigSynchronization
                        0x08006065   0x62  Code  Gb  stm32f3xx_hal_tim_ex.o [1]
HAL_TIM_Base_Init       0x08003f4d   0x38  Code  Gb  stm32f3xx_hal_tim.o [1]
HAL_TIM_Base_MspInit    0x08003e69   0x5a  Code  Gb  tim.o [1]
HAL_TIM_ConfigClockSource
                        0x080042f9  0x122  Code  Gb  stm32f3xx_hal_tim.o [1]
HAL_TIM_IC_CaptureCallback
                        0x0800210d  0x29a  Code  Gb  main.o [1]
HAL_TIM_IC_CaptureCallback::bit_counter
                        0x20000f01    0x1  Data  Lc  main.o [1]
HAL_TIM_IC_CaptureCallback::duty_in_microseconds
                        0x20000ebc    0x4  Data  Lc  main.o [1]
HAL_TIM_IC_CaptureCallback::interrupt_counter
                        0x20000f02    0x1  Data  Lc  main.o [1]
HAL_TIM_IC_CaptureCallback::preamble_bits
                        0x20000e94   0x10  Data  Lc  main.o [1]
HAL_TIM_IC_CaptureCallback::preamble_flag
                        0x20000f03    0x1  Data  Lc  main.o [1]
HAL_TIM_IC_CaptureCallback::radio_frame
                        0x20000838  0x320  Data  Lc  main.o [1]
HAL_TIM_IC_ConfigChannel
                        0x08004223   0xd6  Code  Gb  stm32f3xx_hal_tim.o [1]
HAL_TIM_IC_Init         0x08003f85   0x38  Code  Gb  stm32f3xx_hal_tim.o [1]
HAL_TIM_IC_MspInit      0x080060d1    0x2  Code  Wk  stm32f3xx_hal_tim.o [1]
HAL_TIM_IC_Start_IT     0x08003fbd   0x6c  Code  Gb  stm32f3xx_hal_tim.o [1]
HAL_TIM_IC_Stop_IT      0x08004029   0x84  Code  Gb  stm32f3xx_hal_tim.o [1]
HAL_TIM_IRQHandler      0x080040ad  0x176  Code  Gb  stm32f3xx_hal_tim.o [1]
HAL_TIM_OC_DelayElapsedCallback
                        0x080060d3    0x2  Code  Wk  stm32f3xx_hal_tim.o [1]
HAL_TIM_PWM_PulseFinishedCallback
                        0x080060d5    0x2  Code  Wk  stm32f3xx_hal_tim.o [1]
HAL_TIM_PeriodElapsedCallback
                        0x080060d7    0x2  Code  Wk  stm32f3xx_hal_tim.o [1]
HAL_TIM_ReadCapturedValue
                        0x0800446f   0x54  Code  Gb  stm32f3xx_hal_tim.o [1]
HAL_TIM_SlaveConfigSynchronization
                        0x08004421   0x4e  Code  Gb  stm32f3xx_hal_tim.o [1]
HAL_TIM_TriggerCallback
                        0x080060db    0x2  Code  Wk  stm32f3xx_hal_tim.o [1]
HAL_UARTEx_WakeupCallback
                        0x08006061    0x2  Code  Wk  stm32f3xx_hal_uart_ex.o [1]
HAL_UART_ErrorCallback  0x08006063    0x2  Code  Wk  stm32f3xx_hal_uart.o [1]
HAL_UART_IRQHandler     0x080035ad  0x102  Code  Gb  stm32f3xx_hal_uart.o [1]
HAL_UART_Init           0x08003365   0x7e  Code  Gb  stm32f3xx_hal_uart.o [1]
HAL_UART_MspInit        0x08003295   0x58  Code  Gb  usart.o [1]
HAL_UART_Receive_IT     0x080034ff   0xae  Code  Gb  stm32f3xx_hal_uart.o [1]
HAL_UART_RxCpltCallback
                        0x0800207b    0xa  Code  Gb  main.o [1]
HAL_UART_Transmit       0x080033e3   0xc0  Code  Gb  stm32f3xx_hal_uart.o [1]
HAL_UART_Transmit_IT    0x080034a3   0x5c  Code  Gb  stm32f3xx_hal_uart.o [1]
HAL_UART_TxCpltCallback
                        0x08002071    0xa  Code  Gb  main.o [1]
HEAP$$Base              0x20000638          --   Gb  - Linker created -
HEAP$$Limit             0x20000838          --   Gb  - Linker created -
LoadInt                 0x080007ff   0x6e  Code  Lc  xprintffull.o [3]
MX_CRC_Init             0x08003ed1   0x48  Code  Gb  crc.o [1]
MX_GPIO_Init            0x08003085  0x1c0  Code  Gb  gpio.o [1]
MX_RTC_Init             0x080032fd   0x3e  Code  Gb  rtc.o [1]
MX_TIM1_Init            0x08003d81   0xe8  Code  Gb  tim.o [1]
MX_USART3_UART_Init     0x08003245   0x50  Code  Gb  usart.o [1]
NVIC_EnableIRQ          0x08005e89   0x14  Code  Lc  stm32f3xx_hal_cortex.o [1]
NVIC_EncodePriority     0x08005ec3   0x3e  Code  Lc  stm32f3xx_hal_cortex.o [1]
NVIC_GetPriorityGrouping
                        0x08005e7f    0xa  Code  Lc  stm32f3xx_hal_cortex.o [1]
NVIC_SetPriority        0x08005e9d   0x26  Code  Lc  stm32f3xx_hal_cortex.o [1]
NVIC_SetPriorityGrouping
                        0x08005e61   0x1e  Code  Lc  stm32f3xx_hal_cortex.o [1]
PendSV_Handler          0x08006a4d         Code  Gb  portasm.o [1]
RTC_Bcd2ToByte          0x080050ab   0x1c  Code  Gb  stm32f3xx_hal_rtc.o [1]
RTC_ByteToBcd2          0x08005095   0x16  Code  Gb  stm32f3xx_hal_rtc.o [1]
RTC_EnterInitMode       0x0800505d   0x38  Code  Gb  stm32f3xx_hal_rtc.o [1]
RTC_TimeConfig          0x08002ed9   0x56  Code  Gb  main.o [1]
RTC_TimeShow            0x08002f35   0x34  Code  Gb  main.o [1]
Region$$Table$$Base     0x08006ea8          --   Gb  - Linker created -
Region$$Table$$Limit    0x08006ec8          --   Gb  - Linker created -
SVC_Handler             0x08006aa5         Code  Gb  portasm.o [1]
SysTick_Config          0x08005f01   0x30  Code  Lc  stm32f3xx_hal_cortex.o [1]
SysTick_Handler         0x08006e15    0xc  Code  Gb  stm32f3xx_it.o [1]
SystemClock_Config      0x08002f71   0xa0  Code  Gb  main.o [1]
SystemCoreClock         0x20000044    0x4  Data  Gb  system_stm32f3xx.o [1]
SystemInit              0x08006af5   0x70  Code  Gb  system_stm32f3xx.o [1]
TIM1_CC_IRQHandler      0x08006e21    0xa  Code  Gb  stm32f3xx_it.o [1]
TIM_Base_SetConfig      0x080044c3   0xb6  Code  Gb  stm32f3xx_hal_tim.o [1]
TIM_CCxChannelCmd       0x08004809   0x1e  Code  Gb  stm32f3xx_hal_tim.o [1]
TIM_ETR_SetConfig       0x080047ed   0x1c  Code  Gb  stm32f3xx_hal_tim.o [1]
TIM_ITRx_SetConfig      0x080047d7   0x16  Code  Lc  stm32f3xx_hal_tim.o [1]
TIM_SlaveTimer_SetConfig
                        0x0800457b   0xb2  Code  Lc  stm32f3xx_hal_tim.o [1]
TIM_TI1_ConfigInputStage
                        0x080046c5   0x2c  Code  Lc  stm32f3xx_hal_tim.o [1]
TIM_TI1_SetConfig       0x0800462d   0x70  Code  Gb  stm32f3xx_hal_tim.o [1]
TIM_TI2_ConfigInputStage
                        0x0800472f   0x2e  Code  Lc  stm32f3xx_hal_tim.o [1]
TIM_TI2_SetConfig       0x080046f1   0x3e  Code  Lc  stm32f3xx_hal_tim.o [1]
TIM_TI3_SetConfig       0x0800475d   0x3c  Code  Lc  stm32f3xx_hal_tim.o [1]
TIM_TI4_SetConfig       0x08004799   0x3e  Code  Lc  stm32f3xx_hal_tim.o [1]
UART_AdvFeatureConfig   0x080039c9   0xda  Code  Gb  stm32f3xx_hal_uart.o [1]
UART_CheckIdleState     0x08003aa3   0x5e  Code  Gb  stm32f3xx_hal_uart.o [1]
UART_EndTransmit_IT     0x08003c5d   0x20  Code  Gb  stm32f3xx_hal_uart.o [1]
UART_Receive_IT         0x08003c7d   0x9a  Code  Gb  stm32f3xx_hal_uart.o [1]
UART_SetConfig          0x080036af  0x2fc  Code  Gb  stm32f3xx_hal_uart.o [1]
UART_Transmit_IT        0x08003bed   0x70  Code  Gb  stm32f3xx_hal_uart.o [1]
UART_WaitOnFlagUntilTimeout
                        0x08003b01   0xea  Code  Gb  stm32f3xx_hal_uart.o [1]
UARTfunction            0x080024af  0x188  Code  Gb  main.o [1]
UARTfunction::Date      0x20000ea4    0x8  Data  Lc  main.o [1]
UARTfunction::dateCheck
                        0x20000f04    0x1  Data  Lc  main.o [1]
UARTfunction::time      0x20000ec4    0x4  Data  Lc  main.o [1]
UARTfunction::timeCheck
                        0x20000f05    0x1  Data  Lc  main.o [1]
USART3_IRQHandler       0x08006e2b    0xa  Code  Gb  stm32f3xx_it.o [1]
UartReady               0x20000f00    0x1  Data  Gb  main.o [1]
_Close_all              0x08006cb9   0x58  Code  Gb  xcloseall.o [3]
_EncodingSb_Mbtowc      0x08001f23   0x30  Code  Gb  xencoding_sb.o [3]
_EncodingSb_Mbtowc::initial
                        0x08001f60    0x8  Data  Lc  xencoding_sb.o [3]
_EncodingSb_Wctomb      0x08001f09   0x1a  Code  Gb  xencoding_sb.o [3]
_EncodingSb_Wctomb::initial
                        0x08001f58    0x8  Data  Lc  xencoding_sb.o [3]
_Files                  0x20000108   0x20  Data  Gb  xfiles.o [3]
_Fofree                 0x08006b8d   0x78  Code  Gb  xfofind.o [3]
_Fspos                  0x080065dd   0xd6  Code  Gb  xfspos.o [3]
_Fwprep                 0x08006971   0xb8  Code  Gb  xfwprep.o [3]
_GenldFull              0x08001085  0x254  Code  Lc  xprintffull.o [3]
_IsdstStr               0x200001c4    0x4  Data  Gb  setlocale.o [3]
_LdtobFull              0x08000c85  0x3fa  Code  Lc  xprintffull.o [3]
_LitobFull              0x08000b79  0x10a  Code  Lc  xprintffull.o [3]
_LocaleC_isspace        0x08006355   0x14  Code  Gb  xlocale_c.o [3]
_LocaleC_tolower        0x08006369    0xc  Code  Gb  xlocale_c.o [3]
_LocaleEncoding         0x08001ef7    0xe  Code  Gb  setlocale.o [3]
_LocaleForCat           0x08001ee5   0x12  Code  Gb  setlocale.o [3]
_LocaleReturnString     0x200001e4   0x50  Data  Lc  setlocale.o [3]
_Locale_Profile         0x200001c8   0x1c  Data  Gb  setlocale.o [3]
_Locale_aeabi_lconv     0x20000188   0x38  Data  Gb  localeconv.o [3]
_Locale_lconv           0x20000138   0x50  Data  Gb  localeconv.o [3]
_Mbtowc                 0x08001323   0x20  Code  Gb  xmbtowc.o [3]
_Nnl                    0x08006765    0xc  Code  Gb  xfgpos.o [3]
_PrintfFull             0x08000189  0x660  Code  Gb  xprintffull.o [3]
_Prout                  0x08006f11   0x16  Code  Gb  xprout.o [3]
_PutcharsFull           0x080012d9   0x2e  Code  Lc  xprintffull.o [3]
_PutstrFull             0x0800086d  0x306  Code  Lc  xprintffull.o [3]
_Strtok_ssave           0x20000130    0x4  Data  Lc  strtok.o [3]
_TzoneStr               0x200001c0    0x4  Data  Gb  setlocale.o [3]
_Wctomb                 0x080014a9   0x1a  Code  Gb  xwctomb.o [3]
__aeabi_cdcmple         0x080016f1         Code  Gb  DblCmpLe.o [4]
__aeabi_cdrcmple        0x08001721         Code  Gb  DblCmpGe.o [4]
__aeabi_d2iz            0x08001865         Code  Gb  DblToI32.o [4]
__aeabi_d2uiz           0x08001891         Code  Gb  DblToI32.o [4]
__aeabi_ddiv            0x08001c11         Code  Gb  DblDiv.o [4]
__aeabi_dmul            0x08001a6d         Code  Gb  DblMul.o [4]
__aeabi_dsub            0x080018ed         Code  Gb  DblSub.o [4]
__aeabi_errno_addr      0x08006349    0x6  Code  Gb  errno.o [3]
__aeabi_i2d             0x080018bd         Code  Gb  I32ToDbl.o [4]
__aeabi_ldiv0           0x08001f95         Code  Gb  I64DivZer.o [5]
__aeabi_memset          0x08003d19         Code  Gb  ABImemset.o [5]
__aeabi_ui2d            0x080018d1         Code  Gb  I32ToDbl.o [4]
__aeabi_uldivmod        0x080015bd         Code  Gb  I64DivMod.o [5]
__cexit_closeall        0x08006eef         Code  Gb  cexit.o [5]
__close                 0x08006c87   0x1a  Code  Gb  close.o [6]
__cmain                 0x08006ec9         Code  Gb  cmain.o [5]
__cstart_closeall       0x080070d0         Data  Gb  cstart_closeall.o [5]
__data_Aldata           0x20000eb4    0x8  Data  Gb  xxmemxmalloc.o [3]
__data_GetMemChunk      0x08001f69   0x2c  Code  Gb  xgetmemchunk.o [3]
__data_GetMemChunk::start
                        0x20000efc    0x4  Data  Lc  xgetmemchunk.o [3]
__dwrite                0x0800689d   0x1e  Code  Gb  dwrite.o [6]
__exit                  0x08006efd   0x14  Code  Gb  exit.o [6]
__iar_Dnorm             0x080016ab   0x44  Code  Gb  xdnorm.o [4]
__iar_Dscale            0x08001751  0x114  Code  Gb  xdscale.o [4]
__iar_Errno             0x20000134    0x4  Data  Gb  errno.o [3]
__iar_Locale_lconv_init
                        0x08001e69   0x3a  Code  Gb  localeconv.o [3]
__iar_Lockfilelock      0x080067bd    0x2  Code  Gb  xsyslock_nop.o [3]
__iar_Mbcurmax          0x080013ed    0xa  Code  Gb  xmbcurmax.o [3]
__iar_Memchr            0x08001395         Code  Gb  memchr.o [5]
__iar_Memset            0x08003d19         Code  Gb  ABImemset.o [5]
__iar_Memset_word       0x08003d21         Code  Gb  ABImemset.o [5]
__iar_Stderr            0x200000c8   0x40  Data  Gb  xfiles.o [3]
__iar_Stdin             0x20000048   0x40  Data  Gb  xfiles.o [3]
__iar_Stdout            0x20000088   0x40  Data  Gb  xfiles.o [3]
__iar_Stoul             0x080062cd    0x4  Code  Gb  xstoul.o [3]
__iar_Stoulx            0x08006189  0x13e  Code  Gb  xstoul.o [3]
__iar_Strchr            0x08001345         Code  Gb  strchr.o [5]
__iar_Unlockfilelock    0x080067bf    0x2  Code  Gb  xsyslock_nop.o [3]
__iar_close_ttio        0x080068fd   0x2e  Code  Gb  iarttio.o [6]
__iar_d2uiz             0x0800189d         Code  Gb  DblToI32.o [4]
__iar_dadd              0x08001f99         Code  Gb  DblAdd.o [4]
__iar_data_init3        0x08006e5d   0x28  Code  Gb  data_init.o [5]
__iar_dlib_perthread_access
                        0x0800206d    0x2  Code  Gb  xtls.o [3]
__iar_dsub              0x08001901         Code  Gb  DblSub.o [4]
__iar_dsubStart         0x08001913         Code  Gb  DblSub.o [4]
__iar_get_ttio          0x0800692d   0x38  Code  Gb  iarttio.o [6]
__iar_init_vfp          0x08006e85         Code  Gb  fpinit_M.o [4]
__iar_lookup_ttioh      0x08006969    0x8  Code  Gb  XShttio.o [3]
__iar_packbits_init_single3
                        0x08006da7   0x38  Code  Gb  packbits_init_single.o [5]
__iar_program_start     0x08006f9d         Code  Gb  cstartup_M.o [5]
__iar_sh_Discard        0x080067d1   0x3e  Code  Gb  XShHandles.o [3]
__iar_sh_Move           0x08006815   0x46  Code  Gb  XShHandles.o [3]
__iar_sh_Pos            0x0800685b   0x3e  Code  Gb  XShHandles.o [3]
__iar_sh_stdout         0x080068bb   0x20  Code  Gb  iarwstd.o [6]
__iar_sh_write          0x080068db   0x22  Code  Gb  iarwrite.o [6]
__iar_ttio_handles      0x20000128    0x8  Data  Lc  XShttio.o [3]
__iar_ui2d              0x080018d5         Code  Gb  I32ToDbl.o [4]
__iar_unaligned___aeabi_memcpy
                        0x080014c5         Code  Gb  ABImemcpy_unaligned.o [5]
__iar_unaligned___aeabi_memcpy4
                        0x080014e5         Code  Gb  ABImemcpy_unaligned.o [5]
__iar_unaligned___aeabi_memcpy8
                        0x080014e5         Code  Gb  ABImemcpy_unaligned.o [5]
__iar_zero_init3        0x08006d67   0x40  Code  Gb  zero_init3.o [5]
__low_level_init        0x08006ee3    0x4  Code  Gb  low_level_init.o [3]
__lseek                 0x08006771   0x4c  Code  Gb  lseek.o [6]
__vector_table          0x08000000         Data  Gb  startup_stm32f303xc.o [1]
__write                 0x080067c1   0x10  Code  Gb  write.o [6]
_call_main              0x08006ed5         Code  Gb  cmain.o [5]
_exit                   0x08006eed         Code  Gb  cexit.o [5]
_main                   0x08006edf         Code  Gb  cmain.o [5]
aPLLMULFactorTable      0x08006f44   0x10  Data  Gb  stm32f3xx_hal_rcc.o [1]
aPredivFactorTable      0x08006f54   0x10  Data  Gb  stm32f3xx_hal_rcc.o [1]
atoi                    0x08004a7d    0x8  Code  Gb  atoi.o [3]
digits                  0x080062d0   0x28  Data  Lc  xstoul.o [3]
displayFunction         0x08002649  0x87e  Code  Gb  main.o [1]
displayFunction::number
                        0x20000eac    0x8  Data  Lc  main.o [1]
displayFunction{6}{7}::last_second
                        0x20000ec8    0x4  Data  Lc  main.o [1]
div                     0x08001ed5    0xe  Code  Gb  div.o [3]
ebuf                    0x20000d74   0x50  Data  Lc  xfiles.o [3]
exit                    0x08006ee7    0x4  Code  Gb  exit.o [3]
fclose                  0x08006c0d   0x7a  Code  Gb  fclose.o [3]
fflush                  0x0800672b   0x34  Code  Gb  fflush.o [3]
fflushOne               0x080066b5   0x76  Code  Lc  fflush.o [3]
fputc                   0x08006d11   0x56  Code  Gb  fputc.o [3]
frame_decoder           0x080023a7  0x108  Code  Gb  main.o [1]
frame_decoder::decoded_frame
                        0x20000b58   0xa0  Data  Lc  main.o [1]
frame_decoder::hej      0x20000ec0    0x4  Data  Lc  main.o [1]
free                    0x0800153d   0x7a  Code  Gb  xxmemxfree.o [3]
fseek                   0x08006a29   0x22  Code  Gb  fseek.o [3]
hcrc                    0x20000e50   0x24  Data  Gb  crc.o [1]
hrtc                    0x20000e74   0x20  Data  Gb  main.o [1]
htim1                   0x20000e14   0x3c  Data  Gb  tim.o [1]
huart3                  0x20000d04   0x70  Data  Gb  usart.o [1]
isspace                 0x08006321   0x14  Code  Gb  isxxx.o [3]
localeconv              0x08001ea3   0x16  Code  Gb  localeconv.o [3]
main                    0x08002085   0x88  Code  Gb  main.o [1]
main::Buffer            0x20000000   0x44  Data  Lc  main.o [1]
malloc                  0x080013f9   0xac  Code  Gb  xxmemxmalloc.o [3]
memchr                  0x08001395         Code  Gb  memchr.o [5]
ndigs                   0x080062f8   0x28  Data  Lc  xstoul.o [3]
obuf                    0x20000dc4   0x50  Data  Lc  xfiles.o [3]
osSystickHandler        0x08006e4d   0x10  Code  Gb  cmsis_os.o [1]
printf                  0x08004829   0x24  Code  Gb  printf.o [3]
prvResetNextTaskUnblockTime
                        0x08006531   0x26  Code  Lc  tasks.o [1]
putchar                 0x08006f29    0xc  Code  Gb  putchar.o [3]
pxCurrentTCB            0x20000ed0    0x4  Data  Gb  tasks.o [1]
pxDelayedTaskList       0x20000ed4    0x4  Data  Lc  tasks.o [1]
pxOverflowDelayedTaskList
                        0x20000ed8    0x4  Data  Lc  tasks.o [1]
pxReadyTasksLists       0x20000bf8   0x8c  Data  Lc  tasks.o [1]
remove                  0x08006ca1   0x16  Code  Gb  remove.o [6]
sFileInfo               0x20000c84   0x80  Data  Lc  XShHandles.o [3]
strchr                  0x08001345         Code  Gb  strchr.o [5]
strcspn                 0x08006163   0x24  Code  Gb  strcspn.o [3]
strlen                  0x0800135d         Code  Gb  strlen.o [5]
strspn                  0x0800613f   0x24  Code  Gb  strspn.o [3]
strtok                  0x08004a31   0x4c  Code  Gb  strtok.o [3]
tolower                 0x08006335   0x14  Code  Gb  tolower.o [3]
uwTick                  0x20000ecc    0x4  Data  Gb  stm32f3xx_hal.o [1]
uxListRemove            0x080065b5   0x28  Code  Gb  list.o [1]
uxPendedTicks           0x20000ee8    0x4  Data  Lc  tasks.o [1]
uxSchedulerSuspended    0x20000ef8    0x4  Data  Lc  tasks.o [1]
uxTopReadyPriority      0x20000ee0    0x4  Data  Lc  tasks.o [1]
vListInsertEnd          0x0800659d   0x18  Code  Gb  list.o [1]
vPortEnableVFP          0x08006ad9         Code  Gb  portasm.o [1]
vPortStartFirstTask     0x08006ac1         Code  Gb  portasm.o [1]
vTaskSwitchContext      0x080064a7   0x74  Code  Gb  tasks.o [1]
xNextTaskUnblockTime    0x20000ef4    0x4  Data  Lc  tasks.o [1]
xNumOfOverflows         0x20000ef0    0x4  Data  Lc  tasks.o [1]
xPortSysTickHandler     0x08006de1   0x2c  Code  Gb  port.o [1]
xSchedulerRunning       0x20000ee4    0x4  Data  Lc  tasks.o [1]
xTaskGetSchedulerState  0x08006557   0x26  Code  Gb  tasks.o [1]
xTaskIncrementTick      0x08006375  0x132  Code  Gb  tasks.o [1]
xTickCount              0x20000edc    0x4  Data  Lc  tasks.o [1]
xYieldPending           0x20000eec    0x4  Data  Lc  tasks.o [1]


[1] = U:\Downloads\STM32Cube_FW_F3_V1.7.0\Projects\STM32F3-Discovery\My projects\KULUR\Test\Debug\Obj
[2] = command line
[3] = dl7M_tlf.a
[4] = m7M_tls.a
[5] = rt7M_tl.a
[6] = shb_l.a

  28 738 bytes of readonly  code memory
     346 bytes of readonly  data memory
   3 842 bytes of readwrite data memory

Errors: none
Warnings: none
