###############################################################################
#
# IAR ELF Linker V7.80.3.12102/W32 for ARM                22/Feb/2017  08:49:17
# Copyright 2007-2016 IAR Systems AB.
#
#    Output file  =  
#        U:\Downloads\STM32Cube_FW_F3_V1.7.0\Projects\STM32F3-Discovery\My
#        projects\KULUR\Test\Debug\Exe\testKULUR.out
#    Map file     =  
#        U:\Downloads\STM32Cube_FW_F3_V1.7.0\Projects\STM32F3-Discovery\My
#        projects\KULUR\Test\Debug\List\testKULUR.map
#    Command line =  
#        "U:\Downloads\STM32Cube_FW_F3_V1.7.0\Projects\STM32F3-Discovery\My
#        projects\KULUR\Test\Debug\Obj\cmsis_os.o"
#        "U:\Downloads\STM32Cube_FW_F3_V1.7.0\Projects\STM32F3-Discovery\My
#        projects\KULUR\Test\Debug\Obj\crc.o"
#        "U:\Downloads\STM32Cube_FW_F3_V1.7.0\Projects\STM32F3-Discovery\My
#        projects\KULUR\Test\Debug\Obj\croutine.o"
#        "U:\Downloads\STM32Cube_FW_F3_V1.7.0\Projects\STM32F3-Discovery\My
#        projects\KULUR\Test\Debug\Obj\event_groups.o"
#        "U:\Downloads\STM32Cube_FW_F3_V1.7.0\Projects\STM32F3-Discovery\My
#        projects\KULUR\Test\Debug\Obj\freertos.o"
#        "U:\Downloads\STM32Cube_FW_F3_V1.7.0\Projects\STM32F3-Discovery\My
#        projects\KULUR\Test\Debug\Obj\gpio.o"
#        "U:\Downloads\STM32Cube_FW_F3_V1.7.0\Projects\STM32F3-Discovery\My
#        projects\KULUR\Test\Debug\Obj\heap_4.o"
#        "U:\Downloads\STM32Cube_FW_F3_V1.7.0\Projects\STM32F3-Discovery\My
#        projects\KULUR\Test\Debug\Obj\list.o"
#        "U:\Downloads\STM32Cube_FW_F3_V1.7.0\Projects\STM32F3-Discovery\My
#        projects\KULUR\Test\Debug\Obj\main.o"
#        "U:\Downloads\STM32Cube_FW_F3_V1.7.0\Projects\STM32F3-Discovery\My
#        projects\KULUR\Test\Debug\Obj\port.o"
#        "U:\Downloads\STM32Cube_FW_F3_V1.7.0\Projects\STM32F3-Discovery\My
#        projects\KULUR\Test\Debug\Obj\portasm.o"
#        "U:\Downloads\STM32Cube_FW_F3_V1.7.0\Projects\STM32F3-Discovery\My
#        projects\KULUR\Test\Debug\Obj\queue.o"
#        "U:\Downloads\STM32Cube_FW_F3_V1.7.0\Projects\STM32F3-Discovery\My
#        projects\KULUR\Test\Debug\Obj\rtc.o"
#        "U:\Downloads\STM32Cube_FW_F3_V1.7.0\Projects\STM32F3-Discovery\My
#        projects\KULUR\Test\Debug\Obj\startup_stm32f303xc.o"
#        "U:\Downloads\STM32Cube_FW_F3_V1.7.0\Projects\STM32F3-Discovery\My
#        projects\KULUR\Test\Debug\Obj\stm32f3_discovery.o"
#        "U:\Downloads\STM32Cube_FW_F3_V1.7.0\Projects\STM32F3-Discovery\My
#        projects\KULUR\Test\Debug\Obj\stm32f3xx_hal.o"
#        "U:\Downloads\STM32Cube_FW_F3_V1.7.0\Projects\STM32F3-Discovery\My
#        projects\KULUR\Test\Debug\Obj\stm32f3xx_hal_cortex.o"
#        "U:\Downloads\STM32Cube_FW_F3_V1.7.0\Projects\STM32F3-Discovery\My
#        projects\KULUR\Test\Debug\Obj\stm32f3xx_hal_crc.o"
#        "U:\Downloads\STM32Cube_FW_F3_V1.7.0\Projects\STM32F3-Discovery\My
#        projects\KULUR\Test\Debug\Obj\stm32f3xx_hal_crc_ex.o"
#        "U:\Downloads\STM32Cube_FW_F3_V1.7.0\Projects\STM32F3-Discovery\My
#        projects\KULUR\Test\Debug\Obj\stm32f3xx_hal_dma.o"
#        "U:\Downloads\STM32Cube_FW_F3_V1.7.0\Projects\STM32F3-Discovery\My
#        projects\KULUR\Test\Debug\Obj\stm32f3xx_hal_flash.o"
#        "U:\Downloads\STM32Cube_FW_F3_V1.7.0\Projects\STM32F3-Discovery\My
#        projects\KULUR\Test\Debug\Obj\stm32f3xx_hal_flash_ex.o"
#        "U:\Downloads\STM32Cube_FW_F3_V1.7.0\Projects\STM32F3-Discovery\My
#        projects\KULUR\Test\Debug\Obj\stm32f3xx_hal_gpio.o"
#        "U:\Downloads\STM32Cube_FW_F3_V1.7.0\Projects\STM32F3-Discovery\My
#        projects\KULUR\Test\Debug\Obj\stm32f3xx_hal_i2c.o"
#        "U:\Downloads\STM32Cube_FW_F3_V1.7.0\Projects\STM32F3-Discovery\My
#        projects\KULUR\Test\Debug\Obj\stm32f3xx_hal_i2c_ex.o"
#        "U:\Downloads\STM32Cube_FW_F3_V1.7.0\Projects\STM32F3-Discovery\My
#        projects\KULUR\Test\Debug\Obj\stm32f3xx_hal_msp.o"
#        "U:\Downloads\STM32Cube_FW_F3_V1.7.0\Projects\STM32F3-Discovery\My
#        projects\KULUR\Test\Debug\Obj\stm32f3xx_hal_pwr.o"
#        "U:\Downloads\STM32Cube_FW_F3_V1.7.0\Projects\STM32F3-Discovery\My
#        projects\KULUR\Test\Debug\Obj\stm32f3xx_hal_pwr_ex.o"
#        "U:\Downloads\STM32Cube_FW_F3_V1.7.0\Projects\STM32F3-Discovery\My
#        projects\KULUR\Test\Debug\Obj\stm32f3xx_hal_rcc.o"
#        "U:\Downloads\STM32Cube_FW_F3_V1.7.0\Projects\STM32F3-Discovery\My
#        projects\KULUR\Test\Debug\Obj\stm32f3xx_hal_rcc_ex.o"
#        "U:\Downloads\STM32Cube_FW_F3_V1.7.0\Projects\STM32F3-Discovery\My
#        projects\KULUR\Test\Debug\Obj\stm32f3xx_hal_rtc.o"
#        "U:\Downloads\STM32Cube_FW_F3_V1.7.0\Projects\STM32F3-Discovery\My
#        projects\KULUR\Test\Debug\Obj\stm32f3xx_hal_rtc_ex.o"
#        "U:\Downloads\STM32Cube_FW_F3_V1.7.0\Projects\STM32F3-Discovery\My
#        projects\KULUR\Test\Debug\Obj\stm32f3xx_hal_tim.o"
#        "U:\Downloads\STM32Cube_FW_F3_V1.7.0\Projects\STM32F3-Discovery\My
#        projects\KULUR\Test\Debug\Obj\stm32f3xx_hal_tim_ex.o"
#        "U:\Downloads\STM32Cube_FW_F3_V1.7.0\Projects\STM32F3-Discovery\My
#        projects\KULUR\Test\Debug\Obj\stm32f3xx_hal_uart.o"
#        "U:\Downloads\STM32Cube_FW_F3_V1.7.0\Projects\STM32F3-Discovery\My
#        projects\KULUR\Test\Debug\Obj\stm32f3xx_hal_uart_ex.o"
#        "U:\Downloads\STM32Cube_FW_F3_V1.7.0\Projects\STM32F3-Discovery\My
#        projects\KULUR\Test\Debug\Obj\stm32f3xx_it.o"
#        "U:\Downloads\STM32Cube_FW_F3_V1.7.0\Projects\STM32F3-Discovery\My
#        projects\KULUR\Test\Debug\Obj\system_stm32f3xx.o"
#        "U:\Downloads\STM32Cube_FW_F3_V1.7.0\Projects\STM32F3-Discovery\My
#        projects\KULUR\Test\Debug\Obj\tasks.o"
#        "U:\Downloads\STM32Cube_FW_F3_V1.7.0\Projects\STM32F3-Discovery\My
#        projects\KULUR\Test\Debug\Obj\tim.o"
#        "U:\Downloads\STM32Cube_FW_F3_V1.7.0\Projects\STM32F3-Discovery\My
#        projects\KULUR\Test\Debug\Obj\timers.o"
#        "U:\Downloads\STM32Cube_FW_F3_V1.7.0\Projects\STM32F3-Discovery\My
#        projects\KULUR\Test\Debug\Obj\usart.o" -o
#        "U:\Downloads\STM32Cube_FW_F3_V1.7.0\Projects\STM32F3-Discovery\My
#        projects\KULUR\Test\Debug\Exe\testKULUR.out" --redirect
#        _Printf=_PrintfFull --redirect _Scanf=_ScanfFull --map
#        "U:\Downloads\STM32Cube_FW_F3_V1.7.0\Projects\STM32F3-Discovery\My
#        projects\KULUR\Test\Debug\List\testKULUR.map" --config
#        "U:\Downloads\STM32Cube_FW_F3_V1.7.0\Projects\STM32F3-Discovery\My
#        projects\KULUR\Test\stm32f303xc_flash.icf" --semihosting --entry
#        __iar_program_start --vfe
#
###############################################################################

*******************************************************************************
*** RUNTIME MODEL ATTRIBUTES
***

CppFlavor                     = *
__Heap_Handler                = Basic
__SystemLibrary               = DLib
__dlib_dynamic_initialization = normal


*******************************************************************************
*** PLACEMENT SUMMARY
***

"A0":  place at 0x08000000 { ro section .intvec };
"P1":  place in [from 0x08000000 to 0x0803ffff] { ro };
"P2":  place in [from 0x20000000 to 0x20009fff] { rw, block CSTACK, block HEAP };
initialize by copy { rw };

  Section             Kind        Address    Size  Object
  -------             ----        -------    ----  ------
"A0":                                       0x188
  .intvec             ro code  0x08000000   0x188  startup_stm32f303xc.o [1]
                             - 0x08000188   0x188

"P1":                                      0x4d22
  .text               ro code  0x08000188  0x119a  xprintffull.o [3]
  .text               ro code  0x08001322    0x20  xmbtowc.o [3]
  .text               ro code  0x08001344    0x16  strchr.o [5]
  .text               ro code  0x0800135c    0x36  strlen.o [5]
  .text               ro code  0x08001394    0x58  memchr.o [5]
  .text               ro code  0x080013ec     0xa  xmbcurmax.o [3]
  .text               ro code  0x080013f8    0xb0  xxmemxmalloc.o [3]
  .text               ro code  0x080014a8    0x1a  xwctomb.o [3]
  .text               ro code  0x080014c4    0x76  ABImemcpy_unaligned.o [5]
  .text               ro code  0x0800153c    0x80  xxmemxfree.o [3]
  .text               ro code  0x080015bc    0xee  I64DivMod.o [5]
  .text               ro code  0x080016aa    0x44  xdnorm.o [4]
  .text               ro code  0x080016f0    0x2e  DblCmpLe.o [4]
  .text               ro code  0x08001720    0x2e  DblCmpGe.o [4]
  .text               ro code  0x08001750   0x114  xdscale.o [4]
  .text               ro code  0x08001864    0x58  DblToI32.o [4]
  .text               ro code  0x080018bc    0x30  I32ToDbl.o [4]
  .text               ro code  0x080018ec   0x180  DblSub.o [4]
  .text               ro code  0x08001a6c   0x1a2  DblMul.o [4]
  .text               ro code  0x08001c10   0x256  DblDiv.o [4]
  .text               ro code  0x08001e68    0x6c  localeconv.o [3]
  .text               ro code  0x08001ed4     0xe  div.o [3]
  .text               ro code  0x08001ee4    0x14  setlocale.o [3]
  .text               ro code  0x08001ef8    0x60  xencoding_sb.o [3]
  .text               ro code  0x08001f58    0x2c  xgetmemchunk.o [3]
  .text               ro code  0x08001f84     0x2  I64DivZer.o [5]
  .text               ro code  0x08001f88    0xd4  DblAdd.o [4]
  .text               ro code  0x0800205c     0x2  xtls.o [3]
  .text               ro code  0x08002060   0x77e  stm32f3xx_hal_tim.o [1]
  .text               ro code  0x080027e0   0x134  tim.o [1]
  .text               ro code  0x08002914     0x2  stm32f3xx_hal_tim.o [1]
  .text               ro code  0x08002918   0x3e0  main.o [1]
  .text               ro code  0x08002cf8     0x2  stm32f3xx_hal_tim.o [1]
  .text               ro code  0x08002cfa     0x2  stm32f3xx_hal_tim.o [1]
  .text               ro code  0x08002cfc     0x2  stm32f3xx_hal_tim.o [1]
  .text               ro code  0x08002cfe     0x2  stm32f3xx_hal_tim_ex.o [1]
  .text               ro code  0x08002d00     0x2  stm32f3xx_hal_tim.o [1]
  .text               ro code  0x08002d02     0x2  stm32f3xx_hal_tim_ex.o [1]
  .text               ro code  0x08002d04    0x58  stm32f3xx_hal_tim_ex.o [1]
  .text               ro code  0x08002d5c   0x190  stm32f3xx_hal_gpio.o [1]
  .text               ro code  0x08002eec   0x104  stm32f3xx_hal_cortex.o [1]
  .text               ro code  0x08002ff0    0x24  stm32f3xx_hal.o [1]
  .text               ro code  0x08003014   0x198  gpio.o [1]
  .text               ro code  0x080031ac    0x9c  usart.o [1]
  .text               ro code  0x08003248    0x4c  rtc.o [1]
  .text               ro code  0x08003294    0x64  crc.o [1]
  .text               ro code  0x080032f8    0x18  stm32f3xx_hal.o [1]
  .text               ro code  0x08003310    0x24  printf.o [3]
  .text               ro code  0x08003334   0x184  stm32f3xx_hal_crc.o [1]
  .text               ro code  0x080034b8   0x53c  stm32f3xx_hal_rcc.o [1]
  .text               ro code  0x080039f4   0x1bc  stm32f3xx_hal_rcc_ex.o [1]
  .text               ro code  0x08003bb0    0x28  stm32f3xx_hal.o [1]
  .text               ro code  0x08003bd8    0x78  stm32f3xx_hal_msp.o [1]
  .text               ro code  0x08003c50   0x47c  stm32f3xx_hal_uart.o [1]
  .text               ro code  0x080040cc    0xd4  stm32f3xx_hal_rtc.o [1]
  .text               ro code  0x080041a0     0xc  stm32f3xx_hal.o [1]
  .text               ro code  0x080041ac    0x4a  stm32f3xx_hal_crc_ex.o [1]
  .text               ro code  0x080041f8   0x178  tasks.o [1]
  .text               ro code  0x08004370    0x3c  list.o [1]
  .text               ro code  0x080043ac    0xd6  xfspos.o [3]
  .text               ro code  0x08004484    0xb0  fflush.o [3]
  .text               ro code  0x08004534     0xc  xfgpos.o [3]
  .text               ro code  0x08004540    0x4c  lseek.o [6]
  .text               ro code  0x0800458c     0xc  errno.o [3]
  .text               ro code  0x08004598     0x4  xsyslock_nop.o [3]
  .text               ro code  0x0800459c    0x10  write.o [6]
  .text               ro code  0x080045ac    0xcc  XShHandles.o [3]
  .text               ro code  0x08004678    0x1e  dwrite.o [6]
  .text               ro code  0x08004696    0x20  iarwstd.o [6]
  .text               ro code  0x080046b6    0x22  iarwrite.o [6]
  .text               ro code  0x080046d8    0x6c  iarttio.o [6]
  .text               ro code  0x08004744     0x8  XShttio.o [3]
  .text               ro code  0x0800474c    0xb8  xfwprep.o [3]
  .text               ro code  0x08004804    0x22  fseek.o [3]
  CODE                ro code  0x08004828    0xa8  portasm.o [1]
  .text               ro code  0x080048d0    0x80  xfofind.o [3]
  .text               ro code  0x08004950    0x7c  system_stm32f3xx.o [1]
  .text               ro code  0x080049cc    0x7a  fclose.o [3]
  .text               ro code  0x08004a46    0x1a  close.o [6]
  .text               ro code  0x08004a60    0x16  remove.o [6]
  .text               ro code  0x08004a78    0x58  xcloseall.o [3]
  .text               ro code  0x08004ad0    0x56  fputc.o [3]
  .text               ro code  0x08004b26    0x40  zero_init3.o [5]
  .text               ro code  0x08004b66    0x38  packbits_init_single.o [5]
  .text               ro code  0x08004ba0    0x2c  port.o [1]
  .text               ro code  0x08004bcc    0x28  data_init.o [5]
  .text               ro code  0x08004bf4    0x22  fpinit_M.o [4]
  .iar.init_table     const    0x08004c18    0x20  - Linker created -
  .text               ro code  0x08004c38    0x1a  cmain.o [5]
  .text               ro code  0x08004c52     0x4  low_level_init.o [3]
  .text               ro code  0x08004c56     0x4  exit.o [3]
  .text               ro code  0x08004c5c     0xe  cexit.o [5]
  .text               ro code  0x08004c6c    0x14  exit.o [6]
  .text               ro code  0x08004c80    0x18  stm32f3xx_it.o [1]
  .text               ro code  0x08004c98    0x10  stm32f3xx_hal.o [1]
  .text               ro code  0x08004ca8    0x14  cmsis_os.o [1]
  .text               ro code  0x08004cbc    0x16  xprout.o [3]
  .text               ro code  0x08004cd4     0xc  putchar.o [3]
  .text               ro code  0x08004ce0    0x10  startup_stm32f303xc.o [1]
  .text               ro code  0x08004cf0     0xc  cstartup_M.o [5]
  .rodata             const    0x08004cfc     0x8  system_stm32f3xx.o [1]
  .text               ro code  0x08004d04     0x4  startup_stm32f303xc.o [1]
  .text               ro code  0x08004d08     0x4  startup_stm32f303xc.o [1]
  .text               ro code  0x08004d0c     0x4  startup_stm32f303xc.o [1]
  .text               ro code  0x08004d10     0x4  startup_stm32f303xc.o [1]
  .text               ro code  0x08004d14     0x4  startup_stm32f303xc.o [1]
  .text               ro code  0x08004d18     0x4  startup_stm32f303xc.o [1]
  .text               ro code  0x08004d1c     0x4  startup_stm32f303xc.o [1]
  .text               ro code  0x08004d20     0x4  startup_stm32f303xc.o [1]
  .text               ro code  0x08004d24     0x4  startup_stm32f303xc.o [1]
  .text               ro code  0x08004d28     0x4  startup_stm32f303xc.o [1]
  .text               ro code  0x08004d2c     0x4  startup_stm32f303xc.o [1]
  .text               ro code  0x08004d30     0x4  startup_stm32f303xc.o [1]
  .text               ro code  0x08004d34     0x4  startup_stm32f303xc.o [1]
  .text               ro code  0x08004d38     0x4  startup_stm32f303xc.o [1]
  .text               ro code  0x08004d3c     0x4  startup_stm32f303xc.o [1]
  .text               ro code  0x08004d40     0x4  startup_stm32f303xc.o [1]
  .text               ro code  0x08004d44     0x4  startup_stm32f303xc.o [1]
  .text               ro code  0x08004d48     0x4  startup_stm32f303xc.o [1]
  .text               ro code  0x08004d4c     0x4  startup_stm32f303xc.o [1]
  .text               ro code  0x08004d50     0x4  startup_stm32f303xc.o [1]
  .text               ro code  0x08004d54     0x4  startup_stm32f303xc.o [1]
  .text               ro code  0x08004d58     0x4  startup_stm32f303xc.o [1]
  .text               ro code  0x08004d5c     0x4  startup_stm32f303xc.o [1]
  .text               ro code  0x08004d60     0x4  startup_stm32f303xc.o [1]
  .text               ro code  0x08004d64     0x4  startup_stm32f303xc.o [1]
  .text               ro code  0x08004d68     0x4  startup_stm32f303xc.o [1]
  .text               ro code  0x08004d6c     0x4  startup_stm32f303xc.o [1]
  .text               ro code  0x08004d70     0x4  startup_stm32f303xc.o [1]
  .text               ro code  0x08004d74     0x4  startup_stm32f303xc.o [1]
  .text               ro code  0x08004d78     0x4  startup_stm32f303xc.o [1]
  .text               ro code  0x08004d7c     0x4  startup_stm32f303xc.o [1]
  .text               ro code  0x08004d80     0x4  startup_stm32f303xc.o [1]
  .text               ro code  0x08004d84     0x4  startup_stm32f303xc.o [1]
  .text               ro code  0x08004d88     0x4  startup_stm32f303xc.o [1]
  .text               ro code  0x08004d8c     0x4  startup_stm32f303xc.o [1]
  .text               ro code  0x08004d90     0x4  startup_stm32f303xc.o [1]
  .text               ro code  0x08004d94     0x4  startup_stm32f303xc.o [1]
  .text               ro code  0x08004d98     0x4  startup_stm32f303xc.o [1]
  .text               ro code  0x08004d9c     0x4  startup_stm32f303xc.o [1]
  .text               ro code  0x08004da0     0x4  startup_stm32f303xc.o [1]
  .text               ro code  0x08004da4     0x4  startup_stm32f303xc.o [1]
  .text               ro code  0x08004da8     0x4  startup_stm32f303xc.o [1]
  .text               ro code  0x08004dac     0x4  startup_stm32f303xc.o [1]
  .text               ro code  0x08004db0     0x4  startup_stm32f303xc.o [1]
  .text               ro code  0x08004db4     0x4  startup_stm32f303xc.o [1]
  .text               ro code  0x08004db8     0x4  startup_stm32f303xc.o [1]
  .text               ro code  0x08004dbc     0x4  startup_stm32f303xc.o [1]
  .text               ro code  0x08004dc0     0x4  startup_stm32f303xc.o [1]
  .text               ro code  0x08004dc4     0x4  startup_stm32f303xc.o [1]
  .text               ro code  0x08004dc8     0x4  startup_stm32f303xc.o [1]
  .text               ro code  0x08004dcc     0x4  startup_stm32f303xc.o [1]
  .text               ro code  0x08004dd0     0x4  startup_stm32f303xc.o [1]
  .text               ro code  0x08004dd4     0x4  startup_stm32f303xc.o [1]
  .text               ro code  0x08004dd8     0x4  startup_stm32f303xc.o [1]
  .text               ro code  0x08004ddc     0x4  startup_stm32f303xc.o [1]
  .text               ro code  0x08004de0     0x4  startup_stm32f303xc.o [1]
  .text               ro code  0x08004de4     0x4  startup_stm32f303xc.o [1]
  .text               ro code  0x08004de8     0x4  startup_stm32f303xc.o [1]
  .text               ro code  0x08004dec     0x4  startup_stm32f303xc.o [1]
  .text               ro code  0x08004df0     0x4  startup_stm32f303xc.o [1]
  .text               ro code  0x08004df4     0x4  startup_stm32f303xc.o [1]
  .text               ro code  0x08004df8     0x4  startup_stm32f303xc.o [1]
  .text               ro code  0x08004dfc     0x4  startup_stm32f303xc.o [1]
  .text               ro code  0x08004e00     0x4  startup_stm32f303xc.o [1]
  .text               ro code  0x08004e04     0x4  startup_stm32f303xc.o [1]
  .text               ro code  0x08004e08     0x4  startup_stm32f303xc.o [1]
  .text               ro code  0x08004e0c     0x4  startup_stm32f303xc.o [1]
  .text               ro code  0x08004e10     0x4  startup_stm32f303xc.o [1]
  .text               ro code  0x08004e14     0x4  startup_stm32f303xc.o [1]
  .text               ro code  0x08004e18     0x4  startup_stm32f303xc.o [1]
  .text               ro code  0x08004e1c     0x4  startup_stm32f303xc.o [1]
  .text               ro code  0x08004e20     0x0  cstart_closeall.o [5]
  .rodata             const    0x08004e20     0x0  zero_init3.o [5]
  .rodata             const    0x08004e20     0x0  packbits_init_single.o [5]
  Initializer bytes   const    0x08004e20    0x8a  <for P2-1>
                             - 0x08004eaa  0x4d22

"P2", part 1 of 3:                          0x1ec
  P2-1                         0x20000000   0x1ec  <Init block>
    .data             inited   0x20000000     0x4  system_stm32f3xx.o [1]
    .data             inited   0x20000004    0x40  xfiles.o [3]
    .data             inited   0x20000044    0x40  xfiles.o [3]
    .data             inited   0x20000084    0x40  xfiles.o [3]
    .data             inited   0x200000c4    0x20  xfiles.o [3]
    .data             inited   0x200000e4     0x8  XShttio.o [3]
    __DLIB_PERTHREAD  inited   0x200000ec     0x4  errno.o [3]
    __DLIB_PERTHREAD  inited   0x200000f0    0x88  localeconv.o [3]
    __DLIB_PERTHREAD  inited   0x20000178    0x74  setlocale.o [3]
                             - 0x200001ec   0x1ec

"P2", part 2 of 3:                          0x600
  CSTACK                       0x200001f0   0x400  <Block>
    CSTACK            uninit   0x200001f0   0x400  <Block tail>
  HEAP                         0x200005f0   0x200  <Block>
    HEAP              uninit   0x200005f0   0x200  <Block tail>
                             - 0x200007f0   0x600

"P2", part 3 of 3:                          0x4b8
  .bss                zero     0x200007f0    0xcc  main.o [1]
  .bss                zero     0x200008bc    0xa2  main.o [1]
  .bss                zero     0x20000960    0x9c  tasks.o [1]
  .bss                zero     0x200009fc    0x8c  tasks.o [1]
  .bss                zero     0x20000a88    0x80  XShHandles.o [3]
  .bss                zero     0x20000b08    0x70  usart.o [1]
  .bss                zero     0x20000b78    0x50  xfiles.o [3]
  .bss                zero     0x20000bc8    0x50  xfiles.o [3]
  .bss                zero     0x20000c18    0x3c  tim.o [1]
  .bss                zero     0x20000c54    0x24  crc.o [1]
  .bss                zero     0x20000c78    0x20  main.o [1]
  .bss                zero     0x20000c98     0x8  xxmemxmalloc.o [3]
  .bss                zero     0x20000ca0     0x4  stm32f3xx_hal.o [1]
  .bss                zero     0x20000ca4     0x4  xgetmemchunk.o [3]
                             - 0x20000ca8   0x4b8


*******************************************************************************
*** INIT TABLE
***

          Address     Size
          -------     ----
Zero (__iar_zero_init3)
    1 destination range, total size 0x4b8:
          0x200007f0  0x4b8

Copy/packbits (__iar_packbits_init_single3)
    1 source range, total size 0x8a (28% of destination):
          0x08004e20   0x8a
    1 destination range, total size 0x1ec:
          0x20000000  0x1ec



*******************************************************************************
*** MODULE SUMMARY
***

    Module                  ro code  ro data  rw data
    ------                  -------  -------  -------
U:\Downloads\STM32Cube_FW_F3_V1.7.0\Projects\STM32F3-Discovery\My projects\KULUR\Test\Debug\Obj: [1]
    cmsis_os.o                   20
    crc.o                       100                36
    gpio.o                      408
    list.o                       60
    main.o                      992               398
    port.o                       44
    portasm.o                   168
    rtc.o                        76
    startup_stm32f303xc.o       692
    stm32f3xx_hal.o             128                 4
    stm32f3xx_hal_cortex.o      260
    stm32f3xx_hal_crc.o         388
    stm32f3xx_hal_crc_ex.o       74
    stm32f3xx_hal_gpio.o        400
    stm32f3xx_hal_msp.o         120
    stm32f3xx_hal_rcc.o       1 340
    stm32f3xx_hal_rcc_ex.o      444
    stm32f3xx_hal_rtc.o         212
    stm32f3xx_hal_tim.o       1 928
    stm32f3xx_hal_tim_ex.o       92
    stm32f3xx_hal_uart.o      1 148
    stm32f3xx_it.o               24
    system_stm32f3xx.o          124        9        4
    tasks.o                     376               296
    tim.o                       308                60
    usart.o                     156               112
    -------------------------------------------------
    Total:                   10 082        9      910

command line: [2]
    -------------------------------------------------
    Total:

dl7M_tlf.a: [3]
    XShHandles.o                204               128
    XShttio.o                     8        3        8
    div.o                        14
    errno.o                      12        1        4
    exit.o                        4
    fclose.o                    122
    fflush.o                    176
    fputc.o                      86
    fseek.o                      34
    localeconv.o                108       38      136
    low_level_init.o              4
    printf.o                     36
    putchar.o                    12
    setlocale.o                  20       33      116
    xcloseall.o                  88
    xencoding_sb.o               96
    xfgpos.o                     12
    xfiles.o                              62      384
    xfofind.o                   128
    xfspos.o                    214
    xfwprep.o                   184
    xgetmemchunk.o               44                 4
    xmbcurmax.o                  10
    xmbtowc.o                    32
    xprintffull.o             4 506
    xprout.o                     22
    xsyslock_nop.o                4
    xtls.o                        2
    xwctomb.o                    26
    xxmemxfree.o                128
    xxmemxmalloc.o              176                 8
    -------------------------------------------------
    Total:                    6 512      137      788

m7M_tls.a: [4]
    DblAdd.o                    212
    DblCmpGe.o                   46
    DblCmpLe.o                   46
    DblDiv.o                    598
    DblMul.o                    418
    DblSub.o                    384
    DblToI32.o                   88
    I32ToDbl.o                   48
    fpinit_M.o                   34
    xdnorm.o                     68
    xdscale.o                   276
    -------------------------------------------------
    Total:                    2 218

rt7M_tl.a: [5]
    ABImemcpy_unaligned.o       118
    I64DivMod.o                 238
    I64DivZer.o                   2
    cexit.o                      14
    cmain.o                      26
    cstart_closeall.o
    cstartup_M.o                 12
    data_init.o                  40
    memchr.o                     88
    packbits_init_single.o       56
    strchr.o                     22
    strlen.o                     54
    zero_init3.o                 64
    -------------------------------------------------
    Total:                      734

shb_l.a: [6]
    close.o                      26
    dwrite.o                     30
    exit.o                       20
    iarttio.o                   108
    iarwrite.o                   34
    iarwstd.o                    32
    lseek.o                      76
    remove.o                     22
    write.o                      16
    -------------------------------------------------
    Total:                      364

    Gaps                         48        2        2
    Linker created                        32    1 536
-----------------------------------------------------
    Grand Total:             19 958      180    3 236


*******************************************************************************
*** ENTRY LIST
***

Entry                      Address   Size  Type      Object
-----                      -------   ----  ----      ------
.iar.init_table$$Base   0x08004c18          --   Gb  - Linker created -
.iar.init_table$$Limit  0x08004c38          --   Gb  - Linker created -
?main                   0x08004c39         Code  Gb  cmain.o [5]
AHBPrescTable           0x080049bc   0x10  Data  Gb  system_stm32f3xx.o [1]
APBPrescTable           0x08004cfc    0x8  Data  Gb  system_stm32f3xx.o [1]
CRC_Handle_16           0x08003485   0x34  Code  Lc  stm32f3xx_hal_crc.o [1]
CRC_Handle_8            0x08003413   0x72  Code  Lc  stm32f3xx_hal_crc.o [1]
CSTACK$$Base            0x200001f0          --   Gb  - Linker created -
CSTACK$$Limit           0x200005f0          --   Gb  - Linker created -
Error_Handler           0x08002c9d    0x2  Code  Gb  main.o [1]
HAL_CRCEx_Polynomial_Set
                        0x080041ad   0x4a  Code  Gb  stm32f3xx_hal_crc_ex.o [1]
HAL_CRC_Calculate       0x080033b5   0x5e  Code  Gb  stm32f3xx_hal_crc.o [1]
HAL_CRC_Init            0x08003335   0x7a  Code  Gb  stm32f3xx_hal_crc.o [1]
HAL_CRC_MspInit         0x080032c9   0x22  Code  Gb  crc.o [1]
HAL_Delay               0x080032f9   0x18  Code  Wk  stm32f3xx_hal.o [1]
HAL_GPIO_Init           0x08002d5d  0x15e  Code  Gb  stm32f3xx_hal_gpio.o [1]
HAL_GPIO_TogglePin      0x08002ec7    0x8  Code  Gb  stm32f3xx_hal_gpio.o [1]
HAL_GPIO_WritePin       0x08002ebb    0xc  Code  Gb  stm32f3xx_hal_gpio.o [1]
HAL_GetTick             0x080041a1    0xc  Code  Wk  stm32f3xx_hal.o [1]
HAL_IncTick             0x08004c99   0x10  Code  Wk  stm32f3xx_hal.o [1]
HAL_Init                0x08002ff1   0x20  Code  Gb  stm32f3xx_hal.o [1]
HAL_InitTick            0x08003bb1   0x28  Code  Wk  stm32f3xx_hal.o [1]
HAL_MspInit             0x08003bd9   0x78  Code  Gb  stm32f3xx_hal_msp.o [1]
HAL_NVIC_EnableIRQ      0x08002fbb    0x2  Code  Gb  stm32f3xx_hal_cortex.o [1]
HAL_NVIC_SetPriority    0x08002f9d   0x1e  Code  Gb  stm32f3xx_hal_cortex.o [1]
HAL_NVIC_SetPriorityGrouping
                        0x08002f9b    0x2  Code  Gb  stm32f3xx_hal_cortex.o [1]
HAL_RCCEx_PeriphCLKConfig
                        0x080039f5  0x1b0  Code  Gb  stm32f3xx_hal_rcc_ex.o [1]
HAL_RCC_ClockConfig     0x080037f9  0x142  Code  Gb  stm32f3xx_hal_rcc.o [1]
HAL_RCC_GetHCLKFreq     0x08003975    0x6  Code  Gb  stm32f3xx_hal_rcc.o [1]
HAL_RCC_GetPCLK1Freq    0x0800397b   0x16  Code  Gb  stm32f3xx_hal_rcc.o [1]
HAL_RCC_GetPCLK2Freq    0x08003991   0x16  Code  Gb  stm32f3xx_hal_rcc.o [1]
HAL_RCC_GetSysClockFreq
                        0x0800393b   0x3a  Code  Gb  stm32f3xx_hal_rcc.o [1]
HAL_RCC_OscConfig       0x080034b9  0x340  Code  Gb  stm32f3xx_hal_rcc.o [1]
HAL_RTC_Init            0x080040cd   0x9a  Code  Gb  stm32f3xx_hal_rtc.o [1]
HAL_RTC_MspInit         0x08003277   0x10  Code  Gb  rtc.o [1]
HAL_SYSTICK_CLKSourceConfig
                        0x08002fbf   0x18  Code  Gb  stm32f3xx_hal_cortex.o [1]
HAL_SYSTICK_Config      0x08002fbd    0x2  Code  Gb  stm32f3xx_hal_cortex.o [1]
HAL_TIMEx_BreakCallback
                        0x08002cff    0x2  Code  Wk  stm32f3xx_hal_tim_ex.o [1]
HAL_TIMEx_CommutationCallback
                        0x08002d03    0x2  Code  Wk  stm32f3xx_hal_tim_ex.o [1]
HAL_TIMEx_MasterConfigSynchronization
                        0x08002d05   0x50  Code  Gb  stm32f3xx_hal_tim_ex.o [1]
HAL_TIM_Base_Init       0x08002061   0x32  Code  Gb  stm32f3xx_hal_tim.o [1]
HAL_TIM_Base_MspInit    0x080028b3   0x54  Code  Gb  tim.o [1]
HAL_TIM_ConfigClockSource
                        0x08002389  0x104  Code  Gb  stm32f3xx_hal_tim.o [1]
HAL_TIM_IC_CaptureCallback
                        0x080029d3   0xac  Code  Gb  main.o [1]
HAL_TIM_IC_CaptureCallback::bit_counter
                        0x200007f0    0x1  Data  Lc  main.o [1]
HAL_TIM_IC_CaptureCallback::duty_in_microseconds
                        0x200007f4    0x4  Data  Lc  main.o [1]
HAL_TIM_IC_CaptureCallback::interrupt_counter
                        0x200007f1    0x1  Data  Lc  main.o [1]
HAL_TIM_IC_CaptureCallback::preamble_bits
                        0x200007f8   0x24  Data  Lc  main.o [1]
HAL_TIM_IC_CaptureCallback::preamble_flag
                        0x200007f2    0x1  Data  Lc  main.o [1]
HAL_TIM_IC_CaptureCallback::radio_frame
                        0x2000081c   0xa0  Data  Lc  main.o [1]
HAL_TIM_IC_ConfigChannel
                        0x080022df   0xaa  Code  Gb  stm32f3xx_hal_tim.o [1]
HAL_TIM_IC_Init         0x08002093   0x32  Code  Gb  stm32f3xx_hal_tim.o [1]
HAL_TIM_IC_MspInit      0x08002915    0x2  Code  Wk  stm32f3xx_hal_tim.o [1]
HAL_TIM_IC_Start_IT     0x080020c5   0x5a  Code  Gb  stm32f3xx_hal_tim.o [1]
HAL_TIM_IC_Stop_IT      0x0800211f   0x6e  Code  Gb  stm32f3xx_hal_tim.o [1]
HAL_TIM_IRQHandler      0x0800218d  0x152  Code  Gb  stm32f3xx_hal_tim.o [1]
HAL_TIM_OC_DelayElapsedCallback
                        0x08002cf9    0x2  Code  Wk  stm32f3xx_hal_tim.o [1]
HAL_TIM_PWM_PulseFinishedCallback
                        0x08002cfb    0x2  Code  Wk  stm32f3xx_hal_tim.o [1]
HAL_TIM_PeriodElapsedCallback
                        0x08002cfd    0x2  Code  Wk  stm32f3xx_hal_tim.o [1]
HAL_TIM_ReadCapturedValue
                        0x080024d3   0x46  Code  Gb  stm32f3xx_hal_tim.o [1]
HAL_TIM_SlaveConfigSynchronization
                        0x08002495   0x3e  Code  Gb  stm32f3xx_hal_tim.o [1]
HAL_TIM_TriggerCallback
                        0x08002d01    0x2  Code  Wk  stm32f3xx_hal_tim.o [1]
HAL_UART_Init           0x08003c51   0x6a  Code  Gb  stm32f3xx_hal_uart.o [1]
HAL_UART_MspInit        0x080031e3   0x54  Code  Gb  usart.o [1]
HEAP$$Base              0x200005f0          --   Gb  - Linker created -
HEAP$$Limit             0x200007f0          --   Gb  - Linker created -
LoadInt                 0x080007ff   0x6e  Code  Lc  xprintffull.o [3]
MX_CRC_Init             0x08003295   0x34  Code  Gb  crc.o [1]
MX_GPIO_Init            0x08003015  0x198  Code  Gb  gpio.o [1]
MX_RTC_Init             0x08003249   0x2e  Code  Gb  rtc.o [1]
MX_TIM1_Init            0x080027e1   0xd2  Code  Gb  tim.o [1]
MX_USART3_UART_Init     0x080031ad   0x36  Code  Gb  usart.o [1]
NVIC_EnableIRQ          0x08002f11   0x12  Code  Lc  stm32f3xx_hal_cortex.o [1]
NVIC_EncodePriority     0x08002f3d   0x36  Code  Lc  stm32f3xx_hal_cortex.o [1]
NVIC_GetPriorityGrouping
                        0x08002f07    0xa  Code  Lc  stm32f3xx_hal_cortex.o [1]
NVIC_SetPriority        0x08002f23   0x1a  Code  Lc  stm32f3xx_hal_cortex.o [1]
NVIC_SetPriorityGrouping
                        0x08002eed   0x1a  Code  Lc  stm32f3xx_hal_cortex.o [1]
PendSV_Handler          0x08004829         Code  Gb  portasm.o [1]
RTC_EnterInitMode       0x0800416d   0x34  Code  Gb  stm32f3xx_hal_rtc.o [1]
Region$$Table$$Base     0x08004c18          --   Gb  - Linker created -
Region$$Table$$Limit    0x08004c38          --   Gb  - Linker created -
SVC_Handler             0x08004881         Code  Gb  portasm.o [1]
SysTick_Config          0x08002f73   0x28  Code  Lc  stm32f3xx_hal_cortex.o [1]
SysTick_Handler         0x08004c81    0xe  Code  Gb  stm32f3xx_it.o [1]
SystemClock_Config      0x08002bdb   0x9c  Code  Gb  main.o [1]
SystemCoreClock         0x20000000    0x4  Data  Gb  system_stm32f3xx.o [1]
SystemInit              0x08004951   0x52  Code  Gb  system_stm32f3xx.o [1]
TIM1_CC_IRQHandler      0x08004c8f    0x6  Code  Gb  stm32f3xx_it.o [1]
TIM_Base_SetConfig      0x08002519   0x9a  Code  Gb  stm32f3xx_hal_tim.o [1]
TIM_CCxChannelCmd       0x080027c5   0x1a  Code  Gb  stm32f3xx_hal_tim.o [1]
TIM_ETR_SetConfig       0x080027af   0x16  Code  Gb  stm32f3xx_hal_tim.o [1]
TIM_ITRx_SetConfig      0x0800279f   0x10  Code  Lc  stm32f3xx_hal_tim.o [1]
TIM_SlaveTimer_SetConfig
                        0x080025b3   0x72  Code  Lc  stm32f3xx_hal_tim.o [1]
TIM_TI1_ConfigInputStage
                        0x080026b5   0x24  Code  Lc  stm32f3xx_hal_tim.o [1]
TIM_TI1_SetConfig       0x08002625   0x66  Code  Gb  stm32f3xx_hal_tim.o [1]
TIM_TI2_ConfigInputStage
                        0x0800270f   0x26  Code  Lc  stm32f3xx_hal_tim.o [1]
TIM_TI2_SetConfig       0x080026d9   0x36  Code  Lc  stm32f3xx_hal_tim.o [1]
TIM_TI3_SetConfig       0x08002735   0x34  Code  Lc  stm32f3xx_hal_tim.o [1]
TIM_TI4_SetConfig       0x08002769   0x36  Code  Lc  stm32f3xx_hal_tim.o [1]
UART_AdvFeatureConfig   0x08003ee1   0xc8  Code  Gb  stm32f3xx_hal_uart.o [1]
UART_CheckIdleState     0x08003fa9   0x54  Code  Gb  stm32f3xx_hal_uart.o [1]
UART_SetConfig          0x08003cbd  0x206  Code  Gb  stm32f3xx_hal_uart.o [1]
UART_WaitOnFlagUntilTimeout
                        0x08003ffd   0xce  Code  Gb  stm32f3xx_hal_uart.o [1]
_Close_all              0x08004a79   0x58  Code  Gb  xcloseall.o [3]
_EncodingSb_Mbtowc      0x08001f13   0x30  Code  Gb  xencoding_sb.o [3]
_EncodingSb_Mbtowc::initial
                        0x08001f50    0x8  Data  Lc  xencoding_sb.o [3]
_EncodingSb_Wctomb      0x08001ef9   0x1a  Code  Gb  xencoding_sb.o [3]
_EncodingSb_Wctomb::initial
                        0x08001f48    0x8  Data  Lc  xencoding_sb.o [3]
_Files                  0x200000c4   0x20  Data  Gb  xfiles.o [3]
_Fofree                 0x080048d1   0x78  Code  Gb  xfofind.o [3]
_Fspos                  0x080043ad   0xd6  Code  Gb  xfspos.o [3]
_Fwprep                 0x0800474d   0xb8  Code  Gb  xfwprep.o [3]
_GenldFull              0x08001085  0x254  Code  Lc  xprintffull.o [3]
_IsdstStr               0x2000017c    0x4  Data  Gb  setlocale.o [3]
_LdtobFull              0x08000c85  0x3fa  Code  Lc  xprintffull.o [3]
_LitobFull              0x08000b79  0x10a  Code  Lc  xprintffull.o [3]
_LocaleEncoding         0x08001ee5    0xe  Code  Gb  setlocale.o [3]
_LocaleReturnString     0x2000019c   0x50  Data  Lc  setlocale.o [3]
_Locale_Profile         0x20000180   0x1c  Data  Gb  setlocale.o [3]
_Locale_aeabi_lconv     0x20000140   0x38  Data  Gb  localeconv.o [3]
_Locale_lconv           0x200000f0   0x50  Data  Gb  localeconv.o [3]
_Mbtowc                 0x08001323   0x20  Code  Gb  xmbtowc.o [3]
_Nnl                    0x08004535    0xc  Code  Gb  xfgpos.o [3]
_PrintfFull             0x08000189  0x660  Code  Gb  xprintffull.o [3]
_Prout                  0x08004cbd   0x16  Code  Gb  xprout.o [3]
_PutcharsFull           0x080012d9   0x2e  Code  Lc  xprintffull.o [3]
_PutstrFull             0x0800086d  0x306  Code  Lc  xprintffull.o [3]
_TzoneStr               0x20000178    0x4  Data  Gb  setlocale.o [3]
_Wctomb                 0x080014a9   0x1a  Code  Gb  xwctomb.o [3]
__aeabi_cdcmple         0x080016f1         Code  Gb  DblCmpLe.o [4]
__aeabi_cdrcmple        0x08001721         Code  Gb  DblCmpGe.o [4]
__aeabi_d2iz            0x08001865         Code  Gb  DblToI32.o [4]
__aeabi_d2uiz           0x08001891         Code  Gb  DblToI32.o [4]
__aeabi_ddiv            0x08001c11         Code  Gb  DblDiv.o [4]
__aeabi_dmul            0x08001a6d         Code  Gb  DblMul.o [4]
__aeabi_dsub            0x080018ed         Code  Gb  DblSub.o [4]
__aeabi_errno_addr      0x0800458d    0x6  Code  Gb  errno.o [3]
__aeabi_i2d             0x080018bd         Code  Gb  I32ToDbl.o [4]
__aeabi_ldiv0           0x08001f85         Code  Gb  I64DivZer.o [5]
__aeabi_ui2d            0x080018d1         Code  Gb  I32ToDbl.o [4]
__aeabi_uldivmod        0x080015bd         Code  Gb  I64DivMod.o [5]
__cexit_closeall        0x08004c5f         Code  Gb  cexit.o [5]
__close                 0x08004a47   0x1a  Code  Gb  close.o [6]
__cmain                 0x08004c39         Code  Gb  cmain.o [5]
__cstart_closeall       0x08004e20         Data  Gb  cstart_closeall.o [5]
__data_Aldata           0x20000c98    0x8  Data  Gb  xxmemxmalloc.o [3]
__data_GetMemChunk      0x08001f59   0x2c  Code  Gb  xgetmemchunk.o [3]
__data_GetMemChunk::start
                        0x20000ca4    0x4  Data  Lc  xgetmemchunk.o [3]
__dwrite                0x08004679   0x1e  Code  Gb  dwrite.o [6]
__exit                  0x08004c6d   0x14  Code  Gb  exit.o [6]
__iar_Dnorm             0x080016ab   0x44  Code  Gb  xdnorm.o [4]
__iar_Dscale            0x08001751  0x114  Code  Gb  xdscale.o [4]
__iar_Errno             0x200000ec    0x4  Data  Gb  errno.o [3]
__iar_Locale_lconv_init
                        0x08001e69   0x3a  Code  Gb  localeconv.o [3]
__iar_Lockfilelock      0x08004599    0x2  Code  Gb  xsyslock_nop.o [3]
__iar_Mbcurmax          0x080013ed    0xa  Code  Gb  xmbcurmax.o [3]
__iar_Memchr            0x08001395         Code  Gb  memchr.o [5]
__iar_Stderr            0x20000084   0x40  Data  Gb  xfiles.o [3]
__iar_Stdin             0x20000004   0x40  Data  Gb  xfiles.o [3]
__iar_Stdout            0x20000044   0x40  Data  Gb  xfiles.o [3]
__iar_Strchr            0x08001345         Code  Gb  strchr.o [5]
__iar_Unlockfilelock    0x0800459b    0x2  Code  Gb  xsyslock_nop.o [3]
__iar_close_ttio        0x080046d9   0x2e  Code  Gb  iarttio.o [6]
__iar_d2uiz             0x0800189d         Code  Gb  DblToI32.o [4]
__iar_dadd              0x08001f89         Code  Gb  DblAdd.o [4]
__iar_data_init3        0x08004bcd   0x28  Code  Gb  data_init.o [5]
__iar_dlib_perthread_access
                        0x0800205d    0x2  Code  Gb  xtls.o [3]
__iar_dsub              0x08001901         Code  Gb  DblSub.o [4]
__iar_dsubStart         0x08001913         Code  Gb  DblSub.o [4]
__iar_get_ttio          0x08004709   0x38  Code  Gb  iarttio.o [6]
__iar_init_vfp          0x08004bf5         Code  Gb  fpinit_M.o [4]
__iar_lookup_ttioh      0x08004745    0x8  Code  Gb  XShttio.o [3]
__iar_packbits_init_single3
                        0x08004b67   0x38  Code  Gb  packbits_init_single.o [5]
__iar_program_start     0x08004cf1         Code  Gb  cstartup_M.o [5]
__iar_sh_Discard        0x080045ad   0x3e  Code  Gb  XShHandles.o [3]
__iar_sh_Move           0x080045f1   0x46  Code  Gb  XShHandles.o [3]
__iar_sh_Pos            0x08004637   0x3e  Code  Gb  XShHandles.o [3]
__iar_sh_stdout         0x08004697   0x20  Code  Gb  iarwstd.o [6]
__iar_sh_write          0x080046b7   0x22  Code  Gb  iarwrite.o [6]
__iar_ttio_handles      0x200000e4    0x8  Data  Lc  XShttio.o [3]
__iar_ui2d              0x080018d5         Code  Gb  I32ToDbl.o [4]
__iar_unaligned___aeabi_memcpy
                        0x080014c5         Code  Gb  ABImemcpy_unaligned.o [5]
__iar_unaligned___aeabi_memcpy4
                        0x080014e5         Code  Gb  ABImemcpy_unaligned.o [5]
__iar_unaligned___aeabi_memcpy8
                        0x080014e5         Code  Gb  ABImemcpy_unaligned.o [5]
__iar_zero_init3        0x08004b27   0x40  Code  Gb  zero_init3.o [5]
__low_level_init        0x08004c53    0x4  Code  Gb  low_level_init.o [3]
__lseek                 0x08004541   0x4c  Code  Gb  lseek.o [6]
__vector_table          0x08000000         Data  Gb  startup_stm32f303xc.o [1]
__write                 0x0800459d   0x10  Code  Gb  write.o [6]
_call_main              0x08004c45         Code  Gb  cmain.o [5]
_exit                   0x08004c5d         Code  Gb  cexit.o [5]
_main                   0x08004c4f         Code  Gb  cmain.o [5]
aPLLMULFactorTable      0x080039d4   0x10  Data  Gb  stm32f3xx_hal_rcc.o [1]
aPredivFactorTable      0x080039e4   0x10  Data  Gb  stm32f3xx_hal_rcc.o [1]
div                     0x08001ed5    0xe  Code  Gb  div.o [3]
ebuf                    0x20000b78   0x50  Data  Lc  xfiles.o [3]
exit                    0x08004c57    0x4  Code  Gb  exit.o [3]
fclose                  0x080049cd   0x7a  Code  Gb  fclose.o [3]
fflush                  0x080044fb   0x34  Code  Gb  fflush.o [3]
fflushOne               0x08004485   0x76  Code  Lc  fflush.o [3]
fputc                   0x08004ad1   0x56  Code  Gb  fputc.o [3]
frame_decoder           0x08002a7f  0x15c  Code  Gb  main.o [1]
frame_decoder::decoded_frame
                        0x200008bc   0xa0  Data  Lc  main.o [1]
frame_decoder::temp     0x2000095c    0x2  Data  Lc  main.o [1]
free                    0x0800153d   0x7a  Code  Gb  xxmemxfree.o [3]
fseek                   0x08004805   0x22  Code  Gb  fseek.o [3]
hcrc                    0x20000c54   0x24  Data  Gb  crc.o [1]
hrtc                    0x20000c78   0x20  Data  Gb  main.o [1]
htim1                   0x20000c18   0x3c  Data  Gb  tim.o [1]
huart3                  0x20000b08   0x70  Data  Gb  usart.o [1]
localeconv              0x08001ea3   0x16  Code  Gb  localeconv.o [3]
main                    0x08002919   0xba  Code  Gb  main.o [1]
malloc                  0x080013f9   0xac  Code  Gb  xxmemxmalloc.o [3]
memchr                  0x08001395         Code  Gb  memchr.o [5]
obuf                    0x20000bc8   0x50  Data  Lc  xfiles.o [3]
osSystickHandler        0x08004ca9   0x14  Code  Gb  cmsis_os.o [1]
printf                  0x08003311   0x24  Code  Gb  printf.o [3]
prvResetNextTaskUnblockTime
                        0x08004325   0x1e  Code  Lc  tasks.o [1]
putchar                 0x08004cd5    0xc  Code  Gb  putchar.o [3]
pxCurrentTCB            0x20000988    0x4  Data  Gb  tasks.o [1]
pxDelayedTaskList       0x2000098c    0x4  Data  Lc  tasks.o [1]
pxOverflowDelayedTaskList
                        0x20000990    0x4  Data  Lc  tasks.o [1]
pxReadyTasksLists       0x200009fc   0x8c  Data  Lc  tasks.o [1]
remove                  0x08004a61   0x16  Code  Gb  remove.o [6]
sFileInfo               0x20000a88   0x80  Data  Lc  XShHandles.o [3]
strchr                  0x08001345         Code  Gb  strchr.o [5]
strlen                  0x0800135d         Code  Gb  strlen.o [5]
uwTick                  0x20000ca0    0x4  Data  Gb  stm32f3xx_hal.o [1]
uxCurrentNumberOfTasks  0x200009ac    0x4  Data  Lc  tasks.o [1]
uxListRemove            0x08004389   0x24  Code  Gb  list.o [1]
uxPendedTicks           0x200009bc    0x4  Data  Lc  tasks.o [1]
uxSchedulerSuspended    0x200009d0    0x4  Data  Lc  tasks.o [1]
uxTaskNumber            0x200009c8    0x4  Data  Lc  tasks.o [1]
uxTasksDeleted          0x20000994    0x4  Data  Lc  tasks.o [1]
uxTopReadyPriority      0x200009b4    0x4  Data  Lc  tasks.o [1]
vListInsertEnd          0x08004371   0x18  Code  Gb  list.o [1]
vPortEnableVFP          0x080048b5         Code  Gb  portasm.o [1]
vPortStartFirstTask     0x0800489d         Code  Gb  portasm.o [1]
vTaskSwitchContext      0x080042cb   0x5a  Code  Gb  tasks.o [1]
xDelayedTaskList1       0x200009d4   0x14  Data  Lc  tasks.o [1]
xDelayedTaskList2       0x200009e8   0x14  Data  Lc  tasks.o [1]
xNextTaskUnblockTime    0x200009cc    0x4  Data  Lc  tasks.o [1]
xNumOfOverflows         0x200009c4    0x4  Data  Lc  tasks.o [1]
xPendingReadyList       0x20000960   0x14  Data  Lc  tasks.o [1]
xPortSysTickHandler     0x08004ba1   0x28  Code  Gb  port.o [1]
xSchedulerRunning       0x200009b8    0x4  Data  Lc  tasks.o [1]
xSuspendedTaskList      0x20000998   0x14  Data  Lc  tasks.o [1]
xTaskGetSchedulerState  0x08004343   0x1c  Code  Gb  tasks.o [1]
xTaskIncrementTick      0x080041f9   0xd2  Code  Gb  tasks.o [1]
xTasksWaitingTermination
                        0x20000974   0x14  Data  Lc  tasks.o [1]
xTickCount              0x200009b0    0x4  Data  Lc  tasks.o [1]
xYieldPending           0x200009c0    0x4  Data  Lc  tasks.o [1]


[1] = U:\Downloads\STM32Cube_FW_F3_V1.7.0\Projects\STM32F3-Discovery\My projects\KULUR\Test\Debug\Obj
[2] = command line
[3] = dl7M_tlf.a
[4] = m7M_tls.a
[5] = rt7M_tl.a
[6] = shb_l.a

  19 958 bytes of readonly  code memory
     180 bytes of readonly  data memory
   3 236 bytes of readwrite data memory

Errors: none
Warnings: none
