###############################################################################
#
# IAR ELF Linker V7.80.3.12102/W32 for ARM                26/Feb/2017  18:14:49
# Copyright 2007-2016 IAR Systems AB.
#
#    Output file  =  
#        U:\Downloads\STM32Cube_FW_F3_V1.7.0\Projects\STM32F3-Discovery\My
#        projects\KULUR\Test\Debug\Exe\testKULUR.out
#    Map file     =  
#        U:\Downloads\STM32Cube_FW_F3_V1.7.0\Projects\STM32F3-Discovery\My
#        projects\KULUR\Test\Debug\List\testKULUR.map
#    Command line =  
#        "U:\Downloads\STM32Cube_FW_F3_V1.7.0\Projects\STM32F3-Discovery\My
#        projects\KULUR\Test\Debug\Obj\cmsis_os.o"
#        "U:\Downloads\STM32Cube_FW_F3_V1.7.0\Projects\STM32F3-Discovery\My
#        projects\KULUR\Test\Debug\Obj\crc.o"
#        "U:\Downloads\STM32Cube_FW_F3_V1.7.0\Projects\STM32F3-Discovery\My
#        projects\KULUR\Test\Debug\Obj\croutine.o"
#        "U:\Downloads\STM32Cube_FW_F3_V1.7.0\Projects\STM32F3-Discovery\My
#        projects\KULUR\Test\Debug\Obj\event_groups.o"
#        "U:\Downloads\STM32Cube_FW_F3_V1.7.0\Projects\STM32F3-Discovery\My
#        projects\KULUR\Test\Debug\Obj\freertos.o"
#        "U:\Downloads\STM32Cube_FW_F3_V1.7.0\Projects\STM32F3-Discovery\My
#        projects\KULUR\Test\Debug\Obj\gpio.o"
#        "U:\Downloads\STM32Cube_FW_F3_V1.7.0\Projects\STM32F3-Discovery\My
#        projects\KULUR\Test\Debug\Obj\heap_4.o"
#        "U:\Downloads\STM32Cube_FW_F3_V1.7.0\Projects\STM32F3-Discovery\My
#        projects\KULUR\Test\Debug\Obj\list.o"
#        "U:\Downloads\STM32Cube_FW_F3_V1.7.0\Projects\STM32F3-Discovery\My
#        projects\KULUR\Test\Debug\Obj\main.o"
#        "U:\Downloads\STM32Cube_FW_F3_V1.7.0\Projects\STM32F3-Discovery\My
#        projects\KULUR\Test\Debug\Obj\port.o"
#        "U:\Downloads\STM32Cube_FW_F3_V1.7.0\Projects\STM32F3-Discovery\My
#        projects\KULUR\Test\Debug\Obj\portasm.o"
#        "U:\Downloads\STM32Cube_FW_F3_V1.7.0\Projects\STM32F3-Discovery\My
#        projects\KULUR\Test\Debug\Obj\queue.o"
#        "U:\Downloads\STM32Cube_FW_F3_V1.7.0\Projects\STM32F3-Discovery\My
#        projects\KULUR\Test\Debug\Obj\rtc.o"
#        "U:\Downloads\STM32Cube_FW_F3_V1.7.0\Projects\STM32F3-Discovery\My
#        projects\KULUR\Test\Debug\Obj\startup_stm32f303xc.o"
#        "U:\Downloads\STM32Cube_FW_F3_V1.7.0\Projects\STM32F3-Discovery\My
#        projects\KULUR\Test\Debug\Obj\stm32f3_discovery.o"
#        "U:\Downloads\STM32Cube_FW_F3_V1.7.0\Projects\STM32F3-Discovery\My
#        projects\KULUR\Test\Debug\Obj\stm32f3xx_hal.o"
#        "U:\Downloads\STM32Cube_FW_F3_V1.7.0\Projects\STM32F3-Discovery\My
#        projects\KULUR\Test\Debug\Obj\stm32f3xx_hal_cortex.o"
#        "U:\Downloads\STM32Cube_FW_F3_V1.7.0\Projects\STM32F3-Discovery\My
#        projects\KULUR\Test\Debug\Obj\stm32f3xx_hal_crc.o"
#        "U:\Downloads\STM32Cube_FW_F3_V1.7.0\Projects\STM32F3-Discovery\My
#        projects\KULUR\Test\Debug\Obj\stm32f3xx_hal_crc_ex.o"
#        "U:\Downloads\STM32Cube_FW_F3_V1.7.0\Projects\STM32F3-Discovery\My
#        projects\KULUR\Test\Debug\Obj\stm32f3xx_hal_dma.o"
#        "U:\Downloads\STM32Cube_FW_F3_V1.7.0\Projects\STM32F3-Discovery\My
#        projects\KULUR\Test\Debug\Obj\stm32f3xx_hal_flash.o"
#        "U:\Downloads\STM32Cube_FW_F3_V1.7.0\Projects\STM32F3-Discovery\My
#        projects\KULUR\Test\Debug\Obj\stm32f3xx_hal_flash_ex.o"
#        "U:\Downloads\STM32Cube_FW_F3_V1.7.0\Projects\STM32F3-Discovery\My
#        projects\KULUR\Test\Debug\Obj\stm32f3xx_hal_gpio.o"
#        "U:\Downloads\STM32Cube_FW_F3_V1.7.0\Projects\STM32F3-Discovery\My
#        projects\KULUR\Test\Debug\Obj\stm32f3xx_hal_i2c.o"
#        "U:\Downloads\STM32Cube_FW_F3_V1.7.0\Projects\STM32F3-Discovery\My
#        projects\KULUR\Test\Debug\Obj\stm32f3xx_hal_i2c_ex.o"
#        "U:\Downloads\STM32Cube_FW_F3_V1.7.0\Projects\STM32F3-Discovery\My
#        projects\KULUR\Test\Debug\Obj\stm32f3xx_hal_msp.o"
#        "U:\Downloads\STM32Cube_FW_F3_V1.7.0\Projects\STM32F3-Discovery\My
#        projects\KULUR\Test\Debug\Obj\stm32f3xx_hal_pwr.o"
#        "U:\Downloads\STM32Cube_FW_F3_V1.7.0\Projects\STM32F3-Discovery\My
#        projects\KULUR\Test\Debug\Obj\stm32f3xx_hal_pwr_ex.o"
#        "U:\Downloads\STM32Cube_FW_F3_V1.7.0\Projects\STM32F3-Discovery\My
#        projects\KULUR\Test\Debug\Obj\stm32f3xx_hal_rcc.o"
#        "U:\Downloads\STM32Cube_FW_F3_V1.7.0\Projects\STM32F3-Discovery\My
#        projects\KULUR\Test\Debug\Obj\stm32f3xx_hal_rcc_ex.o"
#        "U:\Downloads\STM32Cube_FW_F3_V1.7.0\Projects\STM32F3-Discovery\My
#        projects\KULUR\Test\Debug\Obj\stm32f3xx_hal_rtc.o"
#        "U:\Downloads\STM32Cube_FW_F3_V1.7.0\Projects\STM32F3-Discovery\My
#        projects\KULUR\Test\Debug\Obj\stm32f3xx_hal_rtc_ex.o"
#        "U:\Downloads\STM32Cube_FW_F3_V1.7.0\Projects\STM32F3-Discovery\My
#        projects\KULUR\Test\Debug\Obj\stm32f3xx_hal_tim.o"
#        "U:\Downloads\STM32Cube_FW_F3_V1.7.0\Projects\STM32F3-Discovery\My
#        projects\KULUR\Test\Debug\Obj\stm32f3xx_hal_tim_ex.o"
#        "U:\Downloads\STM32Cube_FW_F3_V1.7.0\Projects\STM32F3-Discovery\My
#        projects\KULUR\Test\Debug\Obj\stm32f3xx_hal_uart.o"
#        "U:\Downloads\STM32Cube_FW_F3_V1.7.0\Projects\STM32F3-Discovery\My
#        projects\KULUR\Test\Debug\Obj\stm32f3xx_hal_uart_ex.o"
#        "U:\Downloads\STM32Cube_FW_F3_V1.7.0\Projects\STM32F3-Discovery\My
#        projects\KULUR\Test\Debug\Obj\stm32f3xx_it.o"
#        "U:\Downloads\STM32Cube_FW_F3_V1.7.0\Projects\STM32F3-Discovery\My
#        projects\KULUR\Test\Debug\Obj\system_stm32f3xx.o"
#        "U:\Downloads\STM32Cube_FW_F3_V1.7.0\Projects\STM32F3-Discovery\My
#        projects\KULUR\Test\Debug\Obj\tasks.o"
#        "U:\Downloads\STM32Cube_FW_F3_V1.7.0\Projects\STM32F3-Discovery\My
#        projects\KULUR\Test\Debug\Obj\tim.o"
#        "U:\Downloads\STM32Cube_FW_F3_V1.7.0\Projects\STM32F3-Discovery\My
#        projects\KULUR\Test\Debug\Obj\timers.o"
#        "U:\Downloads\STM32Cube_FW_F3_V1.7.0\Projects\STM32F3-Discovery\My
#        projects\KULUR\Test\Debug\Obj\usart.o" -o
#        "U:\Downloads\STM32Cube_FW_F3_V1.7.0\Projects\STM32F3-Discovery\My
#        projects\KULUR\Test\Debug\Exe\testKULUR.out" --redirect
#        _Printf=_PrintfFull --redirect _Scanf=_ScanfFull --map
#        "U:\Downloads\STM32Cube_FW_F3_V1.7.0\Projects\STM32F3-Discovery\My
#        projects\KULUR\Test\Debug\List\testKULUR.map" --config
#        "U:\Downloads\STM32Cube_FW_F3_V1.7.0\Projects\STM32F3-Discovery\My
#        projects\KULUR\Test\stm32f303xc_flash.icf" --semihosting --entry
#        __iar_program_start --vfe
#
###############################################################################

*******************************************************************************
*** RUNTIME MODEL ATTRIBUTES
***

CppFlavor                     = *
__Heap_Handler                = Basic
__SystemLibrary               = DLib
__dlib_dynamic_initialization = normal


*******************************************************************************
*** PLACEMENT SUMMARY
***

"A0":  place at 0x08000000 { ro section .intvec };
"P1":  place in [from 0x08000000 to 0x0803ffff] { ro };
"P2":  place in [from 0x20000000 to 0x20009fff] { rw, block CSTACK, block HEAP };
initialize by copy { rw };

  Section             Kind        Address    Size  Object
  -------             ----        -------    ----  ------
"A0":                                       0x188
  .intvec             ro code  0x08000000   0x188  startup_stm32f303xc.o [1]
                             - 0x08000188   0x188

"P1":                                      0x664c
  .text               ro code  0x08000188  0x119a  xprintffull.o [3]
  .text               ro code  0x08001322    0x20  xmbtowc.o [3]
  .rodata             const    0x08001342     0x2  main.o [1]
  .text               ro code  0x08001344    0x16  strchr.o [5]
  .rodata             const    0x0800135a     0x2  main.o [1]
  .text               ro code  0x0800135c    0x36  strlen.o [5]
  .text               ro code  0x08001394    0x58  memchr.o [5]
  .text               ro code  0x080013ec     0xa  xmbcurmax.o [3]
  .text               ro code  0x080013f8    0xb0  xxmemxmalloc.o [3]
  .text               ro code  0x080014a8    0x1a  xwctomb.o [3]
  .text               ro code  0x080014c4    0x76  ABImemcpy_unaligned.o [5]
  .text               ro code  0x0800153c    0x80  xxmemxfree.o [3]
  .text               ro code  0x080015bc    0xee  I64DivMod.o [5]
  .text               ro code  0x080016aa    0x44  xdnorm.o [4]
  .text               ro code  0x080016f0    0x2e  DblCmpLe.o [4]
  .text               ro code  0x08001720    0x2e  DblCmpGe.o [4]
  .text               ro code  0x08001750   0x114  xdscale.o [4]
  .text               ro code  0x08001864    0x58  DblToI32.o [4]
  .text               ro code  0x080018bc    0x30  I32ToDbl.o [4]
  .text               ro code  0x080018ec   0x180  DblSub.o [4]
  .text               ro code  0x08001a6c   0x1a2  DblMul.o [4]
  .text               ro code  0x08001c10   0x256  DblDiv.o [4]
  .text               ro code  0x08001e68    0x6c  localeconv.o [3]
  .text               ro code  0x08001ed4     0xe  div.o [3]
  .text               ro code  0x08001ee4    0x24  setlocale.o [3]
  .text               ro code  0x08001f08    0x60  xencoding_sb.o [3]
  .text               ro code  0x08001f68    0x2c  xgetmemchunk.o [3]
  .text               ro code  0x08001f94     0x2  I64DivZer.o [5]
  .text               ro code  0x08001f98    0xd4  DblAdd.o [4]
  .text               ro code  0x0800206c     0x2  xtls.o [3]
  .text               ro code  0x08002070  0x1056  main.o [1]
  .text               ro code  0x080030c8    0x28  stm32f3xx_hal.o [1]
  .text               ro code  0x080030f0   0x1c0  gpio.o [1]
  .text               ro code  0x080032b0    0xb8  usart.o [1]
  .text               ro code  0x08003368    0x68  rtc.o [1]
  .text               ro code  0x080033d0   0x934  stm32f3xx_hal_uart.o [1]
  .text               ro code  0x08003d04    0x66  ABImemset.o [5]
  .text               ro code  0x08003d6c   0x2c4  stm32f3xx_hal_tim.o [1]
  .text               ro code  0x08004030    0x24  printf.o [3]
  .text               ro code  0x08004054   0x132  stm32f3xx_hal_crc.o [1]
  .text               ro code  0x08004188    0x4c  strtok.o [3]
  .text               ro code  0x080041d4     0x8  atoi.o [3]
  .text               ro code  0x080041dc   0x1e4  stm32f3xx_hal_gpio.o [1]
  .text               ro code  0x080043c0    0x18  stm32f3xx_hal.o [1]
  .text               ro code  0x080043d8   0x404  stm32f3xx_hal_rtc.o [1]
  .text               ro code  0x080047dc    0x10  stm32f3xx_hal_rtc_ex.o [1]
  .text               ro code  0x080047ec   0xaa8  stm32f3xx_hal_rcc.o [1]
  .text               ro code  0x08005294   0x2c8  stm32f3xx_hal_rcc_ex.o [1]
  .text               ro code  0x0800555c   0x144  stm32f3xx_hal_cortex.o [1]
  .text               ro code  0x080056a0    0x28  stm32f3xx_hal.o [1]
  .text               ro code  0x080056c8    0x7c  stm32f3xx_hal_msp.o [1]
  .text               ro code  0x08005744     0x2  stm32f3xx_hal_uart_ex.o [1]
  .text               ro code  0x08005746     0x2  stm32f3xx_hal_uart.o [1]
  .text               ro code  0x08005748     0xc  stm32f3xx_hal.o [1]
  .text               ro code  0x08005754     0x2  stm32f3xx_hal_tim.o [1]
  .text               ro code  0x08005756     0x2  stm32f3xx_hal_tim.o [1]
  .text               ro code  0x08005758     0x2  stm32f3xx_hal_tim.o [1]
  .text               ro code  0x0800575a     0x2  stm32f3xx_hal_tim_ex.o [1]
  .text               ro code  0x0800575c     0x2  stm32f3xx_hal_tim.o [1]
  .text               ro code  0x0800575e     0x2  stm32f3xx_hal_tim_ex.o [1]
  .text               ro code  0x08005760    0x24  strspn.o [3]
  .text               ro code  0x08005784    0x24  strcspn.o [3]
  .text               ro code  0x080057a8   0x198  xstoul.o [3]
  .text               ro code  0x08005940    0x14  isxxx.o [3]
  .text               ro code  0x08005954    0x14  tolower.o [3]
  .text               ro code  0x08005968     0xc  errno.o [3]
  .text               ro code  0x08005974    0x14  xlocale_c.o [3]
  .text               ro code  0x08005988     0xc  xlocale_c.o [3]
  .text               ro code  0x08005994   0x208  tasks.o [1]
  .text               ro code  0x08005b9c    0x3e  list.o [1]
  .text               ro code  0x08005bda    0xd6  xfspos.o [3]
  .text               ro code  0x08005cb0    0xb0  fflush.o [3]
  .text               ro code  0x08005d60     0xc  xfgpos.o [3]
  .text               ro code  0x08005d6c    0x4c  lseek.o [6]
  .text               ro code  0x08005db8     0x4  xsyslock_nop.o [3]
  .text               ro code  0x08005dbc    0x10  write.o [6]
  .text               ro code  0x08005dcc    0xcc  XShHandles.o [3]
  .text               ro code  0x08005e98    0x1e  dwrite.o [6]
  .text               ro code  0x08005eb6    0x20  iarwstd.o [6]
  .text               ro code  0x08005ed6    0x22  iarwrite.o [6]
  .text               ro code  0x08005ef8    0x6c  iarttio.o [6]
  .text               ro code  0x08005f64     0x8  XShttio.o [3]
  .text               ro code  0x08005f6c    0xb8  xfwprep.o [3]
  .text               ro code  0x08006024    0x22  fseek.o [3]
  CODE                ro code  0x08006048    0xa8  portasm.o [1]
  .text               ro code  0x080060f0    0x98  system_stm32f3xx.o [1]
  .text               ro code  0x08006188    0x80  xfofind.o [3]
  .text               ro code  0x08006208    0x7a  fclose.o [3]
  .text               ro code  0x08006282    0x1a  close.o [6]
  .text               ro code  0x0800629c    0x16  remove.o [6]
  .text               ro code  0x080062b4    0x58  xcloseall.o [3]
  .text               ro code  0x0800630c    0x56  fputc.o [3]
  .text               ro code  0x08006362    0x40  zero_init3.o [5]
  .text               ro code  0x080063a2    0x38  packbits_init_single.o [5]
  .text               ro code  0x080063dc    0x34  port.o [1]
  .text               ro code  0x08006410    0x28  stm32f3xx_it.o [1]
  .text               ro code  0x08006438    0x10  stm32f3xx_hal.o [1]
  .text               ro code  0x08006448    0x10  cmsis_os.o [1]
  .text               ro code  0x08006458    0x28  data_init.o [5]
  .text               ro code  0x08006480    0x22  fpinit_M.o [4]
  .iar.init_table     const    0x080064a4    0x20  - Linker created -
  .rodata             const    0x080064c4    0x20  main.o [1]
  .text               ro code  0x080064e4    0x1a  cmain.o [5]
  .text               ro code  0x080064fe     0x4  low_level_init.o [3]
  .text               ro code  0x08006502     0x4  exit.o [3]
  .text               ro code  0x08006508     0xe  cexit.o [5]
  .text               ro code  0x08006518    0x14  exit.o [6]
  .text               ro code  0x0800652c    0x16  xprout.o [3]
  .text               ro code  0x08006544     0xc  putchar.o [3]
  .rodata             const    0x08006550    0x10  main.o [1]
  .rodata             const    0x08006560    0x10  main.o [1]
  .rodata             const    0x08006570    0x10  stm32f3xx_hal_rcc.o [1]
  .rodata             const    0x08006580    0x10  stm32f3xx_hal_rcc.o [1]
  .rodata             const    0x08006590    0x10  system_stm32f3xx.o [1]
  .text               ro code  0x080065a0    0x10  startup_stm32f303xc.o [1]
  .rodata             const    0x080065b0     0xc  main.o [1]
  .rodata             const    0x080065bc     0xc  main.o [1]
  .rodata             const    0x080065c8     0xc  main.o [1]
  .text               ro code  0x080065d4     0xc  cstartup_M.o [5]
  .rodata             const    0x080065e0     0x8  main.o [1]
  .rodata             const    0x080065e8     0x8  system_stm32f3xx.o [1]
  .text               ro code  0x080065f0     0x4  startup_stm32f303xc.o [1]
  .text               ro code  0x080065f4     0x4  startup_stm32f303xc.o [1]
  .text               ro code  0x080065f8     0x4  startup_stm32f303xc.o [1]
  .text               ro code  0x080065fc     0x4  startup_stm32f303xc.o [1]
  .text               ro code  0x08006600     0x4  startup_stm32f303xc.o [1]
  .text               ro code  0x08006604     0x4  startup_stm32f303xc.o [1]
  .text               ro code  0x08006608     0x4  startup_stm32f303xc.o [1]
  .text               ro code  0x0800660c     0x4  startup_stm32f303xc.o [1]
  .text               ro code  0x08006610     0x4  startup_stm32f303xc.o [1]
  .text               ro code  0x08006614     0x4  startup_stm32f303xc.o [1]
  .text               ro code  0x08006618     0x4  startup_stm32f303xc.o [1]
  .text               ro code  0x0800661c     0x4  startup_stm32f303xc.o [1]
  .text               ro code  0x08006620     0x4  startup_stm32f303xc.o [1]
  .text               ro code  0x08006624     0x4  startup_stm32f303xc.o [1]
  .text               ro code  0x08006628     0x4  startup_stm32f303xc.o [1]
  .text               ro code  0x0800662c     0x4  startup_stm32f303xc.o [1]
  .text               ro code  0x08006630     0x4  startup_stm32f303xc.o [1]
  .text               ro code  0x08006634     0x4  startup_stm32f303xc.o [1]
  .text               ro code  0x08006638     0x4  startup_stm32f303xc.o [1]
  .text               ro code  0x0800663c     0x4  startup_stm32f303xc.o [1]
  .text               ro code  0x08006640     0x4  startup_stm32f303xc.o [1]
  .text               ro code  0x08006644     0x4  startup_stm32f303xc.o [1]
  .text               ro code  0x08006648     0x4  startup_stm32f303xc.o [1]
  .text               ro code  0x0800664c     0x4  startup_stm32f303xc.o [1]
  .text               ro code  0x08006650     0x4  startup_stm32f303xc.o [1]
  .text               ro code  0x08006654     0x4  startup_stm32f303xc.o [1]
  .text               ro code  0x08006658     0x4  startup_stm32f303xc.o [1]
  .text               ro code  0x0800665c     0x4  startup_stm32f303xc.o [1]
  .text               ro code  0x08006660     0x4  startup_stm32f303xc.o [1]
  .text               ro code  0x08006664     0x4  startup_stm32f303xc.o [1]
  .text               ro code  0x08006668     0x4  startup_stm32f303xc.o [1]
  .text               ro code  0x0800666c     0x4  startup_stm32f303xc.o [1]
  .text               ro code  0x08006670     0x4  startup_stm32f303xc.o [1]
  .text               ro code  0x08006674     0x4  startup_stm32f303xc.o [1]
  .text               ro code  0x08006678     0x4  startup_stm32f303xc.o [1]
  .text               ro code  0x0800667c     0x4  startup_stm32f303xc.o [1]
  .text               ro code  0x08006680     0x4  startup_stm32f303xc.o [1]
  .text               ro code  0x08006684     0x4  startup_stm32f303xc.o [1]
  .text               ro code  0x08006688     0x4  startup_stm32f303xc.o [1]
  .text               ro code  0x0800668c     0x4  startup_stm32f303xc.o [1]
  .text               ro code  0x08006690     0x4  startup_stm32f303xc.o [1]
  .text               ro code  0x08006694     0x4  startup_stm32f303xc.o [1]
  .text               ro code  0x08006698     0x4  startup_stm32f303xc.o [1]
  .text               ro code  0x0800669c     0x4  startup_stm32f303xc.o [1]
  .text               ro code  0x080066a0     0x4  startup_stm32f303xc.o [1]
  .text               ro code  0x080066a4     0x4  startup_stm32f303xc.o [1]
  .text               ro code  0x080066a8     0x4  startup_stm32f303xc.o [1]
  .text               ro code  0x080066ac     0x4  startup_stm32f303xc.o [1]
  .text               ro code  0x080066b0     0x4  startup_stm32f303xc.o [1]
  .text               ro code  0x080066b4     0x4  startup_stm32f303xc.o [1]
  .text               ro code  0x080066b8     0x4  startup_stm32f303xc.o [1]
  .text               ro code  0x080066bc     0x4  startup_stm32f303xc.o [1]
  .text               ro code  0x080066c0     0x4  startup_stm32f303xc.o [1]
  .text               ro code  0x080066c4     0x4  startup_stm32f303xc.o [1]
  .text               ro code  0x080066c8     0x4  startup_stm32f303xc.o [1]
  .text               ro code  0x080066cc     0x4  startup_stm32f303xc.o [1]
  .text               ro code  0x080066d0     0x4  startup_stm32f303xc.o [1]
  .text               ro code  0x080066d4     0x4  startup_stm32f303xc.o [1]
  .text               ro code  0x080066d8     0x4  startup_stm32f303xc.o [1]
  .text               ro code  0x080066dc     0x4  startup_stm32f303xc.o [1]
  .text               ro code  0x080066e0     0x4  startup_stm32f303xc.o [1]
  .text               ro code  0x080066e4     0x4  startup_stm32f303xc.o [1]
  .text               ro code  0x080066e8     0x4  startup_stm32f303xc.o [1]
  .text               ro code  0x080066ec     0x4  startup_stm32f303xc.o [1]
  .text               ro code  0x080066f0     0x4  startup_stm32f303xc.o [1]
  .text               ro code  0x080066f4     0x4  startup_stm32f303xc.o [1]
  .text               ro code  0x080066f8     0x4  startup_stm32f303xc.o [1]
  .text               ro code  0x080066fc     0x4  startup_stm32f303xc.o [1]
  .text               ro code  0x08006700     0x4  startup_stm32f303xc.o [1]
  .text               ro code  0x08006704     0x4  startup_stm32f303xc.o [1]
  .text               ro code  0x08006708     0x0  cstart_closeall.o [5]
  .rodata             const    0x08006708     0x0  zero_init3.o [5]
  .rodata             const    0x08006708     0x0  packbits_init_single.o [5]
  Initializer bytes   const    0x08006708    0xcc  <for P2-1>
                             - 0x080067d4  0x664c

"P2", part 1 of 3:                          0x234
  P2-1                         0x20000000   0x234  <Init block>
    .data             inited   0x20000000    0x44  main.o [1]
    .data             inited   0x20000044     0x4  system_stm32f3xx.o [1]
    .data             inited   0x20000048    0x40  xfiles.o [3]
    .data             inited   0x20000088    0x40  xfiles.o [3]
    .data             inited   0x200000c8    0x40  xfiles.o [3]
    .data             inited   0x20000108    0x20  xfiles.o [3]
    .data             inited   0x20000128     0x8  XShttio.o [3]
    __DLIB_PERTHREAD  inited   0x20000130     0x4  strtok.o [3]
    __DLIB_PERTHREAD  inited   0x20000134     0x4  errno.o [3]
    __DLIB_PERTHREAD  inited   0x20000138    0x88  localeconv.o [3]
    __DLIB_PERTHREAD  inited   0x200001c0    0x74  setlocale.o [3]
                             - 0x20000234   0x234

"P2", part 2 of 3:                          0x600
  CSTACK                       0x20000238   0x400  <Block>
    CSTACK            uninit   0x20000238   0x400  <Block tail>
  HEAP                         0x20000638   0x200  <Block>
    HEAP              uninit   0x20000638   0x200  <Block tail>
                             - 0x20000838   0x600

"P2", part 3 of 3:                          0x45c
  .bss                zero     0x20000838    0xa0  main.o [1]
  .bss                zero     0x200008d8    0xa0  main.o [1]
  .bss                zero     0x20000978    0x8c  tasks.o [1]
  .bss                zero     0x20000a04    0x80  XShHandles.o [3]
  .bss                zero     0x20000a84    0x70  usart.o [1]
  .bss                zero     0x20000af4    0x50  xfiles.o [3]
  .bss                zero     0x20000b44    0x50  xfiles.o [3]
  .bss                zero     0x20000b94    0x3c  tim.o [1]
  .bss                zero     0x20000bd0    0x24  crc.o [1]
  .bss                zero     0x20000bf4    0x24  main.o [1]
  .bss                zero     0x20000c18    0x20  main.o [1]
  .bss                zero     0x20000c38     0x8  main.o [1]
  .bss                zero     0x20000c40     0x8  main.o [1]
  .bss                zero     0x20000c48     0x8  xxmemxmalloc.o [3]
  .bss                zero     0x20000c50     0x4  main.o [1]
  .bss                zero     0x20000c54     0x4  main.o [1]
  .bss                zero     0x20000c58     0x4  stm32f3xx_hal.o [1]
  .bss                zero     0x20000c5c     0x4  tasks.o [1]
  .bss                zero     0x20000c60     0x4  tasks.o [1]
  .bss                zero     0x20000c64     0x4  tasks.o [1]
  .bss                zero     0x20000c68     0x4  tasks.o [1]
  .bss                zero     0x20000c6c     0x4  tasks.o [1]
  .bss                zero     0x20000c70     0x4  tasks.o [1]
  .bss                zero     0x20000c74     0x4  tasks.o [1]
  .bss                zero     0x20000c78     0x4  tasks.o [1]
  .bss                zero     0x20000c7c     0x4  tasks.o [1]
  .bss                zero     0x20000c80     0x4  tasks.o [1]
  .bss                zero     0x20000c84     0x4  tasks.o [1]
  .bss                zero     0x20000c88     0x4  xgetmemchunk.o [3]
  .bss                zero     0x20000c8c     0x2  main.o [1]
  .bss                zero     0x20000c8e     0x1  main.o [1]
  .bss                zero     0x20000c8f     0x1  main.o [1]
  .bss                zero     0x20000c90     0x1  main.o [1]
  .bss                zero     0x20000c91     0x1  main.o [1]
  .bss                zero     0x20000c92     0x1  main.o [1]
  .bss                zero     0x20000c93     0x1  main.o [1]
                             - 0x20000c94   0x45c


*******************************************************************************
*** INIT TABLE
***

          Address     Size
          -------     ----
Zero (__iar_zero_init3)
    1 destination range, total size 0x45c:
          0x20000838  0x45c

Copy/packbits (__iar_packbits_init_single3)
    1 source range, total size 0xcc (36% of destination):
          0x08006708   0xcc
    1 destination range, total size 0x234:
          0x20000000  0x234



*******************************************************************************
*** MODULE SUMMARY
***

    Module                   ro code  ro data  rw data
    ------                   -------  -------  -------
U:\Downloads\STM32Cube_FW_F3_V1.7.0\Projects\STM32F3-Discovery\My projects\KULUR\Test\Debug\Obj: [1]
    cmsis_os.o                    16
    crc.o                                           36
    gpio.o                       448
    list.o                        62
    main.o                     4 182      136      488
    port.o                        52
    portasm.o                    168
    rtc.o                        104
    startup_stm32f303xc.o        688
    stm32f3xx_hal.o              132                 4
    stm32f3xx_hal_cortex.o       324
    stm32f3xx_hal_crc.o          306
    stm32f3xx_hal_gpio.o         484
    stm32f3xx_hal_msp.o          124
    stm32f3xx_hal_rcc.o        2 728       32
    stm32f3xx_hal_rcc_ex.o       712
    stm32f3xx_hal_rtc.o        1 028
    stm32f3xx_hal_rtc_ex.o        16
    stm32f3xx_hal_tim.o          716
    stm32f3xx_hal_tim_ex.o         4
    stm32f3xx_hal_uart.o       2 358
    stm32f3xx_hal_uart_ex.o        2
    stm32f3xx_it.o                40
    system_stm32f3xx.o           152       26        4
    tasks.o                      520               184
    tim.o                                           60
    usart.o                      184               112
    --------------------------------------------------
    Total:                    15 550      194      888

command line: [2]
    --------------------------------------------------
    Total:

dl7M_tlf.a: [3]
    XShHandles.o                 204               128
    XShttio.o                      8        2        8
    atoi.o                         8
    div.o                         14
    errno.o                       12        1        4
    exit.o                         4
    fclose.o                     122
    fflush.o                     176
    fputc.o                       86
    fseek.o                       34
    isxxx.o                       20
    localeconv.o                 108       50      136
    low_level_init.o               4
    printf.o                      36
    putchar.o                     12
    setlocale.o                   36       42      116
    strcspn.o                     36
    strspn.o                      36
    strtok.o                      76        2        4
    tolower.o                     20
    xcloseall.o                   88
    xencoding_sb.o                96
    xfgpos.o                      12
    xfiles.o                               81      384
    xfofind.o                    128
    xfspos.o                     214
    xfwprep.o                    184
    xgetmemchunk.o                44                 4
    xlocale_c.o                   32
    xmbcurmax.o                   10
    xmbtowc.o                     32
    xprintffull.o              4 506
    xprout.o                      22
    xstoul.o                     408
    xsyslock_nop.o                 4
    xtls.o                         2
    xwctomb.o                     26
    xxmemxfree.o                 128
    xxmemxmalloc.o               176                 8
    --------------------------------------------------
    Total:                     7 164      178      792

m7M_tls.a: [4]
    DblAdd.o                     212
    DblCmpGe.o                    46
    DblCmpLe.o                    46
    DblDiv.o                     598
    DblMul.o                     418
    DblSub.o                     384
    DblToI32.o                    88
    I32ToDbl.o                    48
    fpinit_M.o                    34
    xdnorm.o                      68
    xdscale.o                    276
    --------------------------------------------------
    Total:                     2 218

rt7M_tl.a: [5]
    ABImemcpy_unaligned.o        118
    ABImemset.o                  102
    I64DivMod.o                  238
    I64DivZer.o                    2
    cexit.o                       14
    cmain.o                       26
    cstart_closeall.o
    cstartup_M.o                  12
    data_init.o                   40
    memchr.o                      88
    packbits_init_single.o        56
    strchr.o                      22
    strlen.o                      54
    zero_init3.o                  64
    --------------------------------------------------
    Total:                       836

shb_l.a: [6]
    close.o                       26
    dwrite.o                      30
    exit.o                        20
    iarttio.o                    108
    iarwrite.o                    34
    iarwstd.o                     32
    lseek.o                       76
    remove.o                      22
    write.o                       16
    --------------------------------------------------
    Total:                       364

    Gaps                          42        2
    Linker created                         32    1 536
------------------------------------------------------
    Grand Total:              26 174      406    3 216


*******************************************************************************
*** ENTRY LIST
***

Entry                      Address   Size  Type      Object
-----                      -------   ----  ----      ------
.iar.init_table$$Base   0x080064a4          --   Gb  - Linker created -
.iar.init_table$$Limit  0x080064c4          --   Gb  - Linker created -
?main                   0x080064e5         Code  Gb  cmain.o [5]
AHBPrescTable           0x08006590   0x10  Data  Gb  system_stm32f3xx.o [1]
APBPrescTable           0x080065e8    0x8  Data  Gb  system_stm32f3xx.o [1]
CRC_Handle_16           0x0800414f   0x38  Code  Lc  stm32f3xx_hal_crc.o [1]
CRC_Handle_8            0x080040bd   0x92  Code  Lc  stm32f3xx_hal_crc.o [1]
CSTACK$$Base            0x20000238          --   Gb  - Linker created -
CSTACK$$Limit           0x20000638          --   Gb  - Linker created -
Error_Handler           0x080030c5    0x2  Code  Gb  main.o [1]
HAL_CRC_Calculate       0x08004055   0x68  Code  Gb  stm32f3xx_hal_crc.o [1]
HAL_Delay               0x080043c1   0x18  Code  Wk  stm32f3xx_hal.o [1]
HAL_GPIO_Init           0x080041dd  0x1a8  Code  Gb  stm32f3xx_hal_gpio.o [1]
HAL_GPIO_WritePin       0x08004385   0x12  Code  Gb  stm32f3xx_hal_gpio.o [1]
HAL_GetTick             0x08005749    0xc  Code  Wk  stm32f3xx_hal.o [1]
HAL_IncTick             0x08006439   0x10  Code  Wk  stm32f3xx_hal.o [1]
HAL_Init                0x080030c9   0x22  Code  Gb  stm32f3xx_hal.o [1]
HAL_InitTick            0x080056a1   0x28  Code  Wk  stm32f3xx_hal.o [1]
HAL_MspInit             0x080056c9   0x7c  Code  Gb  stm32f3xx_hal_msp.o [1]
HAL_NVIC_EnableIRQ      0x0800564f    0xa  Code  Gb  stm32f3xx_hal_cortex.o [1]
HAL_NVIC_SetPriority    0x0800562d   0x22  Code  Gb  stm32f3xx_hal_cortex.o [1]
HAL_NVIC_SetPriorityGrouping
                        0x08005625    0x8  Code  Gb  stm32f3xx_hal_cortex.o [1]
HAL_RCCEx_PeriphCLKConfig
                        0x08005295  0x2a8  Code  Gb  stm32f3xx_hal_rcc_ex.o [1]
HAL_RCC_ClockConfig     0x08004f69  0x23c  Code  Gb  stm32f3xx_hal_rcc.o [1]
HAL_RCC_GetHCLKFreq     0x0800520b    0x6  Code  Gb  stm32f3xx_hal_rcc.o [1]
HAL_RCC_GetPCLK1Freq    0x08005211   0x20  Code  Gb  stm32f3xx_hal_rcc.o [1]
HAL_RCC_GetPCLK2Freq    0x08005231   0x20  Code  Gb  stm32f3xx_hal_rcc.o [1]
HAL_RCC_GetSysClockFreq
                        0x080051a5   0x66  Code  Gb  stm32f3xx_hal_rcc.o [1]
HAL_RCC_OscConfig       0x080047ed  0x77c  Code  Gb  stm32f3xx_hal_rcc.o [1]
HAL_RTCEx_BKUPWrite     0x080047dd   0x10  Code  Gb  stm32f3xx_hal_rtc_ex.o [1]
HAL_RTC_GetDate         0x080046e9   0x4a  Code  Gb  stm32f3xx_hal_rtc.o [1]
HAL_RTC_GetTime         0x08004595   0x5e  Code  Gb  stm32f3xx_hal_rtc.o [1]
HAL_RTC_Init            0x080043d9   0xac  Code  Gb  stm32f3xx_hal_rtc.o [1]
HAL_RTC_MspInit         0x080033a7   0x1c  Code  Gb  rtc.o [1]
HAL_RTC_SetDate         0x080045f3   0xf6  Code  Gb  stm32f3xx_hal_rtc.o [1]
HAL_RTC_SetTime         0x08004485  0x110  Code  Gb  stm32f3xx_hal_rtc.o [1]
HAL_RTC_WaitForSynchro  0x08004741   0x34  Code  Gb  stm32f3xx_hal_rtc.o [1]
HAL_SYSTICK_CLKSourceConfig
                        0x08005661   0x20  Code  Gb  stm32f3xx_hal_cortex.o [1]
HAL_SYSTICK_Config      0x08005659    0x8  Code  Gb  stm32f3xx_hal_cortex.o [1]
HAL_TIMEx_BreakCallback
                        0x0800575b    0x2  Code  Wk  stm32f3xx_hal_tim_ex.o [1]
HAL_TIMEx_CommutationCallback
                        0x0800575f    0x2  Code  Wk  stm32f3xx_hal_tim_ex.o [1]
HAL_TIM_IC_CaptureCallback
                        0x08002103  0x124  Code  Gb  main.o [1]
HAL_TIM_IC_CaptureCallback::bit_counter
                        0x20000c8f    0x1  Data  Lc  main.o [1]
HAL_TIM_IC_CaptureCallback::duty_in_microseconds
                        0x20000c50    0x4  Data  Lc  main.o [1]
HAL_TIM_IC_CaptureCallback::interrupt_counter
                        0x20000c90    0x1  Data  Lc  main.o [1]
HAL_TIM_IC_CaptureCallback::preamble_bits
                        0x20000bf4   0x24  Data  Lc  main.o [1]
HAL_TIM_IC_CaptureCallback::preamble_flag
                        0x20000c91    0x1  Data  Lc  main.o [1]
HAL_TIM_IC_CaptureCallback::radio_frame
                        0x20000838   0xa0  Data  Lc  main.o [1]
HAL_TIM_IC_Start_IT     0x08003d6d   0x68  Code  Gb  stm32f3xx_hal_tim.o [1]
HAL_TIM_IC_Stop_IT      0x08003dd5   0x80  Code  Gb  stm32f3xx_hal_tim.o [1]
HAL_TIM_IRQHandler      0x08003e55  0x176  Code  Gb  stm32f3xx_hal_tim.o [1]
HAL_TIM_OC_DelayElapsedCallback
                        0x08005755    0x2  Code  Wk  stm32f3xx_hal_tim.o [1]
HAL_TIM_PWM_PulseFinishedCallback
                        0x08005757    0x2  Code  Wk  stm32f3xx_hal_tim.o [1]
HAL_TIM_PeriodElapsedCallback
                        0x08005759    0x2  Code  Wk  stm32f3xx_hal_tim.o [1]
HAL_TIM_ReadCapturedValue
                        0x08003fcb   0x48  Code  Gb  stm32f3xx_hal_tim.o [1]
HAL_TIM_TriggerCallback
                        0x0800575d    0x2  Code  Wk  stm32f3xx_hal_tim.o [1]
HAL_UARTEx_WakeupCallback
                        0x08005745    0x2  Code  Wk  stm32f3xx_hal_uart_ex.o [1]
HAL_UART_ErrorCallback  0x08005747    0x2  Code  Wk  stm32f3xx_hal_uart.o [1]
HAL_UART_IRQHandler     0x08003603  0x102  Code  Gb  stm32f3xx_hal_uart.o [1]
HAL_UART_Init           0x080033d1   0x7e  Code  Gb  stm32f3xx_hal_uart.o [1]
HAL_UART_MspInit        0x08003301   0x56  Code  Gb  usart.o [1]
HAL_UART_Receive_IT     0x0800355b   0xa8  Code  Gb  stm32f3xx_hal_uart.o [1]
HAL_UART_RxCpltCallback
                        0x0800207b    0xa  Code  Gb  main.o [1]
HAL_UART_Transmit       0x0800344f   0xb6  Code  Gb  stm32f3xx_hal_uart.o [1]
HAL_UART_Transmit_IT    0x08003505   0x56  Code  Gb  stm32f3xx_hal_uart.o [1]
HAL_UART_TxCpltCallback
                        0x08002071    0xa  Code  Gb  main.o [1]
HEAP$$Base              0x20000638          --   Gb  - Linker created -
HEAP$$Limit             0x20000838          --   Gb  - Linker created -
LoadInt                 0x080007ff   0x6e  Code  Lc  xprintffull.o [3]
MX_GPIO_Init            0x080030f1  0x1c0  Code  Gb  gpio.o [1]
MX_RTC_Init             0x08003369   0x3e  Code  Gb  rtc.o [1]
MX_USART3_UART_Init     0x080032b1   0x50  Code  Gb  usart.o [1]
NVIC_EnableIRQ          0x08005583   0x14  Code  Lc  stm32f3xx_hal_cortex.o [1]
NVIC_EncodePriority     0x080055b9   0x3e  Code  Lc  stm32f3xx_hal_cortex.o [1]
NVIC_GetPriorityGrouping
                        0x08005579    0xa  Code  Lc  stm32f3xx_hal_cortex.o [1]
NVIC_SetPriority        0x08005597   0x22  Code  Lc  stm32f3xx_hal_cortex.o [1]
NVIC_SetPriorityGrouping
                        0x0800555d   0x1c  Code  Lc  stm32f3xx_hal_cortex.o [1]
PendSV_Handler          0x08006049         Code  Gb  portasm.o [1]
RTC_Bcd2ToByte          0x080047c3   0x1a  Code  Gb  stm32f3xx_hal_rtc.o [1]
RTC_ByteToBcd2          0x080047ad   0x16  Code  Gb  stm32f3xx_hal_rtc.o [1]
RTC_EnterInitMode       0x08004775   0x38  Code  Gb  stm32f3xx_hal_rtc.o [1]
RTC_TimeConfig          0x08002f55   0x52  Code  Gb  main.o [1]
RTC_TimeShow            0x08002fad   0x2c  Code  Gb  main.o [1]
Region$$Table$$Base     0x080064a4          --   Gb  - Linker created -
Region$$Table$$Limit    0x080064c4          --   Gb  - Linker created -
SVC_Handler             0x080060a1         Code  Gb  portasm.o [1]
SysTick_Config          0x080055f7   0x2e  Code  Lc  stm32f3xx_hal_cortex.o [1]
SysTick_Handler         0x08006411    0xc  Code  Gb  stm32f3xx_it.o [1]
SystemClock_Config      0x08002fe5   0xa0  Code  Gb  main.o [1]
SystemCoreClock         0x20000044    0x4  Data  Gb  system_stm32f3xx.o [1]
SystemInit              0x080060f1   0x70  Code  Gb  system_stm32f3xx.o [1]
TIM1_CC_IRQHandler      0x0800641d    0xa  Code  Gb  stm32f3xx_it.o [1]
TIM_CCxChannelCmd       0x08004013   0x1e  Code  Gb  stm32f3xx_hal_tim.o [1]
UART_AdvFeatureConfig   0x080039c5   0xda  Code  Gb  stm32f3xx_hal_uart.o [1]
UART_CheckIdleState     0x08003a9f   0x5e  Code  Gb  stm32f3xx_hal_uart.o [1]
UART_EndTransmit_IT     0x08003c55   0x1c  Code  Gb  stm32f3xx_hal_uart.o [1]
UART_Receive_IT         0x08003c71   0x94  Code  Gb  stm32f3xx_hal_uart.o [1]
UART_SetConfig          0x08003705  0x2a2  Code  Gb  stm32f3xx_hal_uart.o [1]
UART_Transmit_IT        0x08003be9   0x6c  Code  Gb  stm32f3xx_hal_uart.o [1]
UART_WaitOnFlagUntilTimeout
                        0x08003afd   0xea  Code  Gb  stm32f3xx_hal_uart.o [1]
UARTfunction            0x080024fd  0x17c  Code  Gb  main.o [1]
UARTfunction::Date      0x20000c38    0x8  Data  Lc  main.o [1]
UARTfunction::dateCheck
                        0x20000c92    0x1  Data  Lc  main.o [1]
UARTfunction::time      0x20000c54    0x4  Data  Lc  main.o [1]
UARTfunction::timeCheck
                        0x20000c93    0x1  Data  Lc  main.o [1]
USART3_IRQHandler       0x08006427    0xa  Code  Gb  stm32f3xx_it.o [1]
UartReady               0x20000c8e    0x1  Data  Gb  main.o [1]
_Close_all              0x080062b5   0x58  Code  Gb  xcloseall.o [3]
_EncodingSb_Mbtowc      0x08001f23   0x30  Code  Gb  xencoding_sb.o [3]
_EncodingSb_Mbtowc::initial
                        0x08001f60    0x8  Data  Lc  xencoding_sb.o [3]
_EncodingSb_Wctomb      0x08001f09   0x1a  Code  Gb  xencoding_sb.o [3]
_EncodingSb_Wctomb::initial
                        0x08001f58    0x8  Data  Lc  xencoding_sb.o [3]
_Files                  0x20000108   0x20  Data  Gb  xfiles.o [3]
_Fofree                 0x08006189   0x78  Code  Gb  xfofind.o [3]
_Fspos                  0x08005bdb   0xd6  Code  Gb  xfspos.o [3]
_Fwprep                 0x08005f6d   0xb8  Code  Gb  xfwprep.o [3]
_GenldFull              0x08001085  0x254  Code  Lc  xprintffull.o [3]
_IsdstStr               0x200001c4    0x4  Data  Gb  setlocale.o [3]
_LdtobFull              0x08000c85  0x3fa  Code  Lc  xprintffull.o [3]
_LitobFull              0x08000b79  0x10a  Code  Lc  xprintffull.o [3]
_LocaleC_isspace        0x08005975   0x14  Code  Gb  xlocale_c.o [3]
_LocaleC_tolower        0x08005989    0xc  Code  Gb  xlocale_c.o [3]
_LocaleEncoding         0x08001ef7    0xe  Code  Gb  setlocale.o [3]
_LocaleForCat           0x08001ee5   0x12  Code  Gb  setlocale.o [3]
_LocaleReturnString     0x200001e4   0x50  Data  Lc  setlocale.o [3]
_Locale_Profile         0x200001c8   0x1c  Data  Gb  setlocale.o [3]
_Locale_aeabi_lconv     0x20000188   0x38  Data  Gb  localeconv.o [3]
_Locale_lconv           0x20000138   0x50  Data  Gb  localeconv.o [3]
_Mbtowc                 0x08001323   0x20  Code  Gb  xmbtowc.o [3]
_Nnl                    0x08005d61    0xc  Code  Gb  xfgpos.o [3]
_PrintfFull             0x08000189  0x660  Code  Gb  xprintffull.o [3]
_Prout                  0x0800652d   0x16  Code  Gb  xprout.o [3]
_PutcharsFull           0x080012d9   0x2e  Code  Lc  xprintffull.o [3]
_PutstrFull             0x0800086d  0x306  Code  Lc  xprintffull.o [3]
_Strtok_ssave           0x20000130    0x4  Data  Lc  strtok.o [3]
_TzoneStr               0x200001c0    0x4  Data  Gb  setlocale.o [3]
_Wctomb                 0x080014a9   0x1a  Code  Gb  xwctomb.o [3]
__aeabi_cdcmple         0x080016f1         Code  Gb  DblCmpLe.o [4]
__aeabi_cdrcmple        0x08001721         Code  Gb  DblCmpGe.o [4]
__aeabi_d2iz            0x08001865         Code  Gb  DblToI32.o [4]
__aeabi_d2uiz           0x08001891         Code  Gb  DblToI32.o [4]
__aeabi_ddiv            0x08001c11         Code  Gb  DblDiv.o [4]
__aeabi_dmul            0x08001a6d         Code  Gb  DblMul.o [4]
__aeabi_dsub            0x080018ed         Code  Gb  DblSub.o [4]
__aeabi_errno_addr      0x08005969    0x6  Code  Gb  errno.o [3]
__aeabi_i2d             0x080018bd         Code  Gb  I32ToDbl.o [4]
__aeabi_ldiv0           0x08001f95         Code  Gb  I64DivZer.o [5]
__aeabi_memset          0x08003d05         Code  Gb  ABImemset.o [5]
__aeabi_ui2d            0x080018d1         Code  Gb  I32ToDbl.o [4]
__aeabi_uldivmod        0x080015bd         Code  Gb  I64DivMod.o [5]
__cexit_closeall        0x0800650b         Code  Gb  cexit.o [5]
__close                 0x08006283   0x1a  Code  Gb  close.o [6]
__cmain                 0x080064e5         Code  Gb  cmain.o [5]
__cstart_closeall       0x08006708         Data  Gb  cstart_closeall.o [5]
__data_Aldata           0x20000c48    0x8  Data  Gb  xxmemxmalloc.o [3]
__data_GetMemChunk      0x08001f69   0x2c  Code  Gb  xgetmemchunk.o [3]
__data_GetMemChunk::start
                        0x20000c88    0x4  Data  Lc  xgetmemchunk.o [3]
__dwrite                0x08005e99   0x1e  Code  Gb  dwrite.o [6]
__exit                  0x08006519   0x14  Code  Gb  exit.o [6]
__iar_Dnorm             0x080016ab   0x44  Code  Gb  xdnorm.o [4]
__iar_Dscale            0x08001751  0x114  Code  Gb  xdscale.o [4]
__iar_Errno             0x20000134    0x4  Data  Gb  errno.o [3]
__iar_Locale_lconv_init
                        0x08001e69   0x3a  Code  Gb  localeconv.o [3]
__iar_Lockfilelock      0x08005db9    0x2  Code  Gb  xsyslock_nop.o [3]
__iar_Mbcurmax          0x080013ed    0xa  Code  Gb  xmbcurmax.o [3]
__iar_Memchr            0x08001395         Code  Gb  memchr.o [5]
__iar_Memset            0x08003d05         Code  Gb  ABImemset.o [5]
__iar_Memset_word       0x08003d0d         Code  Gb  ABImemset.o [5]
__iar_Stderr            0x200000c8   0x40  Data  Gb  xfiles.o [3]
__iar_Stdin             0x20000048   0x40  Data  Gb  xfiles.o [3]
__iar_Stdout            0x20000088   0x40  Data  Gb  xfiles.o [3]
__iar_Stoul             0x080058ed    0x4  Code  Gb  xstoul.o [3]
__iar_Stoulx            0x080057a9  0x13e  Code  Gb  xstoul.o [3]
__iar_Strchr            0x08001345         Code  Gb  strchr.o [5]
__iar_Unlockfilelock    0x08005dbb    0x2  Code  Gb  xsyslock_nop.o [3]
__iar_close_ttio        0x08005ef9   0x2e  Code  Gb  iarttio.o [6]
__iar_d2uiz             0x0800189d         Code  Gb  DblToI32.o [4]
__iar_dadd              0x08001f99         Code  Gb  DblAdd.o [4]
__iar_data_init3        0x08006459   0x28  Code  Gb  data_init.o [5]
__iar_dlib_perthread_access
                        0x0800206d    0x2  Code  Gb  xtls.o [3]
__iar_dsub              0x08001901         Code  Gb  DblSub.o [4]
__iar_dsubStart         0x08001913         Code  Gb  DblSub.o [4]
__iar_get_ttio          0x08005f29   0x38  Code  Gb  iarttio.o [6]
__iar_init_vfp          0x08006481         Code  Gb  fpinit_M.o [4]
__iar_lookup_ttioh      0x08005f65    0x8  Code  Gb  XShttio.o [3]
__iar_packbits_init_single3
                        0x080063a3   0x38  Code  Gb  packbits_init_single.o [5]
__iar_program_start     0x080065d5         Code  Gb  cstartup_M.o [5]
__iar_sh_Discard        0x08005dcd   0x3e  Code  Gb  XShHandles.o [3]
__iar_sh_Move           0x08005e11   0x46  Code  Gb  XShHandles.o [3]
__iar_sh_Pos            0x08005e57   0x3e  Code  Gb  XShHandles.o [3]
__iar_sh_stdout         0x08005eb7   0x20  Code  Gb  iarwstd.o [6]
__iar_sh_write          0x08005ed7   0x22  Code  Gb  iarwrite.o [6]
__iar_ttio_handles      0x20000128    0x8  Data  Lc  XShttio.o [3]
__iar_ui2d              0x080018d5         Code  Gb  I32ToDbl.o [4]
__iar_unaligned___aeabi_memcpy
                        0x080014c5         Code  Gb  ABImemcpy_unaligned.o [5]
__iar_unaligned___aeabi_memcpy4
                        0x080014e5         Code  Gb  ABImemcpy_unaligned.o [5]
__iar_unaligned___aeabi_memcpy8
                        0x080014e5         Code  Gb  ABImemcpy_unaligned.o [5]
__iar_zero_init3        0x08006363   0x40  Code  Gb  zero_init3.o [5]
__low_level_init        0x080064ff    0x4  Code  Gb  low_level_init.o [3]
__lseek                 0x08005d6d   0x4c  Code  Gb  lseek.o [6]
__vector_table          0x08000000         Data  Gb  startup_stm32f303xc.o [1]
__write                 0x08005dbd   0x10  Code  Gb  write.o [6]
_call_main              0x080064f1         Code  Gb  cmain.o [5]
_exit                   0x08006509         Code  Gb  cexit.o [5]
_main                   0x080064fb         Code  Gb  cmain.o [5]
aPLLMULFactorTable      0x08006570   0x10  Data  Gb  stm32f3xx_hal_rcc.o [1]
aPredivFactorTable      0x08006580   0x10  Data  Gb  stm32f3xx_hal_rcc.o [1]
atoi                    0x080041d5    0x8  Code  Gb  atoi.o [3]
digits                  0x080058f0   0x28  Data  Lc  xstoul.o [3]
displayFunction         0x08002699  0x8b0  Code  Gb  main.o [1]
displayFunction::number
                        0x20000c40    0x8  Data  Lc  main.o [1]
div                     0x08001ed5    0xe  Code  Gb  div.o [3]
ebuf                    0x20000af4   0x50  Data  Lc  xfiles.o [3]
exit                    0x08006503    0x4  Code  Gb  exit.o [3]
fclose                  0x08006209   0x7a  Code  Gb  fclose.o [3]
fflush                  0x08005d27   0x34  Code  Gb  fflush.o [3]
fflushOne               0x08005cb1   0x76  Code  Lc  fflush.o [3]
fputc                   0x0800630d   0x56  Code  Gb  fputc.o [3]
frame_decoder           0x08002227  0x2d6  Code  Gb  main.o [1]
frame_decoder::decoded_frame
                        0x200008d8   0xa0  Data  Lc  main.o [1]
frame_decoder::temp     0x20000c8c    0x2  Data  Lc  main.o [1]
free                    0x0800153d   0x7a  Code  Gb  xxmemxfree.o [3]
fseek                   0x08006025   0x22  Code  Gb  fseek.o [3]
hcrc                    0x20000bd0   0x24  Data  Gb  crc.o [1]
hrtc                    0x20000c18   0x20  Data  Gb  main.o [1]
htim1                   0x20000b94   0x3c  Data  Gb  tim.o [1]
huart3                  0x20000a84   0x70  Data  Gb  usart.o [1]
isspace                 0x08005941   0x14  Code  Gb  isxxx.o [3]
localeconv              0x08001ea3   0x16  Code  Gb  localeconv.o [3]
main                    0x08002085   0x7e  Code  Gb  main.o [1]
main::Buffer            0x20000000   0x44  Data  Lc  main.o [1]
malloc                  0x080013f9   0xac  Code  Gb  xxmemxmalloc.o [3]
memchr                  0x08001395         Code  Gb  memchr.o [5]
ndigs                   0x08005918   0x28  Data  Lc  xstoul.o [3]
obuf                    0x20000b44   0x50  Data  Lc  xfiles.o [3]
osSystickHandler        0x08006449   0x10  Code  Gb  cmsis_os.o [1]
printf                  0x08004031   0x24  Code  Gb  printf.o [3]
prvResetNextTaskUnblockTime
                        0x08005b35   0x28  Code  Lc  tasks.o [1]
putchar                 0x08006545    0xc  Code  Gb  putchar.o [3]
pxCurrentTCB            0x20000c5c    0x4  Data  Gb  tasks.o [1]
pxDelayedTaskList       0x20000c60    0x4  Data  Lc  tasks.o [1]
pxOverflowDelayedTaskList
                        0x20000c64    0x4  Data  Lc  tasks.o [1]
pxReadyTasksLists       0x20000978   0x8c  Data  Lc  tasks.o [1]
remove                  0x0800629d   0x16  Code  Gb  remove.o [6]
sFileInfo               0x20000a04   0x80  Data  Lc  XShHandles.o [3]
strchr                  0x08001345         Code  Gb  strchr.o [5]
strcspn                 0x08005785   0x24  Code  Gb  strcspn.o [3]
strlen                  0x0800135d         Code  Gb  strlen.o [5]
strspn                  0x08005761   0x24  Code  Gb  strspn.o [3]
strtok                  0x08004189   0x4c  Code  Gb  strtok.o [3]
tolower                 0x08005955   0x14  Code  Gb  tolower.o [3]
uwTick                  0x20000c58    0x4  Data  Gb  stm32f3xx_hal.o [1]
uxListRemove            0x08005bb5   0x26  Code  Gb  list.o [1]
uxPendedTicks           0x20000c74    0x4  Data  Lc  tasks.o [1]
uxSchedulerSuspended    0x20000c84    0x4  Data  Lc  tasks.o [1]
uxTopReadyPriority      0x20000c6c    0x4  Data  Lc  tasks.o [1]
vListInsertEnd          0x08005b9d   0x18  Code  Gb  list.o [1]
vPortEnableVFP          0x080060d5         Code  Gb  portasm.o [1]
vPortStartFirstTask     0x080060bd         Code  Gb  portasm.o [1]
vTaskSwitchContext      0x08005ab1   0x6e  Code  Gb  tasks.o [1]
xNextTaskUnblockTime    0x20000c80    0x4  Data  Lc  tasks.o [1]
xNumOfOverflows         0x20000c7c    0x4  Data  Lc  tasks.o [1]
xPortSysTickHandler     0x080063dd   0x2c  Code  Gb  port.o [1]
xSchedulerRunning       0x20000c70    0x4  Data  Lc  tasks.o [1]
xTaskGetSchedulerState  0x08005b5d   0x20  Code  Gb  tasks.o [1]
xTaskIncrementTick      0x08005995  0x11c  Code  Gb  tasks.o [1]
xTickCount              0x20000c68    0x4  Data  Lc  tasks.o [1]
xYieldPending           0x20000c78    0x4  Data  Lc  tasks.o [1]


[1] = U:\Downloads\STM32Cube_FW_F3_V1.7.0\Projects\STM32F3-Discovery\My projects\KULUR\Test\Debug\Obj
[2] = command line
[3] = dl7M_tlf.a
[4] = m7M_tls.a
[5] = rt7M_tl.a
[6] = shb_l.a

  26 174 bytes of readonly  code memory
     406 bytes of readonly  data memory
   3 216 bytes of readwrite data memory

Errors: none
Warnings: none
