###############################################################################
#
# IAR ELF Linker V7.80.3.12102/W32 for ARM                01/Mar/2017  17:14:33
# Copyright 2007-2016 IAR Systems AB.
#
#    Output file  =  
#        U:\Downloads\STM32Cube_FW_F3_V1.7.0\Projects\STM32F3-Discovery\My
#        projects\KULUR\EWARM\KULUR.out
#    Map file     =  
#        U:\Downloads\STM32Cube_FW_F3_V1.7.0\Projects\STM32F3-Discovery\My
#        projects\KULUR\EWARM\KULUR.map
#    Command line =  
#        "U:\Downloads\STM32Cube_FW_F3_V1.7.0\Projects\STM32F3-Discovery\My
#        projects\KULUR\EWARM\cmsis_os.o"
#        "U:\Downloads\STM32Cube_FW_F3_V1.7.0\Projects\STM32F3-Discovery\My
#        projects\KULUR\EWARM\crc.o"
#        "U:\Downloads\STM32Cube_FW_F3_V1.7.0\Projects\STM32F3-Discovery\My
#        projects\KULUR\EWARM\croutine.o"
#        "U:\Downloads\STM32Cube_FW_F3_V1.7.0\Projects\STM32F3-Discovery\My
#        projects\KULUR\EWARM\event_groups.o"
#        "U:\Downloads\STM32Cube_FW_F3_V1.7.0\Projects\STM32F3-Discovery\My
#        projects\KULUR\EWARM\freertos.o"
#        "U:\Downloads\STM32Cube_FW_F3_V1.7.0\Projects\STM32F3-Discovery\My
#        projects\KULUR\EWARM\gpio.o"
#        "U:\Downloads\STM32Cube_FW_F3_V1.7.0\Projects\STM32F3-Discovery\My
#        projects\KULUR\EWARM\heap_4.o"
#        "U:\Downloads\STM32Cube_FW_F3_V1.7.0\Projects\STM32F3-Discovery\My
#        projects\KULUR\EWARM\kulur_functions.o"
#        "U:\Downloads\STM32Cube_FW_F3_V1.7.0\Projects\STM32F3-Discovery\My
#        projects\KULUR\EWARM\list.o"
#        "U:\Downloads\STM32Cube_FW_F3_V1.7.0\Projects\STM32F3-Discovery\My
#        projects\KULUR\EWARM\main.o"
#        "U:\Downloads\STM32Cube_FW_F3_V1.7.0\Projects\STM32F3-Discovery\My
#        projects\KULUR\EWARM\port.o"
#        "U:\Downloads\STM32Cube_FW_F3_V1.7.0\Projects\STM32F3-Discovery\My
#        projects\KULUR\EWARM\portasm.o"
#        "U:\Downloads\STM32Cube_FW_F3_V1.7.0\Projects\STM32F3-Discovery\My
#        projects\KULUR\EWARM\queue.o"
#        "U:\Downloads\STM32Cube_FW_F3_V1.7.0\Projects\STM32F3-Discovery\My
#        projects\KULUR\EWARM\rtc.o"
#        "U:\Downloads\STM32Cube_FW_F3_V1.7.0\Projects\STM32F3-Discovery\My
#        projects\KULUR\EWARM\startup_stm32f303xc.o"
#        "U:\Downloads\STM32Cube_FW_F3_V1.7.0\Projects\STM32F3-Discovery\My
#        projects\KULUR\EWARM\stm32f3xx_hal.o"
#        "U:\Downloads\STM32Cube_FW_F3_V1.7.0\Projects\STM32F3-Discovery\My
#        projects\KULUR\EWARM\stm32f3xx_hal_cortex.o"
#        "U:\Downloads\STM32Cube_FW_F3_V1.7.0\Projects\STM32F3-Discovery\My
#        projects\KULUR\EWARM\stm32f3xx_hal_crc.o"
#        "U:\Downloads\STM32Cube_FW_F3_V1.7.0\Projects\STM32F3-Discovery\My
#        projects\KULUR\EWARM\stm32f3xx_hal_crc_ex.o"
#        "U:\Downloads\STM32Cube_FW_F3_V1.7.0\Projects\STM32F3-Discovery\My
#        projects\KULUR\EWARM\stm32f3xx_hal_dma.o"
#        "U:\Downloads\STM32Cube_FW_F3_V1.7.0\Projects\STM32F3-Discovery\My
#        projects\KULUR\EWARM\stm32f3xx_hal_flash.o"
#        "U:\Downloads\STM32Cube_FW_F3_V1.7.0\Projects\STM32F3-Discovery\My
#        projects\KULUR\EWARM\stm32f3xx_hal_flash_ex.o"
#        "U:\Downloads\STM32Cube_FW_F3_V1.7.0\Projects\STM32F3-Discovery\My
#        projects\KULUR\EWARM\stm32f3xx_hal_gpio.o"
#        "U:\Downloads\STM32Cube_FW_F3_V1.7.0\Projects\STM32F3-Discovery\My
#        projects\KULUR\EWARM\stm32f3xx_hal_i2c.o"
#        "U:\Downloads\STM32Cube_FW_F3_V1.7.0\Projects\STM32F3-Discovery\My
#        projects\KULUR\EWARM\stm32f3xx_hal_i2c_ex.o"
#        "U:\Downloads\STM32Cube_FW_F3_V1.7.0\Projects\STM32F3-Discovery\My
#        projects\KULUR\EWARM\stm32f3xx_hal_msp.o"
#        "U:\Downloads\STM32Cube_FW_F3_V1.7.0\Projects\STM32F3-Discovery\My
#        projects\KULUR\EWARM\stm32f3xx_hal_pwr.o"
#        "U:\Downloads\STM32Cube_FW_F3_V1.7.0\Projects\STM32F3-Discovery\My
#        projects\KULUR\EWARM\stm32f3xx_hal_pwr_ex.o"
#        "U:\Downloads\STM32Cube_FW_F3_V1.7.0\Projects\STM32F3-Discovery\My
#        projects\KULUR\EWARM\stm32f3xx_hal_rcc.o"
#        "U:\Downloads\STM32Cube_FW_F3_V1.7.0\Projects\STM32F3-Discovery\My
#        projects\KULUR\EWARM\stm32f3xx_hal_rcc_ex.o"
#        "U:\Downloads\STM32Cube_FW_F3_V1.7.0\Projects\STM32F3-Discovery\My
#        projects\KULUR\EWARM\stm32f3xx_hal_rtc.o"
#        "U:\Downloads\STM32Cube_FW_F3_V1.7.0\Projects\STM32F3-Discovery\My
#        projects\KULUR\EWARM\stm32f3xx_hal_rtc_ex.o"
#        "U:\Downloads\STM32Cube_FW_F3_V1.7.0\Projects\STM32F3-Discovery\My
#        projects\KULUR\EWARM\stm32f3xx_hal_tim.o"
#        "U:\Downloads\STM32Cube_FW_F3_V1.7.0\Projects\STM32F3-Discovery\My
#        projects\KULUR\EWARM\stm32f3xx_hal_tim_ex.o"
#        "U:\Downloads\STM32Cube_FW_F3_V1.7.0\Projects\STM32F3-Discovery\My
#        projects\KULUR\EWARM\stm32f3xx_hal_uart.o"
#        "U:\Downloads\STM32Cube_FW_F3_V1.7.0\Projects\STM32F3-Discovery\My
#        projects\KULUR\EWARM\stm32f3xx_hal_uart_ex.o"
#        "U:\Downloads\STM32Cube_FW_F3_V1.7.0\Projects\STM32F3-Discovery\My
#        projects\KULUR\EWARM\stm32f3xx_it.o"
#        "U:\Downloads\STM32Cube_FW_F3_V1.7.0\Projects\STM32F3-Discovery\My
#        projects\KULUR\EWARM\system_stm32f3xx.o"
#        "U:\Downloads\STM32Cube_FW_F3_V1.7.0\Projects\STM32F3-Discovery\My
#        projects\KULUR\EWARM\tasks.o"
#        "U:\Downloads\STM32Cube_FW_F3_V1.7.0\Projects\STM32F3-Discovery\My
#        projects\KULUR\EWARM\tim.o"
#        "U:\Downloads\STM32Cube_FW_F3_V1.7.0\Projects\STM32F3-Discovery\My
#        projects\KULUR\EWARM\timers.o"
#        "U:\Downloads\STM32Cube_FW_F3_V1.7.0\Projects\STM32F3-Discovery\My
#        projects\KULUR\EWARM\usart.o" --redirect _Printf=_PrintfFull
#        --redirect _Scanf=_ScanfFull -o
#        "U:\Downloads\STM32Cube_FW_F3_V1.7.0\Projects\STM32F3-Discovery\My
#        projects\KULUR\EWARM\KULUR.out" --map
#        "U:\Downloads\STM32Cube_FW_F3_V1.7.0\Projects\STM32F3-Discovery\My
#        projects\KULUR\EWARM\KULUR.map" --config "C:\Program Files\IAR
#        Systems\Embedded Workbench 7.5\arm\config\linker\ST\stm32f303xC.icf"
#        --semihosting --entry __iar_program_start --vfe
#
###############################################################################

*******************************************************************************
*** RUNTIME MODEL ATTRIBUTES
***

CppFlavor                     = *
__Heap_Handler                = Basic
__SystemLibrary               = DLib
__dlib_dynamic_initialization = normal


*******************************************************************************
*** PLACEMENT SUMMARY
***

"A0":  place at 0x08000000 { ro section .intvec };
"P1":  place in [from 0x08000000 to 0x0803ffff] { ro };
"P2":  place in [from 0x20000000 to 0x20009fff] { rw, block CSTACK, block HEAP };
initialize by copy { rw };

  Section             Kind        Address    Size  Object
  -------             ----        -------    ----  ------
"A0":                                       0x188
  .intvec             ro code  0x08000000   0x188  startup_stm32f303xc.o [1]
                             - 0x08000188   0x188

"P1":                                      0x6fd9
  .text               ro code  0x08000188  0x119a  xprintffull.o [3]
  .text               ro code  0x08001322    0x20  xmbtowc.o [3]
  .rodata             const    0x08001342     0x2  usart.o [1]
  .text               ro code  0x08001344    0x16  strchr.o [5]
  .rodata             const    0x0800135a     0x2  usart.o [1]
  .text               ro code  0x0800135c    0x36  strlen.o [5]
  .text               ro code  0x08001394    0x58  memchr.o [5]
  .text               ro code  0x080013ec     0xa  xmbcurmax.o [3]
  .text               ro code  0x080013f8    0xb0  xxmemxmalloc.o [3]
  .text               ro code  0x080014a8    0x1a  xwctomb.o [3]
  .text               ro code  0x080014c4    0x76  ABImemcpy_unaligned.o [5]
  .text               ro code  0x0800153c    0x80  xxmemxfree.o [3]
  .text               ro code  0x080015bc    0xee  I64DivMod.o [5]
  .text               ro code  0x080016aa    0x44  xdnorm.o [4]
  .text               ro code  0x080016f0    0x2e  DblCmpLe.o [4]
  .text               ro code  0x08001720    0x2e  DblCmpGe.o [4]
  .text               ro code  0x08001750   0x114  xdscale.o [4]
  .text               ro code  0x08001864    0x58  DblToI32.o [4]
  .text               ro code  0x080018bc    0x30  I32ToDbl.o [4]
  .text               ro code  0x080018ec   0x180  DblSub.o [4]
  .text               ro code  0x08001a6c   0x1a2  DblMul.o [4]
  .text               ro code  0x08001c10   0x256  DblDiv.o [4]
  .text               ro code  0x08001e68    0x6c  localeconv.o [3]
  .text               ro code  0x08001ed4     0xe  div.o [3]
  .text               ro code  0x08001ee4    0x24  setlocale.o [3]
  .text               ro code  0x08001f08    0x60  xencoding_sb.o [3]
  .text               ro code  0x08001f68    0x2c  xgetmemchunk.o [3]
  .text               ro code  0x08001f94     0x2  I64DivZer.o [5]
  .text               ro code  0x08001f98    0xd4  DblAdd.o [4]
  .text               ro code  0x0800206c     0x2  xtls.o [3]
  .text               ro code  0x08002070   0xab8  stm32f3xx_hal_rcc.o [1]
  .text               ro code  0x08002b28     0xc  stm32f3xx_hal.o [1]
  .text               ro code  0x08002b34    0x28  stm32f3xx_hal.o [1]
  .text               ro code  0x08002b5c   0x15c  stm32f3xx_hal_cortex.o [1]
  .text               ro code  0x08002cb8   0x9b2  stm32f3xx_hal_uart.o [1]
  .text               ro code  0x0800366c   0x348  usart.o [1]
  .text               ro code  0x080039b4     0x2  stm32f3xx_hal_uart_ex.o [1]
  .text               ro code  0x080039b6     0x2  stm32f3xx_hal_uart.o [1]
  .text               ro code  0x080039b8    0xd2  main.o [1]
  .text               ro code  0x08003a8c   0x204  stm32f3xx_hal_gpio.o [1]
  .text               ro code  0x08003c90    0x66  ABImemset.o [5]
  .text               ro code  0x08003cf8    0x4c  strtok.o [3]
  .text               ro code  0x08003d44     0x8  atoi.o [3]
  .text               ro code  0x08003d4c    0xf0  rtc.o [1]
  .text               ro code  0x08003e3c    0x28  stm32f3xx_hal.o [1]
  .text               ro code  0x08003e64   0x1c0  gpio.o [1]
  .text               ro code  0x08004024   0x3c0  tim.o [1]
  .text               ro code  0x080043e4    0x7c  crc.o [1]
  .text               ro code  0x08004460   0x95c  kulur_functions.o [1]
  .text               ro code  0x08004dbc   0x2cc  stm32f3xx_hal_rcc_ex.o [1]
  .text               ro code  0x08005088    0x24  strspn.o [3]
  .text               ro code  0x080050ac    0x24  strcspn.o [3]
  .text               ro code  0x080050d0   0x198  xstoul.o [3]
  .text               ro code  0x08005268   0x432  stm32f3xx_hal_rtc.o [1]
  .text               ro code  0x0800569c    0x14  stm32f3xx_hal_rtc_ex.o [1]
  .text               ro code  0x080056b0    0x7c  stm32f3xx_hal_msp.o [1]
  .text               ro code  0x0800572c   0x8da  stm32f3xx_hal_tim.o [1]
  .text               ro code  0x08006008    0x6c  stm32f3xx_hal_tim_ex.o [1]
  .text               ro code  0x08006074   0x1e2  stm32f3xx_hal_crc.o [1]
  .text               ro code  0x08006258    0x24  printf.o [3]
  .text               ro code  0x0800627c    0x14  isxxx.o [3]
  .text               ro code  0x08006290    0x14  tolower.o [3]
  .text               ro code  0x080062a4     0xc  errno.o [3]
  .text               ro code  0x080062b0     0x2  stm32f3xx_hal_tim.o [1]
  .text               ro code  0x080062b2     0x2  stm32f3xx_hal_tim.o [1]
  .text               ro code  0x080062b4     0x2  stm32f3xx_hal_tim.o [1]
  .text               ro code  0x080062b6     0x2  stm32f3xx_hal_tim.o [1]
  .text               ro code  0x080062b8     0x2  stm32f3xx_hal_tim_ex.o [1]
  .text               ro code  0x080062ba     0x2  stm32f3xx_hal_tim.o [1]
  .text               ro code  0x080062bc     0x2  stm32f3xx_hal_tim_ex.o [1]
  .text               ro code  0x080062be    0x60  stm32f3xx_hal_crc_ex.o [1]
  .text               ro code  0x0800631e    0x14  xlocale_c.o [3]
  .text               ro code  0x08006332     0xc  xlocale_c.o [3]
  .text               ro code  0x08006340   0x228  tasks.o [1]
  .text               ro code  0x08006568    0x40  list.o [1]
  .text               ro code  0x080065a8    0xd6  xfspos.o [3]
  .text               ro code  0x08006680    0xb0  fflush.o [3]
  .text               ro code  0x08006730     0xc  xfgpos.o [3]
  .text               ro code  0x0800673c    0x4c  lseek.o [6]
  .text               ro code  0x08006788     0x4  xsyslock_nop.o [3]
  .text               ro code  0x0800678c    0x10  write.o [6]
  .text               ro code  0x0800679c    0xcc  XShHandles.o [3]
  .text               ro code  0x08006868    0x1e  dwrite.o [6]
  .text               ro code  0x08006886    0x20  iarwstd.o [6]
  .text               ro code  0x080068a6    0x22  iarwrite.o [6]
  .text               ro code  0x080068c8    0x6c  iarttio.o [6]
  .text               ro code  0x08006934     0x8  XShttio.o [3]
  .text               ro code  0x0800693c    0xb8  xfwprep.o [3]
  .text               ro code  0x080069f4    0x22  fseek.o [3]
  CODE                ro code  0x08006a18    0xa8  portasm.o [1]
  .text               ro code  0x08006ac0    0x98  system_stm32f3xx.o [1]
  .text               ro code  0x08006b58    0x80  xfofind.o [3]
  .text               ro code  0x08006bd8    0x7a  fclose.o [3]
  .text               ro code  0x08006c52    0x1a  close.o [6]
  .text               ro code  0x08006c6c    0x16  remove.o [6]
  .text               ro code  0x08006c84    0x58  xcloseall.o [3]
  .text               ro code  0x08006cdc    0x56  fputc.o [3]
  .text               ro code  0x08006d32    0x40  zero_init3.o [5]
  .text               ro code  0x08006d72    0x38  packbits_init_single.o [5]
  .text               ro code  0x08006dac    0x34  port.o [1]
  .text               ro code  0x08006de0    0x28  stm32f3xx_it.o [1]
  .text               ro code  0x08006e08    0x10  stm32f3xx_hal.o [1]
  .text               ro code  0x08006e18    0x10  cmsis_os.o [1]
  .text               ro code  0x08006e28    0x28  data_init.o [5]
  .text               ro code  0x08006e50    0x22  fpinit_M.o [4]
  .iar.init_table     const    0x08006e74    0x20  - Linker created -
  .text               ro code  0x08006e94    0x1a  cmain.o [5]
  .text               ro code  0x08006eae     0x4  low_level_init.o [3]
  .text               ro code  0x08006eb2     0x4  exit.o [3]
  .text               ro code  0x08006eb8     0xe  cexit.o [5]
  .text               ro code  0x08006ec8    0x14  exit.o [6]
  .text               ro code  0x08006edc    0x16  xprout.o [3]
  .text               ro code  0x08006ef4     0xc  putchar.o [3]
  .rodata             const    0x08006f00    0x10  stm32f3xx_hal_rcc.o [1]
  .rodata             const    0x08006f10    0x10  stm32f3xx_hal_rcc.o [1]
  .rodata             const    0x08006f20    0x10  system_stm32f3xx.o [1]
  .text               ro code  0x08006f30    0x10  startup_stm32f303xc.o [1]
  .rodata             const    0x08006f40     0xc  kulur_functions.o [1]
  .rodata             const    0x08006f4c     0xc  usart.o [1]
  .text               ro code  0x08006f58     0xc  cstartup_M.o [5]
  .rodata             const    0x08006f64     0x8  system_stm32f3xx.o [1]
  .rodata             const    0x08006f6c     0x8  usart.o [1]
  .rodata             const    0x08006f74     0x4  usart.o [1]
  .rodata             const    0x08006f78     0x4  usart.o [1]
  .text               ro code  0x08006f7c     0x4  startup_stm32f303xc.o [1]
  .text               ro code  0x08006f80     0x4  startup_stm32f303xc.o [1]
  .text               ro code  0x08006f84     0x4  startup_stm32f303xc.o [1]
  .text               ro code  0x08006f88     0x4  startup_stm32f303xc.o [1]
  .text               ro code  0x08006f8c     0x4  startup_stm32f303xc.o [1]
  .text               ro code  0x08006f90     0x4  startup_stm32f303xc.o [1]
  .text               ro code  0x08006f94     0x4  startup_stm32f303xc.o [1]
  .text               ro code  0x08006f98     0x4  startup_stm32f303xc.o [1]
  .text               ro code  0x08006f9c     0x4  startup_stm32f303xc.o [1]
  .text               ro code  0x08006fa0     0x4  startup_stm32f303xc.o [1]
  .text               ro code  0x08006fa4     0x4  startup_stm32f303xc.o [1]
  .text               ro code  0x08006fa8     0x4  startup_stm32f303xc.o [1]
  .text               ro code  0x08006fac     0x4  startup_stm32f303xc.o [1]
  .text               ro code  0x08006fb0     0x4  startup_stm32f303xc.o [1]
  .text               ro code  0x08006fb4     0x4  startup_stm32f303xc.o [1]
  .text               ro code  0x08006fb8     0x4  startup_stm32f303xc.o [1]
  .text               ro code  0x08006fbc     0x4  startup_stm32f303xc.o [1]
  .text               ro code  0x08006fc0     0x4  startup_stm32f303xc.o [1]
  .text               ro code  0x08006fc4     0x4  startup_stm32f303xc.o [1]
  .text               ro code  0x08006fc8     0x4  startup_stm32f303xc.o [1]
  .text               ro code  0x08006fcc     0x4  startup_stm32f303xc.o [1]
  .text               ro code  0x08006fd0     0x4  startup_stm32f303xc.o [1]
  .text               ro code  0x08006fd4     0x4  startup_stm32f303xc.o [1]
  .text               ro code  0x08006fd8     0x4  startup_stm32f303xc.o [1]
  .text               ro code  0x08006fdc     0x4  startup_stm32f303xc.o [1]
  .text               ro code  0x08006fe0     0x4  startup_stm32f303xc.o [1]
  .text               ro code  0x08006fe4     0x4  startup_stm32f303xc.o [1]
  .text               ro code  0x08006fe8     0x4  startup_stm32f303xc.o [1]
  .text               ro code  0x08006fec     0x4  startup_stm32f303xc.o [1]
  .text               ro code  0x08006ff0     0x4  startup_stm32f303xc.o [1]
  .text               ro code  0x08006ff4     0x4  startup_stm32f303xc.o [1]
  .text               ro code  0x08006ff8     0x4  startup_stm32f303xc.o [1]
  .text               ro code  0x08006ffc     0x4  startup_stm32f303xc.o [1]
  .text               ro code  0x08007000     0x4  startup_stm32f303xc.o [1]
  .text               ro code  0x08007004     0x4  startup_stm32f303xc.o [1]
  .text               ro code  0x08007008     0x4  startup_stm32f303xc.o [1]
  .text               ro code  0x0800700c     0x4  startup_stm32f303xc.o [1]
  .text               ro code  0x08007010     0x4  startup_stm32f303xc.o [1]
  .text               ro code  0x08007014     0x4  startup_stm32f303xc.o [1]
  .text               ro code  0x08007018     0x4  startup_stm32f303xc.o [1]
  .text               ro code  0x0800701c     0x4  startup_stm32f303xc.o [1]
  .text               ro code  0x08007020     0x4  startup_stm32f303xc.o [1]
  .text               ro code  0x08007024     0x4  startup_stm32f303xc.o [1]
  .text               ro code  0x08007028     0x4  startup_stm32f303xc.o [1]
  .text               ro code  0x0800702c     0x4  startup_stm32f303xc.o [1]
  .text               ro code  0x08007030     0x4  startup_stm32f303xc.o [1]
  .text               ro code  0x08007034     0x4  startup_stm32f303xc.o [1]
  .text               ro code  0x08007038     0x4  startup_stm32f303xc.o [1]
  .text               ro code  0x0800703c     0x4  startup_stm32f303xc.o [1]
  .text               ro code  0x08007040     0x4  startup_stm32f303xc.o [1]
  .text               ro code  0x08007044     0x4  startup_stm32f303xc.o [1]
  .text               ro code  0x08007048     0x4  startup_stm32f303xc.o [1]
  .text               ro code  0x0800704c     0x4  startup_stm32f303xc.o [1]
  .text               ro code  0x08007050     0x4  startup_stm32f303xc.o [1]
  .text               ro code  0x08007054     0x4  startup_stm32f303xc.o [1]
  .text               ro code  0x08007058     0x4  startup_stm32f303xc.o [1]
  .text               ro code  0x0800705c     0x4  startup_stm32f303xc.o [1]
  .text               ro code  0x08007060     0x4  startup_stm32f303xc.o [1]
  .text               ro code  0x08007064     0x4  startup_stm32f303xc.o [1]
  .text               ro code  0x08007068     0x4  startup_stm32f303xc.o [1]
  .text               ro code  0x0800706c     0x4  startup_stm32f303xc.o [1]
  .text               ro code  0x08007070     0x4  startup_stm32f303xc.o [1]
  .text               ro code  0x08007074     0x4  startup_stm32f303xc.o [1]
  .text               ro code  0x08007078     0x4  startup_stm32f303xc.o [1]
  .text               ro code  0x0800707c     0x4  startup_stm32f303xc.o [1]
  .text               ro code  0x08007080     0x4  startup_stm32f303xc.o [1]
  .text               ro code  0x08007084     0x4  startup_stm32f303xc.o [1]
  .text               ro code  0x08007088     0x4  startup_stm32f303xc.o [1]
  .text               ro code  0x0800708c     0x4  startup_stm32f303xc.o [1]
  .text               ro code  0x08007090     0x4  startup_stm32f303xc.o [1]
  .text               ro code  0x08007094     0x0  cstart_closeall.o [5]
  .rodata             const    0x08007094     0x0  zero_init3.o [5]
  .rodata             const    0x08007094     0x0  packbits_init_single.o [5]
  Initializer bytes   const    0x08007094    0xcd  <for P2-1>
                             - 0x08007161  0x6fd9

"P2", part 1 of 3:                          0x234
  P2-1                         0x20000000   0x234  <Init block>
    .data             inited   0x20000000     0x4  system_stm32f3xx.o [1]
    .data             inited   0x20000004    0x44  usart.o [1]
    .data             inited   0x20000048    0x40  xfiles.o [3]
    .data             inited   0x20000088    0x40  xfiles.o [3]
    .data             inited   0x200000c8    0x40  xfiles.o [3]
    .data             inited   0x20000108    0x20  xfiles.o [3]
    .data             inited   0x20000128     0x8  XShttio.o [3]
    __DLIB_PERTHREAD  inited   0x20000130     0x4  strtok.o [3]
    __DLIB_PERTHREAD  inited   0x20000134    0x88  localeconv.o [3]
    __DLIB_PERTHREAD  inited   0x200001bc     0x4  errno.o [3]
    __DLIB_PERTHREAD  inited   0x200001c0    0x74  setlocale.o [3]
                             - 0x20000234   0x234

"P2", part 2 of 3:                         0x4000
  CSTACK                       0x20000238  0x2000  <Block>
    CSTACK            uninit   0x20000238  0x2000  <Block tail>
  HEAP                         0x20002238  0x2000  <Block>
    HEAP              uninit   0x20002238  0x2000  <Block tail>
                             - 0x20004238  0x4000

"P2", part 3 of 3:                          0x6d0
  .bss                zero     0x20004238   0x320  tim.o [1]
  .bss                zero     0x20004558    0xa0  kulur_functions.o [1]
  .bss                zero     0x200045f8    0x8c  tasks.o [1]
  .bss                zero     0x20004684    0x80  XShHandles.o [3]
  .bss                zero     0x20004704    0x70  usart.o [1]
  .bss                zero     0x20004774    0x50  xfiles.o [3]
  .bss                zero     0x200047c4    0x50  xfiles.o [3]
  .bss                zero     0x20004814    0x3c  tim.o [1]
  .bss                zero     0x20004850    0x24  crc.o [1]
  .bss                zero     0x20004874    0x20  rtc.o [1]
  .bss                zero     0x20004894    0x10  tim.o [1]
  .bss                zero     0x200048a4     0x8  kulur_functions.o [1]
  .bss                zero     0x200048ac     0x8  usart.o [1]
  .bss                zero     0x200048b4     0x8  xxmemxmalloc.o [3]
  .bss                zero     0x200048bc     0x4  kulur_functions.o [1]
  .bss                zero     0x200048c0     0x4  kulur_functions.o [1]
  .bss                zero     0x200048c4     0x4  stm32f3xx_hal.o [1]
  .bss                zero     0x200048c8     0x4  tasks.o [1]
  .bss                zero     0x200048cc     0x4  tasks.o [1]
  .bss                zero     0x200048d0     0x4  tasks.o [1]
  .bss                zero     0x200048d4     0x4  tasks.o [1]
  .bss                zero     0x200048d8     0x4  tasks.o [1]
  .bss                zero     0x200048dc     0x4  tasks.o [1]
  .bss                zero     0x200048e0     0x4  tasks.o [1]
  .bss                zero     0x200048e4     0x4  tasks.o [1]
  .bss                zero     0x200048e8     0x4  tasks.o [1]
  .bss                zero     0x200048ec     0x4  tasks.o [1]
  .bss                zero     0x200048f0     0x4  tasks.o [1]
  .bss                zero     0x200048f4     0x4  tim.o [1]
  .bss                zero     0x200048f8     0x4  usart.o [1]
  .bss                zero     0x200048fc     0x4  xgetmemchunk.o [3]
  .bss                zero     0x20004900     0x1  tim.o [1]
  .bss                zero     0x20004901     0x1  tim.o [1]
  .bss                zero     0x20004902     0x1  usart.o [1]
  .bss                zero     0x20004903     0x1  usart.o [1]
  .bss                zero     0x20004904     0x1  usart.o [1]
                             - 0x20004905   0x6cd


*******************************************************************************
*** INIT TABLE
***

          Address     Size
          -------     ----
Zero (__iar_zero_init3)
    1 destination range, total size 0x6cd:
          0x20004238  0x6cd

Copy/packbits (__iar_packbits_init_single3)
    1 source range, total size 0xcd (36% of destination):
          0x08007094   0xcd
    1 destination range, total size 0x234:
          0x20000000  0x234



*******************************************************************************
*** MODULE SUMMARY
***

    Module                   ro code  ro data  rw data
    ------                   -------  -------  -------
U:\Downloads\STM32Cube_FW_F3_V1.7.0\Projects\STM32F3-Discovery\My projects\KULUR\EWARM: [1]
    cmsis_os.o                    16
    crc.o                        124                36
    gpio.o                       448
    kulur_functions.o          2 396       12      176
    list.o                        64
    main.o                       210
    port.o                        52
    portasm.o                    168
    rtc.o                        240                32
    startup_stm32f303xc.o        688
    stm32f3xx_hal.o              108                 4
    stm32f3xx_hal_cortex.o       348
    stm32f3xx_hal_crc.o          482
    stm32f3xx_hal_crc_ex.o        96
    stm32f3xx_hal_gpio.o         516
    stm32f3xx_hal_msp.o          124
    stm32f3xx_hal_rcc.o        2 744       32
    stm32f3xx_hal_rcc_ex.o       716
    stm32f3xx_hal_rtc.o        1 074
    stm32f3xx_hal_rtc_ex.o        20
    stm32f3xx_hal_tim.o        2 276
    stm32f3xx_hal_tim_ex.o       112
    stm32f3xx_hal_uart.o       2 484
    stm32f3xx_hal_uart_ex.o        2
    stm32f3xx_it.o                40
    system_stm32f3xx.o           152       25        4
    tasks.o                      552               184
    tim.o                        960               882
    usart.o                      840       57      195
    --------------------------------------------------
    Total:                    18 052      126    1 513

command line: [2]
    --------------------------------------------------
    Total:

dl7M_tlf.a: [3]
    XShHandles.o                 204               128
    XShttio.o                      8        3        8
    atoi.o                         8
    div.o                         14
    errno.o                       12        1        4
    exit.o                         4
    fclose.o                     122
    fflush.o                     176
    fputc.o                       86
    fseek.o                       34
    isxxx.o                       20
    localeconv.o                 108       50      136
    low_level_init.o               4
    printf.o                      36
    putchar.o                     12
    setlocale.o                   36       43      116
    strcspn.o                     36
    strspn.o                      36
    strtok.o                      76        1        4
    tolower.o                     20
    xcloseall.o                   88
    xencoding_sb.o                96
    xfgpos.o                      12
    xfiles.o                               81      384
    xfofind.o                    128
    xfspos.o                     214
    xfwprep.o                    184
    xgetmemchunk.o                44                 4
    xlocale_c.o                   32
    xmbcurmax.o                   10
    xmbtowc.o                     32
    xprintffull.o              4 506
    xprout.o                      22
    xstoul.o                     408
    xsyslock_nop.o                 4
    xtls.o                         2
    xwctomb.o                     26
    xxmemxfree.o                 128
    xxmemxmalloc.o               176                 8
    --------------------------------------------------
    Total:                     7 164      179      792

m7M_tls.a: [4]
    DblAdd.o                     212
    DblCmpGe.o                    46
    DblCmpLe.o                    46
    DblDiv.o                     598
    DblMul.o                     418
    DblSub.o                     384
    DblToI32.o                    88
    I32ToDbl.o                    48
    fpinit_M.o                    34
    xdnorm.o                      68
    xdscale.o                    276
    --------------------------------------------------
    Total:                     2 218

rt7M_tl.a: [5]
    ABImemcpy_unaligned.o        118
    ABImemset.o                  102
    I64DivMod.o                  238
    I64DivZer.o                    2
    cexit.o                       14
    cmain.o                       26
    cstart_closeall.o
    cstartup_M.o                  12
    data_init.o                   40
    memchr.o                      88
    packbits_init_single.o        56
    strchr.o                      22
    strlen.o                      54
    zero_init3.o                  64
    --------------------------------------------------
    Total:                       836

shb_l.a: [6]
    close.o                       26
    dwrite.o                      30
    exit.o                        20
    iarttio.o                    108
    iarwrite.o                    34
    iarwstd.o                     32
    lseek.o                       76
    remove.o                      22
    write.o                       16
    --------------------------------------------------
    Total:                       364

    Gaps                          52        2
    Linker created                         32   16 384
------------------------------------------------------
    Grand Total:              28 686      339   18 689


*******************************************************************************
*** ENTRY LIST
***

Entry                      Address   Size  Type      Object
-----                      -------   ----  ----      ------
.iar.init_table$$Base   0x08006e74          --   Gb  - Linker created -
.iar.init_table$$Limit  0x08006e94          --   Gb  - Linker created -
?main                   0x08006e95         Code  Gb  cmain.o [5]
AHBPrescTable           0x08006f20   0x10  Data  Gb  system_stm32f3xx.o [1]
APBPrescTable           0x08006f64    0x8  Data  Gb  system_stm32f3xx.o [1]
CRC_Handle_16           0x0800621d   0x3a  Code  Lc  stm32f3xx_hal_crc.o [1]
CRC_Handle_8            0x08006189   0x94  Code  Lc  stm32f3xx_hal_crc.o [1]
CSTACK$$Base            0x20000238          --   Gb  - Linker created -
CSTACK$$Limit           0x20002238          --   Gb  - Linker created -
Error_Handler           0x08003a89    0x2  Code  Gb  main.o [1]
HAL_CRCEx_Polynomial_Set
                        0x080062bf   0x60  Code  Gb  stm32f3xx_hal_crc_ex.o [1]
HAL_CRC_Calculate       0x08006105   0x84  Code  Gb  stm32f3xx_hal_crc.o [1]
HAL_CRC_Init            0x08006075   0x8a  Code  Gb  stm32f3xx_hal_crc.o [1]
HAL_CRC_MspInit         0x0800442d   0x26  Code  Gb  crc.o [1]
HAL_GPIO_Init           0x08003a8d  0x1be  Code  Gb  stm32f3xx_hal_gpio.o [1]
HAL_GPIO_TogglePin      0x08003c5d    0xa  Code  Gb  stm32f3xx_hal_gpio.o [1]
HAL_GPIO_WritePin       0x08003c4b   0x12  Code  Gb  stm32f3xx_hal_gpio.o [1]
HAL_GetTick             0x08002b29    0xc  Code  Wk  stm32f3xx_hal.o [1]
HAL_IncTick             0x08006e09   0x10  Code  Wk  stm32f3xx_hal.o [1]
HAL_Init                0x08003e3d   0x22  Code  Gb  stm32f3xx_hal.o [1]
HAL_InitTick            0x08002b35   0x28  Code  Wk  stm32f3xx_hal.o [1]
HAL_MspInit             0x080056b1   0x7c  Code  Gb  stm32f3xx_hal_msp.o [1]
HAL_NVIC_EnableIRQ      0x08002c5f    0xe  Code  Gb  stm32f3xx_hal_cortex.o [1]
HAL_NVIC_SetPriority    0x08002c39   0x26  Code  Gb  stm32f3xx_hal_cortex.o [1]
HAL_NVIC_SetPriorityGrouping
                        0x08002c2d    0xc  Code  Gb  stm32f3xx_hal_cortex.o [1]
HAL_RCCEx_PeriphCLKConfig
                        0x08004dbd  0x2ac  Code  Gb  stm32f3xx_hal_rcc_ex.o [1]
HAL_RCC_ClockConfig     0x080027eb  0x23e  Code  Gb  stm32f3xx_hal_rcc.o [1]
HAL_RCC_GetHCLKFreq     0x08002a9f    0x6  Code  Gb  stm32f3xx_hal_rcc.o [1]
HAL_RCC_GetPCLK1Freq    0x08002aa5   0x20  Code  Gb  stm32f3xx_hal_rcc.o [1]
HAL_RCC_GetPCLK2Freq    0x08002ac5   0x20  Code  Gb  stm32f3xx_hal_rcc.o [1]
HAL_RCC_GetSysClockFreq
                        0x08002a29   0x76  Code  Gb  stm32f3xx_hal_rcc.o [1]
HAL_RCC_OscConfig       0x08002071  0x77a  Code  Gb  stm32f3xx_hal_rcc.o [1]
HAL_RTCEx_BKUPWrite     0x0800569d   0x14  Code  Gb  stm32f3xx_hal_rtc_ex.o [1]
HAL_RTC_GetDate         0x0800559f   0x50  Code  Gb  stm32f3xx_hal_rtc.o [1]
HAL_RTC_GetTime         0x08005435   0x64  Code  Gb  stm32f3xx_hal_rtc.o [1]
HAL_RTC_Init            0x08005269   0xac  Code  Gb  stm32f3xx_hal_rtc.o [1]
HAL_RTC_MspInit         0x08003d8b   0x1c  Code  Gb  rtc.o [1]
HAL_RTC_SetDate         0x08005499  0x106  Code  Gb  stm32f3xx_hal_rtc.o [1]
HAL_RTC_SetTime         0x08005315  0x120  Code  Gb  stm32f3xx_hal_rtc.o [1]
HAL_RTC_WaitForSynchro  0x080055fd   0x34  Code  Gb  stm32f3xx_hal_rtc.o [1]
HAL_SYSTICK_CLKSourceConfig
                        0x08002c79   0x20  Code  Gb  stm32f3xx_hal_cortex.o [1]
HAL_SYSTICK_Config      0x08002c6d    0xc  Code  Gb  stm32f3xx_hal_cortex.o [1]
HAL_TIMEx_BreakCallback
                        0x080062b9    0x2  Code  Wk  stm32f3xx_hal_tim_ex.o [1]
HAL_TIMEx_CommutationCallback
                        0x080062bd    0x2  Code  Wk  stm32f3xx_hal_tim_ex.o [1]
HAL_TIMEx_MasterConfigSynchronization
                        0x08006009   0x62  Code  Gb  stm32f3xx_hal_tim_ex.o [1]
HAL_TIM_Base_Init       0x0800572d   0x38  Code  Gb  stm32f3xx_hal_tim.o [1]
HAL_TIM_Base_MspInit    0x08004125   0x5a  Code  Gb  tim.o [1]
HAL_TIM_ConfigClockSource
                        0x08005ad9  0x122  Code  Gb  stm32f3xx_hal_tim.o [1]
HAL_TIM_IC_CaptureCallback
                        0x0800417f  0x246  Code  Gb  tim.o [1]
HAL_TIM_IC_CaptureCallback::bit_counter
                        0x20004900    0x1  Data  Lc  tim.o [1]
HAL_TIM_IC_CaptureCallback::duty_in_microseconds
                        0x200048f4    0x4  Data  Lc  tim.o [1]
HAL_TIM_IC_CaptureCallback::preamble_bits
                        0x20004894   0x10  Data  Lc  tim.o [1]
HAL_TIM_IC_CaptureCallback::preamble_flag
                        0x20004901    0x1  Data  Lc  tim.o [1]
HAL_TIM_IC_CaptureCallback::radio_frame
                        0x20004238  0x320  Data  Lc  tim.o [1]
HAL_TIM_IC_ConfigChannel
                        0x08005a03   0xd6  Code  Gb  stm32f3xx_hal_tim.o [1]
HAL_TIM_IC_Init         0x08005765   0x38  Code  Gb  stm32f3xx_hal_tim.o [1]
HAL_TIM_IC_MspInit      0x080062b1    0x2  Code  Wk  stm32f3xx_hal_tim.o [1]
HAL_TIM_IC_Start_IT     0x0800579d   0x6c  Code  Gb  stm32f3xx_hal_tim.o [1]
HAL_TIM_IC_Stop_IT      0x08005809   0x84  Code  Gb  stm32f3xx_hal_tim.o [1]
HAL_TIM_IRQHandler      0x0800588d  0x176  Code  Gb  stm32f3xx_hal_tim.o [1]
HAL_TIM_OC_DelayElapsedCallback
                        0x080062b3    0x2  Code  Wk  stm32f3xx_hal_tim.o [1]
HAL_TIM_PWM_PulseFinishedCallback
                        0x080062b5    0x2  Code  Wk  stm32f3xx_hal_tim.o [1]
HAL_TIM_PeriodElapsedCallback
                        0x080062b7    0x2  Code  Wk  stm32f3xx_hal_tim.o [1]
HAL_TIM_ReadCapturedValue
                        0x08005c4f   0x54  Code  Gb  stm32f3xx_hal_tim.o [1]
HAL_TIM_SlaveConfigSynchronization
                        0x08005c01   0x4e  Code  Gb  stm32f3xx_hal_tim.o [1]
HAL_TIM_TriggerCallback
                        0x080062bb    0x2  Code  Wk  stm32f3xx_hal_tim.o [1]
HAL_UARTEx_WakeupCallback
                        0x080039b5    0x2  Code  Wk  stm32f3xx_hal_uart_ex.o [1]
HAL_UART_ErrorCallback  0x080039b7    0x2  Code  Wk  stm32f3xx_hal_uart.o [1]
HAL_UART_IRQHandler     0x08002f01  0x102  Code  Gb  stm32f3xx_hal_uart.o [1]
HAL_UART_Init           0x08002cb9   0x7e  Code  Gb  stm32f3xx_hal_uart.o [1]
HAL_UART_MspInit        0x080036bd   0x58  Code  Gb  usart.o [1]
HAL_UART_Receive_IT     0x08002e53   0xae  Code  Gb  stm32f3xx_hal_uart.o [1]
HAL_UART_RxCpltCallback
                        0x0800371d    0x8  Code  Gb  usart.o [1]
HAL_UART_Transmit       0x08002d37   0xc0  Code  Gb  stm32f3xx_hal_uart.o [1]
HAL_UART_Transmit_IT    0x08002df7   0x5c  Code  Gb  stm32f3xx_hal_uart.o [1]
HAL_UART_TxCpltCallback
                        0x08003715    0x8  Code  Gb  usart.o [1]
HEAP$$Base              0x20002238          --   Gb  - Linker created -
HEAP$$Limit             0x20004238          --   Gb  - Linker created -
LoadInt                 0x080007ff   0x6e  Code  Lc  xprintffull.o [3]
MX_CRC_Init             0x080043e5   0x48  Code  Gb  crc.o [1]
MX_GPIO_Init            0x08003e65  0x1c0  Code  Gb  gpio.o [1]
MX_RTC_Init             0x08003d4d   0x3e  Code  Gb  rtc.o [1]
MX_TIM1_Init            0x08004025  0x100  Code  Gb  tim.o [1]
MX_USART3_UART_Init     0x0800366d   0x50  Code  Gb  usart.o [1]
NVIC_EnableIRQ          0x08002b85   0x14  Code  Lc  stm32f3xx_hal_cortex.o [1]
NVIC_EncodePriority     0x08002bbf   0x3e  Code  Lc  stm32f3xx_hal_cortex.o [1]
NVIC_GetPriorityGrouping
                        0x08002b7b    0xa  Code  Lc  stm32f3xx_hal_cortex.o [1]
NVIC_SetPriority        0x08002b99   0x26  Code  Lc  stm32f3xx_hal_cortex.o [1]
NVIC_SetPriorityGrouping
                        0x08002b5d   0x1e  Code  Lc  stm32f3xx_hal_cortex.o [1]
PendSV_Handler          0x08006a19         Code  Gb  portasm.o [1]
RTC_Bcd2ToByte          0x0800567f   0x1c  Code  Gb  stm32f3xx_hal_rtc.o [1]
RTC_ByteToBcd2          0x08005669   0x16  Code  Gb  stm32f3xx_hal_rtc.o [1]
RTC_EnterInitMode       0x08005631   0x38  Code  Gb  stm32f3xx_hal_rtc.o [1]
RTC_TimeConfig          0x08003da7   0x56  Code  Gb  rtc.o [1]
RTC_TimeShow            0x08003dfd   0x34  Code  Gb  rtc.o [1]
Region$$Table$$Base     0x08006e74          --   Gb  - Linker created -
Region$$Table$$Limit    0x08006e94          --   Gb  - Linker created -
SVC_Handler             0x08006a71         Code  Gb  portasm.o [1]
SysTick_Config          0x08002bfd   0x30  Code  Lc  stm32f3xx_hal_cortex.o [1]
SysTick_Handler         0x08006de1    0xc  Code  Gb  stm32f3xx_it.o [1]
SystemClock_Config      0x080039e5   0xa0  Code  Gb  main.o [1]
SystemCoreClock         0x20000000    0x4  Data  Gb  system_stm32f3xx.o [1]
SystemInit              0x08006ac1   0x70  Code  Gb  system_stm32f3xx.o [1]
TIM1_CC_IRQHandler      0x08006ded    0xa  Code  Gb  stm32f3xx_it.o [1]
TIM_Base_SetConfig      0x08005ca3   0xb6  Code  Gb  stm32f3xx_hal_tim.o [1]
TIM_CCxChannelCmd       0x08005fe9   0x1e  Code  Gb  stm32f3xx_hal_tim.o [1]
TIM_ETR_SetConfig       0x08005fcd   0x1c  Code  Gb  stm32f3xx_hal_tim.o [1]
TIM_ITRx_SetConfig      0x08005fb7   0x16  Code  Lc  stm32f3xx_hal_tim.o [1]
TIM_SlaveTimer_SetConfig
                        0x08005d5b   0xb2  Code  Lc  stm32f3xx_hal_tim.o [1]
TIM_TI1_ConfigInputStage
                        0x08005ea5   0x2c  Code  Lc  stm32f3xx_hal_tim.o [1]
TIM_TI1_SetConfig       0x08005e0d   0x70  Code  Gb  stm32f3xx_hal_tim.o [1]
TIM_TI2_ConfigInputStage
                        0x08005f0f   0x2e  Code  Lc  stm32f3xx_hal_tim.o [1]
TIM_TI2_SetConfig       0x08005ed1   0x3e  Code  Lc  stm32f3xx_hal_tim.o [1]
TIM_TI3_SetConfig       0x08005f3d   0x3c  Code  Lc  stm32f3xx_hal_tim.o [1]
TIM_TI4_SetConfig       0x08005f79   0x3e  Code  Lc  stm32f3xx_hal_tim.o [1]
UART_AdvFeatureConfig   0x0800331d   0xda  Code  Gb  stm32f3xx_hal_uart.o [1]
UART_CheckIdleState     0x080033f7   0x5e  Code  Gb  stm32f3xx_hal_uart.o [1]
UART_EndTransmit_IT     0x080035b1   0x20  Code  Gb  stm32f3xx_hal_uart.o [1]
UART_Receive_IT         0x080035d1   0x9a  Code  Gb  stm32f3xx_hal_uart.o [1]
UART_SetConfig          0x08003003  0x2fc  Code  Gb  stm32f3xx_hal_uart.o [1]
UART_Transmit_IT        0x08003541   0x70  Code  Gb  stm32f3xx_hal_uart.o [1]
UART_WaitOnFlagUntilTimeout
                        0x08003455   0xea  Code  Gb  stm32f3xx_hal_uart.o [1]
UARTfunction            0x080037c9  0x1ac  Code  Gb  usart.o [1]
UARTfunction::Buffer    0x20000004   0x44  Data  Lc  usart.o [1]
UARTfunction::Date      0x200048ac    0x8  Data  Lc  usart.o [1]
UARTfunction::dateCheck
                        0x20004903    0x1  Data  Lc  usart.o [1]
UARTfunction::time      0x200048f8    0x4  Data  Lc  usart.o [1]
UARTfunction::timeCheck
                        0x20004904    0x1  Data  Lc  usart.o [1]
UARTputty               0x08003725   0xa4  Code  Gb  usart.o [1]
USART3_IRQHandler       0x08006df7    0xa  Code  Gb  stm32f3xx_it.o [1]
UartReady               0x20004902    0x1  Data  Gb  usart.o [1]
_Close_all              0x08006c85   0x58  Code  Gb  xcloseall.o [3]
_EncodingSb_Mbtowc      0x08001f23   0x30  Code  Gb  xencoding_sb.o [3]
_EncodingSb_Mbtowc::initial
                        0x08001f60    0x8  Data  Lc  xencoding_sb.o [3]
_EncodingSb_Wctomb      0x08001f09   0x1a  Code  Gb  xencoding_sb.o [3]
_EncodingSb_Wctomb::initial
                        0x08001f58    0x8  Data  Lc  xencoding_sb.o [3]
_Files                  0x20000108   0x20  Data  Gb  xfiles.o [3]
_Fofree                 0x08006b59   0x78  Code  Gb  xfofind.o [3]
_Fspos                  0x080065a9   0xd6  Code  Gb  xfspos.o [3]
_Fwprep                 0x0800693d   0xb8  Code  Gb  xfwprep.o [3]
_GenldFull              0x08001085  0x254  Code  Lc  xprintffull.o [3]
_IsdstStr               0x200001c4    0x4  Data  Gb  setlocale.o [3]
_LdtobFull              0x08000c85  0x3fa  Code  Lc  xprintffull.o [3]
_LitobFull              0x08000b79  0x10a  Code  Lc  xprintffull.o [3]
_LocaleC_isspace        0x0800631f   0x14  Code  Gb  xlocale_c.o [3]
_LocaleC_tolower        0x08006333    0xc  Code  Gb  xlocale_c.o [3]
_LocaleEncoding         0x08001ef7    0xe  Code  Gb  setlocale.o [3]
_LocaleForCat           0x08001ee5   0x12  Code  Gb  setlocale.o [3]
_LocaleReturnString     0x200001e4   0x50  Data  Lc  setlocale.o [3]
_Locale_Profile         0x200001c8   0x1c  Data  Gb  setlocale.o [3]
_Locale_aeabi_lconv     0x20000184   0x38  Data  Gb  localeconv.o [3]
_Locale_lconv           0x20000134   0x50  Data  Gb  localeconv.o [3]
_Mbtowc                 0x08001323   0x20  Code  Gb  xmbtowc.o [3]
_Nnl                    0x08006731    0xc  Code  Gb  xfgpos.o [3]
_PrintfFull             0x08000189  0x660  Code  Gb  xprintffull.o [3]
_Prout                  0x08006edd   0x16  Code  Gb  xprout.o [3]
_PutcharsFull           0x080012d9   0x2e  Code  Lc  xprintffull.o [3]
_PutstrFull             0x0800086d  0x306  Code  Lc  xprintffull.o [3]
_Strtok_ssave           0x20000130    0x4  Data  Lc  strtok.o [3]
_TzoneStr               0x200001c0    0x4  Data  Gb  setlocale.o [3]
_Wctomb                 0x080014a9   0x1a  Code  Gb  xwctomb.o [3]
__aeabi_cdcmple         0x080016f1         Code  Gb  DblCmpLe.o [4]
__aeabi_cdrcmple        0x08001721         Code  Gb  DblCmpGe.o [4]
__aeabi_d2iz            0x08001865         Code  Gb  DblToI32.o [4]
__aeabi_d2uiz           0x08001891         Code  Gb  DblToI32.o [4]
__aeabi_ddiv            0x08001c11         Code  Gb  DblDiv.o [4]
__aeabi_dmul            0x08001a6d         Code  Gb  DblMul.o [4]
__aeabi_dsub            0x080018ed         Code  Gb  DblSub.o [4]
__aeabi_errno_addr      0x080062a5    0x6  Code  Gb  errno.o [3]
__aeabi_i2d             0x080018bd         Code  Gb  I32ToDbl.o [4]
__aeabi_ldiv0           0x08001f95         Code  Gb  I64DivZer.o [5]
__aeabi_memset          0x08003c91         Code  Gb  ABImemset.o [5]
__aeabi_ui2d            0x080018d1         Code  Gb  I32ToDbl.o [4]
__aeabi_uldivmod        0x080015bd         Code  Gb  I64DivMod.o [5]
__cexit_closeall        0x08006ebb         Code  Gb  cexit.o [5]
__close                 0x08006c53   0x1a  Code  Gb  close.o [6]
__cmain                 0x08006e95         Code  Gb  cmain.o [5]
__cstart_closeall       0x08007094         Data  Gb  cstart_closeall.o [5]
__data_Aldata           0x200048b4    0x8  Data  Gb  xxmemxmalloc.o [3]
__data_GetMemChunk      0x08001f69   0x2c  Code  Gb  xgetmemchunk.o [3]
__data_GetMemChunk::start
                        0x200048fc    0x4  Data  Lc  xgetmemchunk.o [3]
__dwrite                0x08006869   0x1e  Code  Gb  dwrite.o [6]
__exit                  0x08006ec9   0x14  Code  Gb  exit.o [6]
__iar_Dnorm             0x080016ab   0x44  Code  Gb  xdnorm.o [4]
__iar_Dscale            0x08001751  0x114  Code  Gb  xdscale.o [4]
__iar_Errno             0x200001bc    0x4  Data  Gb  errno.o [3]
__iar_Locale_lconv_init
                        0x08001e69   0x3a  Code  Gb  localeconv.o [3]
__iar_Lockfilelock      0x08006789    0x2  Code  Gb  xsyslock_nop.o [3]
__iar_Mbcurmax          0x080013ed    0xa  Code  Gb  xmbcurmax.o [3]
__iar_Memchr            0x08001395         Code  Gb  memchr.o [5]
__iar_Memset            0x08003c91         Code  Gb  ABImemset.o [5]
__iar_Memset_word       0x08003c99         Code  Gb  ABImemset.o [5]
__iar_Stderr            0x200000c8   0x40  Data  Gb  xfiles.o [3]
__iar_Stdin             0x20000048   0x40  Data  Gb  xfiles.o [3]
__iar_Stdout            0x20000088   0x40  Data  Gb  xfiles.o [3]
__iar_Stoul             0x08005215    0x4  Code  Gb  xstoul.o [3]
__iar_Stoulx            0x080050d1  0x13e  Code  Gb  xstoul.o [3]
__iar_Strchr            0x08001345         Code  Gb  strchr.o [5]
__iar_Unlockfilelock    0x0800678b    0x2  Code  Gb  xsyslock_nop.o [3]
__iar_close_ttio        0x080068c9   0x2e  Code  Gb  iarttio.o [6]
__iar_d2uiz             0x0800189d         Code  Gb  DblToI32.o [4]
__iar_dadd              0x08001f99         Code  Gb  DblAdd.o [4]
__iar_data_init3        0x08006e29   0x28  Code  Gb  data_init.o [5]
__iar_dlib_perthread_access
                        0x0800206d    0x2  Code  Gb  xtls.o [3]
__iar_dsub              0x08001901         Code  Gb  DblSub.o [4]
__iar_dsubStart         0x08001913         Code  Gb  DblSub.o [4]
__iar_get_ttio          0x080068f9   0x38  Code  Gb  iarttio.o [6]
__iar_init_vfp          0x08006e51         Code  Gb  fpinit_M.o [4]
__iar_lookup_ttioh      0x08006935    0x8  Code  Gb  XShttio.o [3]
__iar_packbits_init_single3
                        0x08006d73   0x38  Code  Gb  packbits_init_single.o [5]
__iar_program_start     0x08006f59         Code  Gb  cstartup_M.o [5]
__iar_sh_Discard        0x0800679d   0x3e  Code  Gb  XShHandles.o [3]
__iar_sh_Move           0x080067e1   0x46  Code  Gb  XShHandles.o [3]
__iar_sh_Pos            0x08006827   0x3e  Code  Gb  XShHandles.o [3]
__iar_sh_stdout         0x08006887   0x20  Code  Gb  iarwstd.o [6]
__iar_sh_write          0x080068a7   0x22  Code  Gb  iarwrite.o [6]
__iar_ttio_handles      0x20000128    0x8  Data  Lc  XShttio.o [3]
__iar_ui2d              0x080018d5         Code  Gb  I32ToDbl.o [4]
__iar_unaligned___aeabi_memcpy
                        0x080014c5         Code  Gb  ABImemcpy_unaligned.o [5]
__iar_unaligned___aeabi_memcpy4
                        0x080014e5         Code  Gb  ABImemcpy_unaligned.o [5]
__iar_unaligned___aeabi_memcpy8
                        0x080014e5         Code  Gb  ABImemcpy_unaligned.o [5]
__iar_zero_init3        0x08006d33   0x40  Code  Gb  zero_init3.o [5]
__low_level_init        0x08006eaf    0x4  Code  Gb  low_level_init.o [3]
__lseek                 0x0800673d   0x4c  Code  Gb  lseek.o [6]
__vector_table          0x08000000         Data  Gb  startup_stm32f303xc.o [1]
__write                 0x0800678d   0x10  Code  Gb  write.o [6]
_call_main              0x08006ea1         Code  Gb  cmain.o [5]
_exit                   0x08006eb9         Code  Gb  cexit.o [5]
_main                   0x08006eab         Code  Gb  cmain.o [5]
aPLLMULFactorTable      0x08006f00   0x10  Data  Gb  stm32f3xx_hal_rcc.o [1]
aPredivFactorTable      0x08006f10   0x10  Data  Gb  stm32f3xx_hal_rcc.o [1]
atoi                    0x08003d45    0x8  Code  Gb  atoi.o [3]
digits                  0x08005218   0x28  Data  Lc  xstoul.o [3]
displayFunction         0x0800455b  0x840  Code  Gb  kulur_functions.o [1]
displayFunction::number
                        0x200048a4    0x8  Data  Lc  kulur_functions.o [1]
displayFunction{6}{7}::last_second
                        0x200048c0    0x4  Data  Lc  kulur_functions.o [1]
div                     0x08001ed5    0xe  Code  Gb  div.o [3]
ebuf                    0x20004774   0x50  Data  Lc  xfiles.o [3]
exit                    0x08006eb3    0x4  Code  Gb  exit.o [3]
fclose                  0x08006bd9   0x7a  Code  Gb  fclose.o [3]
fflush                  0x080066f7   0x34  Code  Gb  fflush.o [3]
fflushOne               0x08006681   0x76  Code  Lc  fflush.o [3]
fputc                   0x08006cdd   0x56  Code  Gb  fputc.o [3]
frame_decoder           0x08004461   0xfa  Code  Gb  kulur_functions.o [1]
frame_decoder::decoded_frame
                        0x20004558   0xa0  Data  Lc  kulur_functions.o [1]
frame_decoder::hej      0x200048bc    0x4  Data  Lc  kulur_functions.o [1]
free                    0x0800153d   0x7a  Code  Gb  xxmemxfree.o [3]
fseek                   0x080069f5   0x22  Code  Gb  fseek.o [3]
hcrc                    0x20004850   0x24  Data  Gb  crc.o [1]
hrtc                    0x20004874   0x20  Data  Gb  rtc.o [1]
htim1                   0x20004814   0x3c  Data  Gb  tim.o [1]
huart3                  0x20004704   0x70  Data  Gb  usart.o [1]
isspace                 0x0800627d   0x14  Code  Gb  isxxx.o [3]
localeconv              0x08001ea3   0x16  Code  Gb  localeconv.o [3]
main                    0x080039b9   0x2c  Code  Gb  main.o [1]
malloc                  0x080013f9   0xac  Code  Gb  xxmemxmalloc.o [3]
memchr                  0x08001395         Code  Gb  memchr.o [5]
ndigs                   0x08005240   0x28  Data  Lc  xstoul.o [3]
obuf                    0x200047c4   0x50  Data  Lc  xfiles.o [3]
osSystickHandler        0x08006e19   0x10  Code  Gb  cmsis_os.o [1]
printf                  0x08006259   0x24  Code  Gb  printf.o [3]
prvResetNextTaskUnblockTime
                        0x080064fd   0x26  Code  Lc  tasks.o [1]
putchar                 0x08006ef5    0xc  Code  Gb  putchar.o [3]
pxCurrentTCB            0x200048c8    0x4  Data  Gb  tasks.o [1]
pxDelayedTaskList       0x200048cc    0x4  Data  Lc  tasks.o [1]
pxOverflowDelayedTaskList
                        0x200048d0    0x4  Data  Lc  tasks.o [1]
pxReadyTasksLists       0x200045f8   0x8c  Data  Lc  tasks.o [1]
remove                  0x08006c6d   0x16  Code  Gb  remove.o [6]
sFileInfo               0x20004684   0x80  Data  Lc  XShHandles.o [3]
strchr                  0x08001345         Code  Gb  strchr.o [5]
strcspn                 0x080050ad   0x24  Code  Gb  strcspn.o [3]
strlen                  0x0800135d         Code  Gb  strlen.o [5]
strspn                  0x08005089   0x24  Code  Gb  strspn.o [3]
strtok                  0x08003cf9   0x4c  Code  Gb  strtok.o [3]
tolower                 0x08006291   0x14  Code  Gb  tolower.o [3]
uwTick                  0x200048c4    0x4  Data  Gb  stm32f3xx_hal.o [1]
uxListRemove            0x08006581   0x28  Code  Gb  list.o [1]
uxPendedTicks           0x200048e0    0x4  Data  Lc  tasks.o [1]
uxSchedulerSuspended    0x200048f0    0x4  Data  Lc  tasks.o [1]
uxTopReadyPriority      0x200048d8    0x4  Data  Lc  tasks.o [1]
vListInsertEnd          0x08006569   0x18  Code  Gb  list.o [1]
vPortEnableVFP          0x08006aa5         Code  Gb  portasm.o [1]
vPortStartFirstTask     0x08006a8d         Code  Gb  portasm.o [1]
vTaskSwitchContext      0x08006473   0x74  Code  Gb  tasks.o [1]
xNextTaskUnblockTime    0x200048ec    0x4  Data  Lc  tasks.o [1]
xNumOfOverflows         0x200048e8    0x4  Data  Lc  tasks.o [1]
xPortSysTickHandler     0x08006dad   0x2c  Code  Gb  port.o [1]
xSchedulerRunning       0x200048dc    0x4  Data  Lc  tasks.o [1]
xTaskGetSchedulerState  0x08006523   0x26  Code  Gb  tasks.o [1]
xTaskIncrementTick      0x08006341  0x132  Code  Gb  tasks.o [1]
xTickCount              0x200048d4    0x4  Data  Lc  tasks.o [1]
xYieldPending           0x200048e4    0x4  Data  Lc  tasks.o [1]


[1] = U:\Downloads\STM32Cube_FW_F3_V1.7.0\Projects\STM32F3-Discovery\My projects\KULUR\EWARM
[2] = command line
[3] = dl7M_tlf.a
[4] = m7M_tls.a
[5] = rt7M_tl.a
[6] = shb_l.a

  28 686 bytes of readonly  code memory
     339 bytes of readonly  data memory
  18 689 bytes of readwrite data memory

Errors: none
Warnings: none
