###############################################################################
#
# IAR ELF Linker V7.80.3.12102/W32 for ARM                02/Mar/2017  15:38:34
# Copyright 2007-2016 IAR Systems AB.
#
#    Output file  =  
#        U:\Downloads\STM32Cube_FW_F3_V1.7.0\Projects\STM32F3-Discovery\My
#        projects\KULUR\EWARM\KULUR.out
#    Map file     =  
#        U:\Downloads\STM32Cube_FW_F3_V1.7.0\Projects\STM32F3-Discovery\My
#        projects\KULUR\EWARM\KULUR.map
#    Command line =  
#        "U:\Downloads\STM32Cube_FW_F3_V1.7.0\Projects\STM32F3-Discovery\My
#        projects\KULUR\EWARM\cmsis_os.o"
#        "U:\Downloads\STM32Cube_FW_F3_V1.7.0\Projects\STM32F3-Discovery\My
#        projects\KULUR\EWARM\crc.o"
#        "U:\Downloads\STM32Cube_FW_F3_V1.7.0\Projects\STM32F3-Discovery\My
#        projects\KULUR\EWARM\croutine.o"
#        "U:\Downloads\STM32Cube_FW_F3_V1.7.0\Projects\STM32F3-Discovery\My
#        projects\KULUR\EWARM\event_groups.o"
#        "U:\Downloads\STM32Cube_FW_F3_V1.7.0\Projects\STM32F3-Discovery\My
#        projects\KULUR\EWARM\freertos.o"
#        "U:\Downloads\STM32Cube_FW_F3_V1.7.0\Projects\STM32F3-Discovery\My
#        projects\KULUR\EWARM\gpio.o"
#        "U:\Downloads\STM32Cube_FW_F3_V1.7.0\Projects\STM32F3-Discovery\My
#        projects\KULUR\EWARM\heap_4.o"
#        "U:\Downloads\STM32Cube_FW_F3_V1.7.0\Projects\STM32F3-Discovery\My
#        projects\KULUR\EWARM\kulur_functions.o"
#        "U:\Downloads\STM32Cube_FW_F3_V1.7.0\Projects\STM32F3-Discovery\My
#        projects\KULUR\EWARM\list.o"
#        "U:\Downloads\STM32Cube_FW_F3_V1.7.0\Projects\STM32F3-Discovery\My
#        projects\KULUR\EWARM\main.o"
#        "U:\Downloads\STM32Cube_FW_F3_V1.7.0\Projects\STM32F3-Discovery\My
#        projects\KULUR\EWARM\port.o"
#        "U:\Downloads\STM32Cube_FW_F3_V1.7.0\Projects\STM32F3-Discovery\My
#        projects\KULUR\EWARM\portasm.o"
#        "U:\Downloads\STM32Cube_FW_F3_V1.7.0\Projects\STM32F3-Discovery\My
#        projects\KULUR\EWARM\queue.o"
#        "U:\Downloads\STM32Cube_FW_F3_V1.7.0\Projects\STM32F3-Discovery\My
#        projects\KULUR\EWARM\rtc.o"
#        "U:\Downloads\STM32Cube_FW_F3_V1.7.0\Projects\STM32F3-Discovery\My
#        projects\KULUR\EWARM\startup_stm32f303xc.o"
#        "U:\Downloads\STM32Cube_FW_F3_V1.7.0\Projects\STM32F3-Discovery\My
#        projects\KULUR\EWARM\stm32f3xx_hal.o"
#        "U:\Downloads\STM32Cube_FW_F3_V1.7.0\Projects\STM32F3-Discovery\My
#        projects\KULUR\EWARM\stm32f3xx_hal_cortex.o"
#        "U:\Downloads\STM32Cube_FW_F3_V1.7.0\Projects\STM32F3-Discovery\My
#        projects\KULUR\EWARM\stm32f3xx_hal_crc.o"
#        "U:\Downloads\STM32Cube_FW_F3_V1.7.0\Projects\STM32F3-Discovery\My
#        projects\KULUR\EWARM\stm32f3xx_hal_crc_ex.o"
#        "U:\Downloads\STM32Cube_FW_F3_V1.7.0\Projects\STM32F3-Discovery\My
#        projects\KULUR\EWARM\stm32f3xx_hal_dma.o"
#        "U:\Downloads\STM32Cube_FW_F3_V1.7.0\Projects\STM32F3-Discovery\My
#        projects\KULUR\EWARM\stm32f3xx_hal_flash.o"
#        "U:\Downloads\STM32Cube_FW_F3_V1.7.0\Projects\STM32F3-Discovery\My
#        projects\KULUR\EWARM\stm32f3xx_hal_flash_ex.o"
#        "U:\Downloads\STM32Cube_FW_F3_V1.7.0\Projects\STM32F3-Discovery\My
#        projects\KULUR\EWARM\stm32f3xx_hal_gpio.o"
#        "U:\Downloads\STM32Cube_FW_F3_V1.7.0\Projects\STM32F3-Discovery\My
#        projects\KULUR\EWARM\stm32f3xx_hal_i2c.o"
#        "U:\Downloads\STM32Cube_FW_F3_V1.7.0\Projects\STM32F3-Discovery\My
#        projects\KULUR\EWARM\stm32f3xx_hal_i2c_ex.o"
#        "U:\Downloads\STM32Cube_FW_F3_V1.7.0\Projects\STM32F3-Discovery\My
#        projects\KULUR\EWARM\stm32f3xx_hal_msp.o"
#        "U:\Downloads\STM32Cube_FW_F3_V1.7.0\Projects\STM32F3-Discovery\My
#        projects\KULUR\EWARM\stm32f3xx_hal_pwr.o"
#        "U:\Downloads\STM32Cube_FW_F3_V1.7.0\Projects\STM32F3-Discovery\My
#        projects\KULUR\EWARM\stm32f3xx_hal_pwr_ex.o"
#        "U:\Downloads\STM32Cube_FW_F3_V1.7.0\Projects\STM32F3-Discovery\My
#        projects\KULUR\EWARM\stm32f3xx_hal_rcc.o"
#        "U:\Downloads\STM32Cube_FW_F3_V1.7.0\Projects\STM32F3-Discovery\My
#        projects\KULUR\EWARM\stm32f3xx_hal_rcc_ex.o"
#        "U:\Downloads\STM32Cube_FW_F3_V1.7.0\Projects\STM32F3-Discovery\My
#        projects\KULUR\EWARM\stm32f3xx_hal_rtc.o"
#        "U:\Downloads\STM32Cube_FW_F3_V1.7.0\Projects\STM32F3-Discovery\My
#        projects\KULUR\EWARM\stm32f3xx_hal_rtc_ex.o"
#        "U:\Downloads\STM32Cube_FW_F3_V1.7.0\Projects\STM32F3-Discovery\My
#        projects\KULUR\EWARM\stm32f3xx_hal_tim.o"
#        "U:\Downloads\STM32Cube_FW_F3_V1.7.0\Projects\STM32F3-Discovery\My
#        projects\KULUR\EWARM\stm32f3xx_hal_tim_ex.o"
#        "U:\Downloads\STM32Cube_FW_F3_V1.7.0\Projects\STM32F3-Discovery\My
#        projects\KULUR\EWARM\stm32f3xx_hal_uart.o"
#        "U:\Downloads\STM32Cube_FW_F3_V1.7.0\Projects\STM32F3-Discovery\My
#        projects\KULUR\EWARM\stm32f3xx_hal_uart_ex.o"
#        "U:\Downloads\STM32Cube_FW_F3_V1.7.0\Projects\STM32F3-Discovery\My
#        projects\KULUR\EWARM\stm32f3xx_it.o"
#        "U:\Downloads\STM32Cube_FW_F3_V1.7.0\Projects\STM32F3-Discovery\My
#        projects\KULUR\EWARM\system_stm32f3xx.o"
#        "U:\Downloads\STM32Cube_FW_F3_V1.7.0\Projects\STM32F3-Discovery\My
#        projects\KULUR\EWARM\tasks.o"
#        "U:\Downloads\STM32Cube_FW_F3_V1.7.0\Projects\STM32F3-Discovery\My
#        projects\KULUR\EWARM\tim.o"
#        "U:\Downloads\STM32Cube_FW_F3_V1.7.0\Projects\STM32F3-Discovery\My
#        projects\KULUR\EWARM\timers.o"
#        "U:\Downloads\STM32Cube_FW_F3_V1.7.0\Projects\STM32F3-Discovery\My
#        projects\KULUR\EWARM\usart.o" --redirect _Printf=_PrintfFull
#        --redirect _Scanf=_ScanfFull -o
#        "U:\Downloads\STM32Cube_FW_F3_V1.7.0\Projects\STM32F3-Discovery\My
#        projects\KULUR\EWARM\KULUR.out" --map
#        "U:\Downloads\STM32Cube_FW_F3_V1.7.0\Projects\STM32F3-Discovery\My
#        projects\KULUR\EWARM\KULUR.map" --config "C:\Program Files\IAR
#        Systems\Embedded Workbench 7.5\arm\config\linker\ST\stm32f303xC.icf"
#        --semihosting --entry __iar_program_start --vfe
#
###############################################################################

*******************************************************************************
*** RUNTIME MODEL ATTRIBUTES
***

CppFlavor                     = *
__SystemLibrary               = DLib
__dlib_dynamic_initialization = normal


*******************************************************************************
*** PLACEMENT SUMMARY
***

"A0":  place at 0x08000000 { ro section .intvec };
"P1":  place in [from 0x08000000 to 0x0803ffff] { ro };
"P2":  place in [from 0x20000000 to 0x20009fff] { rw, block CSTACK, block HEAP };
initialize by copy { rw };

  Section             Kind        Address    Size  Object
  -------             ----        -------    ----  ------
"A0":                                       0x188
  .intvec             ro code  0x08000000   0x188  startup_stm32f303xc.o [1]
                             - 0x08000188   0x188

"P1":                                      0x4ac3
  .text               ro code  0x08000188   0xab8  stm32f3xx_hal_rcc.o [1]
  .text               ro code  0x08000c40     0xc  stm32f3xx_hal.o [1]
  .text               ro code  0x08000c4c    0x28  stm32f3xx_hal.o [1]
  .text               ro code  0x08000c74   0x15c  stm32f3xx_hal_cortex.o [1]
  .text               ro code  0x08000dd0   0x9b2  stm32f3xx_hal_uart.o [1]
  .rodata             const    0x08001782     0x2  usart.o [1]
  .text               ro code  0x08001784   0x348  usart.o [1]
  .text               ro code  0x08001acc     0x2  stm32f3xx_hal_uart_ex.o [1]
  .text               ro code  0x08001ace     0x2  stm32f3xx_hal_uart.o [1]
  .text               ro code  0x08001ad0    0xd2  main.o [1]
  .rodata             const    0x08001ba2     0x2  usart.o [1]
  .text               ro code  0x08001ba4   0x204  stm32f3xx_hal_gpio.o [1]
  .text               ro code  0x08001da8    0x76  ABImemcpy_unaligned.o [5]
  .text               ro code  0x08001e20    0x66  ABImemset.o [5]
  .text               ro code  0x08001e88    0x4c  strtok.o [3]
  .text               ro code  0x08001ed4     0x8  atoi.o [3]
  .text               ro code  0x08001edc    0xf0  rtc.o [1]
  .text               ro code  0x08001fcc    0x28  stm32f3xx_hal.o [1]
  .text               ro code  0x08001ff4   0x1c0  gpio.o [1]
  .text               ro code  0x080021b4   0x3c0  tim.o [1]
  .text               ro code  0x08002574    0x7c  crc.o [1]
  .text               ro code  0x080025f0   0x96c  kulur_functions.o [1]
  .text               ro code  0x08002f5c   0x2cc  stm32f3xx_hal_rcc_ex.o [1]
  .text               ro code  0x08003228     0x2  xtls.o [3]
  .text               ro code  0x0800322a    0x24  strspn.o [3]
  .text               ro code  0x0800324e    0x24  strcspn.o [3]
  .text               ro code  0x08003274   0x198  xstoul.o [3]
  .text               ro code  0x0800340c   0x432  stm32f3xx_hal_rtc.o [1]
  .text               ro code  0x08003840    0x14  stm32f3xx_hal_rtc_ex.o [1]
  .text               ro code  0x08003854    0x7c  stm32f3xx_hal_msp.o [1]
  .text               ro code  0x080038d0   0x8da  stm32f3xx_hal_tim.o [1]
  .text               ro code  0x080041ac    0x6c  stm32f3xx_hal_tim_ex.o [1]
  .text               ro code  0x08004218   0x1e2  stm32f3xx_hal_crc.o [1]
  .text               ro code  0x080043fa    0x14  isxxx.o [3]
  .text               ro code  0x0800440e    0x14  tolower.o [3]
  .text               ro code  0x08004424    0x58  memchr.o [5]
  .text               ro code  0x0800447c     0xc  errno.o [3]
  .text               ro code  0x08004488     0x2  stm32f3xx_hal_tim.o [1]
  .text               ro code  0x0800448a     0x2  stm32f3xx_hal_tim.o [1]
  .text               ro code  0x0800448c     0x2  stm32f3xx_hal_tim.o [1]
  .text               ro code  0x0800448e     0x2  stm32f3xx_hal_tim.o [1]
  .text               ro code  0x08004490     0x2  stm32f3xx_hal_tim_ex.o [1]
  .text               ro code  0x08004492     0x2  stm32f3xx_hal_tim.o [1]
  .text               ro code  0x08004494     0x2  stm32f3xx_hal_tim_ex.o [1]
  .text               ro code  0x08004496    0x60  stm32f3xx_hal_crc_ex.o [1]
  .text               ro code  0x080044f8    0x18  setlocale.o [3]
  .text               ro code  0x08004510    0x14  xlocale_c.o [3]
  .text               ro code  0x08004524     0xc  xlocale_c.o [3]
  .text               ro code  0x08004530   0x228  tasks.o [1]
  .text               ro code  0x08004758    0x40  list.o [1]
  CODE                ro code  0x08004798    0xa8  portasm.o [1]
  .text               ro code  0x08004840    0x98  system_stm32f3xx.o [1]
  .text               ro code  0x080048d8    0x40  zero_init3.o [5]
  .text               ro code  0x08004918    0x38  packbits_init_single.o [5]
  .text               ro code  0x08004950    0x34  port.o [1]
  .text               ro code  0x08004984    0x28  stm32f3xx_it.o [1]
  .text               ro code  0x080049ac    0x10  stm32f3xx_hal.o [1]
  .text               ro code  0x080049bc    0x10  cmsis_os.o [1]
  .text               ro code  0x080049cc    0x28  data_init.o [5]
  .text               ro code  0x080049f4    0x22  fpinit_M.o [4]
  .iar.init_table     const    0x08004a18    0x20  - Linker created -
  .text               ro code  0x08004a38    0x1a  cmain.o [5]
  .text               ro code  0x08004a52     0x4  low_level_init.o [3]
  .text               ro code  0x08004a56     0x4  exit.o [3]
  .text               ro code  0x08004a5c     0xa  cexit.o [5]
  .text               ro code  0x08004a68    0x14  exit.o [6]
  .rodata             const    0x08004a7c    0x10  stm32f3xx_hal_rcc.o [1]
  .rodata             const    0x08004a8c    0x10  stm32f3xx_hal_rcc.o [1]
  .rodata             const    0x08004a9c    0x10  system_stm32f3xx.o [1]
  .text               ro code  0x08004aac    0x10  startup_stm32f303xc.o [1]
  .rodata             const    0x08004abc     0xc  usart.o [1]
  .text               ro code  0x08004ac8     0xc  cstartup_M.o [5]
  .rodata             const    0x08004ad4     0x8  system_stm32f3xx.o [1]
  .rodata             const    0x08004adc     0x8  usart.o [1]
  .rodata             const    0x08004ae4     0x4  usart.o [1]
  .rodata             const    0x08004ae8     0x4  usart.o [1]
  .text               ro code  0x08004aec     0x4  startup_stm32f303xc.o [1]
  .text               ro code  0x08004af0     0x4  startup_stm32f303xc.o [1]
  .text               ro code  0x08004af4     0x4  startup_stm32f303xc.o [1]
  .text               ro code  0x08004af8     0x4  startup_stm32f303xc.o [1]
  .text               ro code  0x08004afc     0x4  startup_stm32f303xc.o [1]
  .text               ro code  0x08004b00     0x4  startup_stm32f303xc.o [1]
  .text               ro code  0x08004b04     0x4  startup_stm32f303xc.o [1]
  .text               ro code  0x08004b08     0x4  startup_stm32f303xc.o [1]
  .text               ro code  0x08004b0c     0x4  startup_stm32f303xc.o [1]
  .text               ro code  0x08004b10     0x4  startup_stm32f303xc.o [1]
  .text               ro code  0x08004b14     0x4  startup_stm32f303xc.o [1]
  .text               ro code  0x08004b18     0x4  startup_stm32f303xc.o [1]
  .text               ro code  0x08004b1c     0x4  startup_stm32f303xc.o [1]
  .text               ro code  0x08004b20     0x4  startup_stm32f303xc.o [1]
  .text               ro code  0x08004b24     0x4  startup_stm32f303xc.o [1]
  .text               ro code  0x08004b28     0x4  startup_stm32f303xc.o [1]
  .text               ro code  0x08004b2c     0x4  startup_stm32f303xc.o [1]
  .text               ro code  0x08004b30     0x4  startup_stm32f303xc.o [1]
  .text               ro code  0x08004b34     0x4  startup_stm32f303xc.o [1]
  .text               ro code  0x08004b38     0x4  startup_stm32f303xc.o [1]
  .text               ro code  0x08004b3c     0x4  startup_stm32f303xc.o [1]
  .text               ro code  0x08004b40     0x4  startup_stm32f303xc.o [1]
  .text               ro code  0x08004b44     0x4  startup_stm32f303xc.o [1]
  .text               ro code  0x08004b48     0x4  startup_stm32f303xc.o [1]
  .text               ro code  0x08004b4c     0x4  startup_stm32f303xc.o [1]
  .text               ro code  0x08004b50     0x4  startup_stm32f303xc.o [1]
  .text               ro code  0x08004b54     0x4  startup_stm32f303xc.o [1]
  .text               ro code  0x08004b58     0x4  startup_stm32f303xc.o [1]
  .text               ro code  0x08004b5c     0x4  startup_stm32f303xc.o [1]
  .text               ro code  0x08004b60     0x4  startup_stm32f303xc.o [1]
  .text               ro code  0x08004b64     0x4  startup_stm32f303xc.o [1]
  .text               ro code  0x08004b68     0x4  startup_stm32f303xc.o [1]
  .text               ro code  0x08004b6c     0x4  startup_stm32f303xc.o [1]
  .text               ro code  0x08004b70     0x4  startup_stm32f303xc.o [1]
  .text               ro code  0x08004b74     0x4  startup_stm32f303xc.o [1]
  .text               ro code  0x08004b78     0x4  startup_stm32f303xc.o [1]
  .text               ro code  0x08004b7c     0x4  startup_stm32f303xc.o [1]
  .text               ro code  0x08004b80     0x4  startup_stm32f303xc.o [1]
  .text               ro code  0x08004b84     0x4  startup_stm32f303xc.o [1]
  .text               ro code  0x08004b88     0x4  startup_stm32f303xc.o [1]
  .text               ro code  0x08004b8c     0x4  startup_stm32f303xc.o [1]
  .text               ro code  0x08004b90     0x4  startup_stm32f303xc.o [1]
  .text               ro code  0x08004b94     0x4  startup_stm32f303xc.o [1]
  .text               ro code  0x08004b98     0x4  startup_stm32f303xc.o [1]
  .text               ro code  0x08004b9c     0x4  startup_stm32f303xc.o [1]
  .text               ro code  0x08004ba0     0x4  startup_stm32f303xc.o [1]
  .text               ro code  0x08004ba4     0x4  startup_stm32f303xc.o [1]
  .text               ro code  0x08004ba8     0x4  startup_stm32f303xc.o [1]
  .text               ro code  0x08004bac     0x4  startup_stm32f303xc.o [1]
  .text               ro code  0x08004bb0     0x4  startup_stm32f303xc.o [1]
  .text               ro code  0x08004bb4     0x4  startup_stm32f303xc.o [1]
  .text               ro code  0x08004bb8     0x4  startup_stm32f303xc.o [1]
  .text               ro code  0x08004bbc     0x4  startup_stm32f303xc.o [1]
  .text               ro code  0x08004bc0     0x4  startup_stm32f303xc.o [1]
  .text               ro code  0x08004bc4     0x4  startup_stm32f303xc.o [1]
  .text               ro code  0x08004bc8     0x4  startup_stm32f303xc.o [1]
  .text               ro code  0x08004bcc     0x4  startup_stm32f303xc.o [1]
  .text               ro code  0x08004bd0     0x4  startup_stm32f303xc.o [1]
  .text               ro code  0x08004bd4     0x4  startup_stm32f303xc.o [1]
  .text               ro code  0x08004bd8     0x4  startup_stm32f303xc.o [1]
  .text               ro code  0x08004bdc     0x4  startup_stm32f303xc.o [1]
  .text               ro code  0x08004be0     0x4  startup_stm32f303xc.o [1]
  .text               ro code  0x08004be4     0x4  startup_stm32f303xc.o [1]
  .text               ro code  0x08004be8     0x4  startup_stm32f303xc.o [1]
  .text               ro code  0x08004bec     0x4  startup_stm32f303xc.o [1]
  .text               ro code  0x08004bf0     0x4  startup_stm32f303xc.o [1]
  .text               ro code  0x08004bf4     0x4  startup_stm32f303xc.o [1]
  .text               ro code  0x08004bf8     0x4  startup_stm32f303xc.o [1]
  .text               ro code  0x08004bfc     0x4  startup_stm32f303xc.o [1]
  .text               ro code  0x08004c00     0x4  startup_stm32f303xc.o [1]
  .rodata             const    0x08004c04     0x0  zero_init3.o [5]
  .rodata             const    0x08004c04     0x0  packbits_init_single.o [5]
  Initializer bytes   const    0x08004c04    0x47  <for P2-1>
                             - 0x08004c4b  0x4ac3

"P2", part 1 of 3:                           0xc4
  P2-1                         0x20000000    0xc4  <Init block>
    .data             inited   0x20000000     0x4  system_stm32f3xx.o [1]
    .data             inited   0x20000004    0x44  usart.o [1]
    __DLIB_PERTHREAD  inited   0x20000048     0x4  strtok.o [3]
    __DLIB_PERTHREAD  inited   0x2000004c     0x4  errno.o [3]
    __DLIB_PERTHREAD  inited   0x20000050    0x74  setlocale.o [3]
                             - 0x200000c4    0xc4

"P2", part 2 of 3:                         0x2000
  CSTACK                       0x200000c8  0x2000  <Block>
    CSTACK            uninit   0x200000c8  0x2000  <Block tail>
                             - 0x200020c8  0x2000

"P2", part 3 of 3:                          0x5a4
  .bss                zero     0x200020c8   0x320  tim.o [1]
  .bss                zero     0x200023e8    0xa0  kulur_functions.o [1]
  .bss                zero     0x20002488    0x8c  tasks.o [1]
  .bss                zero     0x20002514    0x70  usart.o [1]
  .bss                zero     0x20002584    0x3c  tim.o [1]
  .bss                zero     0x200025c0    0x24  crc.o [1]
  .bss                zero     0x200025e4    0x20  rtc.o [1]
  .bss                zero     0x20002604    0x10  tim.o [1]
  .bss                zero     0x20002614     0x8  kulur_functions.o [1]
  .bss                zero     0x2000261c     0x8  usart.o [1]
  .bss                zero     0x20002624     0x4  kulur_functions.o [1]
  .bss                zero     0x20002628     0x4  kulur_functions.o [1]
  .bss                zero     0x2000262c     0x4  stm32f3xx_hal.o [1]
  .bss                zero     0x20002630     0x4  tasks.o [1]
  .bss                zero     0x20002634     0x4  tasks.o [1]
  .bss                zero     0x20002638     0x4  tasks.o [1]
  .bss                zero     0x2000263c     0x4  tasks.o [1]
  .bss                zero     0x20002640     0x4  tasks.o [1]
  .bss                zero     0x20002644     0x4  tasks.o [1]
  .bss                zero     0x20002648     0x4  tasks.o [1]
  .bss                zero     0x2000264c     0x4  tasks.o [1]
  .bss                zero     0x20002650     0x4  tasks.o [1]
  .bss                zero     0x20002654     0x4  tasks.o [1]
  .bss                zero     0x20002658     0x4  tasks.o [1]
  .bss                zero     0x2000265c     0x4  tim.o [1]
  .bss                zero     0x20002660     0x4  usart.o [1]
  .bss                zero     0x20002664     0x1  tim.o [1]
  .bss                zero     0x20002665     0x1  tim.o [1]
  .bss                zero     0x20002666     0x1  usart.o [1]
  .bss                zero     0x20002667     0x1  usart.o [1]
  .bss                zero     0x20002668     0x1  usart.o [1]
                             - 0x20002669   0x5a1


*******************************************************************************
*** INIT TABLE
***

          Address     Size
          -------     ----
Zero (__iar_zero_init3)
    1 destination range, total size 0x5a1:
          0x200020c8  0x5a1

Copy/packbits (__iar_packbits_init_single3)
    1 source range, total size 0x47 (36% of destination):
          0x08004c04   0x47
    1 destination range, total size 0xc4:
          0x20000000   0xc4



*******************************************************************************
*** MODULE SUMMARY
***

    Module                   ro code  ro data  rw data
    ------                   -------  -------  -------
U:\Downloads\STM32Cube_FW_F3_V1.7.0\Projects\STM32F3-Discovery\My projects\KULUR\EWARM: [1]
    cmsis_os.o                    16
    crc.o                        124                36
    gpio.o                       448
    kulur_functions.o          2 412               176
    list.o                        64
    main.o                       210
    port.o                        52
    portasm.o                    168
    rtc.o                        240                32
    startup_stm32f303xc.o        688
    stm32f3xx_hal.o              108                 4
    stm32f3xx_hal_cortex.o       348
    stm32f3xx_hal_crc.o          482
    stm32f3xx_hal_crc_ex.o        96
    stm32f3xx_hal_gpio.o         516
    stm32f3xx_hal_msp.o          124
    stm32f3xx_hal_rcc.o        2 744       32
    stm32f3xx_hal_rcc_ex.o       716
    stm32f3xx_hal_rtc.o        1 074
    stm32f3xx_hal_rtc_ex.o        20
    stm32f3xx_hal_tim.o        2 276
    stm32f3xx_hal_tim_ex.o       112
    stm32f3xx_hal_uart.o       2 484
    stm32f3xx_hal_uart_ex.o        2
    stm32f3xx_it.o                40
    system_stm32f3xx.o           152       25        4
    tasks.o                      552               184
    tim.o                        960               882
    usart.o                      840       57      195
    --------------------------------------------------
    Total:                    18 068      114    1 513

command line: [2]
    --------------------------------------------------
    Total:

dl7M_tlf.a: [3]
    atoi.o                         8
    errno.o                       12        1        4
    exit.o                         4
    isxxx.o                       20
    low_level_init.o               4
    setlocale.o                   24       43      116
    strcspn.o                     36
    strspn.o                      36
    strtok.o                      76        1        4
    tolower.o                     20
    xlocale_c.o                   32
    xstoul.o                     408
    xtls.o                         2
    --------------------------------------------------
    Total:                       682       45      124

m7M_tls.a: [4]
    fpinit_M.o                    34
    --------------------------------------------------
    Total:                        34

rt7M_tl.a: [5]
    ABImemcpy_unaligned.o        118
    ABImemset.o                  102
    cexit.o                       10
    cmain.o                       26
    cstartup_M.o                  12
    data_init.o                   40
    memchr.o                      88
    packbits_init_single.o        56
    zero_init3.o                  64
    --------------------------------------------------
    Total:                       516

shb_l.a: [6]
    exit.o                        20
    --------------------------------------------------
    Total:                        20

    Gaps                          18        2
    Linker created                         32    8 192
------------------------------------------------------
    Grand Total:              19 338      193    9 829


*******************************************************************************
*** ENTRY LIST
***

Entry                      Address   Size  Type      Object
-----                      -------   ----  ----      ------
.iar.init_table$$Base   0x08004a18          --   Gb  - Linker created -
.iar.init_table$$Limit  0x08004a38          --   Gb  - Linker created -
?main                   0x08004a39         Code  Gb  cmain.o [5]
AHBPrescTable           0x08004a9c   0x10  Data  Gb  system_stm32f3xx.o [1]
APBPrescTable           0x08004ad4    0x8  Data  Gb  system_stm32f3xx.o [1]
CRC_Handle_16           0x080043c1   0x3a  Code  Lc  stm32f3xx_hal_crc.o [1]
CRC_Handle_8            0x0800432d   0x94  Code  Lc  stm32f3xx_hal_crc.o [1]
CSTACK$$Base            0x200000c8          --   Gb  - Linker created -
CSTACK$$Limit           0x200020c8          --   Gb  - Linker created -
Error_Handler           0x08001ba1    0x2  Code  Gb  main.o [1]
HAL_CRCEx_Polynomial_Set
                        0x08004497   0x60  Code  Gb  stm32f3xx_hal_crc_ex.o [1]
HAL_CRC_Calculate       0x080042a9   0x84  Code  Gb  stm32f3xx_hal_crc.o [1]
HAL_CRC_Init            0x08004219   0x8a  Code  Gb  stm32f3xx_hal_crc.o [1]
HAL_CRC_MspInit         0x080025bd   0x26  Code  Gb  crc.o [1]
HAL_GPIO_Init           0x08001ba5  0x1be  Code  Gb  stm32f3xx_hal_gpio.o [1]
HAL_GPIO_TogglePin      0x08001d75    0xa  Code  Gb  stm32f3xx_hal_gpio.o [1]
HAL_GPIO_WritePin       0x08001d63   0x12  Code  Gb  stm32f3xx_hal_gpio.o [1]
HAL_GetTick             0x08000c41    0xc  Code  Wk  stm32f3xx_hal.o [1]
HAL_IncTick             0x080049ad   0x10  Code  Wk  stm32f3xx_hal.o [1]
HAL_Init                0x08001fcd   0x22  Code  Gb  stm32f3xx_hal.o [1]
HAL_InitTick            0x08000c4d   0x28  Code  Wk  stm32f3xx_hal.o [1]
HAL_MspInit             0x08003855   0x7c  Code  Gb  stm32f3xx_hal_msp.o [1]
HAL_NVIC_EnableIRQ      0x08000d77    0xe  Code  Gb  stm32f3xx_hal_cortex.o [1]
HAL_NVIC_SetPriority    0x08000d51   0x26  Code  Gb  stm32f3xx_hal_cortex.o [1]
HAL_NVIC_SetPriorityGrouping
                        0x08000d45    0xc  Code  Gb  stm32f3xx_hal_cortex.o [1]
HAL_RCCEx_PeriphCLKConfig
                        0x08002f5d  0x2ac  Code  Gb  stm32f3xx_hal_rcc_ex.o [1]
HAL_RCC_ClockConfig     0x08000903  0x23e  Code  Gb  stm32f3xx_hal_rcc.o [1]
HAL_RCC_GetHCLKFreq     0x08000bb7    0x6  Code  Gb  stm32f3xx_hal_rcc.o [1]
HAL_RCC_GetPCLK1Freq    0x08000bbd   0x20  Code  Gb  stm32f3xx_hal_rcc.o [1]
HAL_RCC_GetPCLK2Freq    0x08000bdd   0x20  Code  Gb  stm32f3xx_hal_rcc.o [1]
HAL_RCC_GetSysClockFreq
                        0x08000b41   0x76  Code  Gb  stm32f3xx_hal_rcc.o [1]
HAL_RCC_OscConfig       0x08000189  0x77a  Code  Gb  stm32f3xx_hal_rcc.o [1]
HAL_RTCEx_BKUPWrite     0x08003841   0x14  Code  Gb  stm32f3xx_hal_rtc_ex.o [1]
HAL_RTC_GetDate         0x08003743   0x50  Code  Gb  stm32f3xx_hal_rtc.o [1]
HAL_RTC_GetTime         0x080035d9   0x64  Code  Gb  stm32f3xx_hal_rtc.o [1]
HAL_RTC_Init            0x0800340d   0xac  Code  Gb  stm32f3xx_hal_rtc.o [1]
HAL_RTC_MspInit         0x08001f1b   0x1c  Code  Gb  rtc.o [1]
HAL_RTC_SetDate         0x0800363d  0x106  Code  Gb  stm32f3xx_hal_rtc.o [1]
HAL_RTC_SetTime         0x080034b9  0x120  Code  Gb  stm32f3xx_hal_rtc.o [1]
HAL_RTC_WaitForSynchro  0x080037a1   0x34  Code  Gb  stm32f3xx_hal_rtc.o [1]
HAL_SYSTICK_CLKSourceConfig
                        0x08000d91   0x20  Code  Gb  stm32f3xx_hal_cortex.o [1]
HAL_SYSTICK_Config      0x08000d85    0xc  Code  Gb  stm32f3xx_hal_cortex.o [1]
HAL_TIMEx_BreakCallback
                        0x08004491    0x2  Code  Wk  stm32f3xx_hal_tim_ex.o [1]
HAL_TIMEx_CommutationCallback
                        0x08004495    0x2  Code  Wk  stm32f3xx_hal_tim_ex.o [1]
HAL_TIMEx_MasterConfigSynchronization
                        0x080041ad   0x62  Code  Gb  stm32f3xx_hal_tim_ex.o [1]
HAL_TIM_Base_Init       0x080038d1   0x38  Code  Gb  stm32f3xx_hal_tim.o [1]
HAL_TIM_Base_MspInit    0x080022b5   0x5a  Code  Gb  tim.o [1]
HAL_TIM_ConfigClockSource
                        0x08003c7d  0x122  Code  Gb  stm32f3xx_hal_tim.o [1]
HAL_TIM_IC_CaptureCallback
                        0x0800230f  0x246  Code  Gb  tim.o [1]
HAL_TIM_IC_CaptureCallback::bit_counter
                        0x20002664    0x1  Data  Lc  tim.o [1]
HAL_TIM_IC_CaptureCallback::duty_in_microseconds
                        0x2000265c    0x4  Data  Lc  tim.o [1]
HAL_TIM_IC_CaptureCallback::preamble_bits
                        0x20002604   0x10  Data  Lc  tim.o [1]
HAL_TIM_IC_CaptureCallback::preamble_flag
                        0x20002665    0x1  Data  Lc  tim.o [1]
HAL_TIM_IC_CaptureCallback::radio_frame
                        0x200020c8  0x320  Data  Lc  tim.o [1]
HAL_TIM_IC_ConfigChannel
                        0x08003ba7   0xd6  Code  Gb  stm32f3xx_hal_tim.o [1]
HAL_TIM_IC_Init         0x08003909   0x38  Code  Gb  stm32f3xx_hal_tim.o [1]
HAL_TIM_IC_MspInit      0x08004489    0x2  Code  Wk  stm32f3xx_hal_tim.o [1]
HAL_TIM_IC_Start_IT     0x08003941   0x6c  Code  Gb  stm32f3xx_hal_tim.o [1]
HAL_TIM_IC_Stop_IT      0x080039ad   0x84  Code  Gb  stm32f3xx_hal_tim.o [1]
HAL_TIM_IRQHandler      0x08003a31  0x176  Code  Gb  stm32f3xx_hal_tim.o [1]
HAL_TIM_OC_DelayElapsedCallback
                        0x0800448b    0x2  Code  Wk  stm32f3xx_hal_tim.o [1]
HAL_TIM_PWM_PulseFinishedCallback
                        0x0800448d    0x2  Code  Wk  stm32f3xx_hal_tim.o [1]
HAL_TIM_PeriodElapsedCallback
                        0x0800448f    0x2  Code  Wk  stm32f3xx_hal_tim.o [1]
HAL_TIM_ReadCapturedValue
                        0x08003df3   0x54  Code  Gb  stm32f3xx_hal_tim.o [1]
HAL_TIM_SlaveConfigSynchronization
                        0x08003da5   0x4e  Code  Gb  stm32f3xx_hal_tim.o [1]
HAL_TIM_TriggerCallback
                        0x08004493    0x2  Code  Wk  stm32f3xx_hal_tim.o [1]
HAL_UARTEx_WakeupCallback
                        0x08001acd    0x2  Code  Wk  stm32f3xx_hal_uart_ex.o [1]
HAL_UART_ErrorCallback  0x08001acf    0x2  Code  Wk  stm32f3xx_hal_uart.o [1]
HAL_UART_IRQHandler     0x08001019  0x102  Code  Gb  stm32f3xx_hal_uart.o [1]
HAL_UART_Init           0x08000dd1   0x7e  Code  Gb  stm32f3xx_hal_uart.o [1]
HAL_UART_MspInit        0x080017d5   0x58  Code  Gb  usart.o [1]
HAL_UART_Receive_IT     0x08000f6b   0xae  Code  Gb  stm32f3xx_hal_uart.o [1]
HAL_UART_RxCpltCallback
                        0x08001835    0x8  Code  Gb  usart.o [1]
HAL_UART_Transmit       0x08000e4f   0xc0  Code  Gb  stm32f3xx_hal_uart.o [1]
HAL_UART_Transmit_IT    0x08000f0f   0x5c  Code  Gb  stm32f3xx_hal_uart.o [1]
HAL_UART_TxCpltCallback
                        0x0800182d    0x8  Code  Gb  usart.o [1]
MX_CRC_Init             0x08002575   0x48  Code  Gb  crc.o [1]
MX_GPIO_Init            0x08001ff5  0x1c0  Code  Gb  gpio.o [1]
MX_RTC_Init             0x08001edd   0x3e  Code  Gb  rtc.o [1]
MX_TIM1_Init            0x080021b5  0x100  Code  Gb  tim.o [1]
MX_USART3_UART_Init     0x08001785   0x50  Code  Gb  usart.o [1]
NVIC_EnableIRQ          0x08000c9d   0x14  Code  Lc  stm32f3xx_hal_cortex.o [1]
NVIC_EncodePriority     0x08000cd7   0x3e  Code  Lc  stm32f3xx_hal_cortex.o [1]
NVIC_GetPriorityGrouping
                        0x08000c93    0xa  Code  Lc  stm32f3xx_hal_cortex.o [1]
NVIC_SetPriority        0x08000cb1   0x26  Code  Lc  stm32f3xx_hal_cortex.o [1]
NVIC_SetPriorityGrouping
                        0x08000c75   0x1e  Code  Lc  stm32f3xx_hal_cortex.o [1]
PendSV_Handler          0x08004799         Code  Gb  portasm.o [1]
RTC_Bcd2ToByte          0x08003823   0x1c  Code  Gb  stm32f3xx_hal_rtc.o [1]
RTC_ByteToBcd2          0x0800380d   0x16  Code  Gb  stm32f3xx_hal_rtc.o [1]
RTC_EnterInitMode       0x080037d5   0x38  Code  Gb  stm32f3xx_hal_rtc.o [1]
RTC_TimeConfig          0x08001f37   0x56  Code  Gb  rtc.o [1]
RTC_TimeShow            0x08001f8d   0x34  Code  Gb  rtc.o [1]
Region$$Table$$Base     0x08004a18          --   Gb  - Linker created -
Region$$Table$$Limit    0x08004a38          --   Gb  - Linker created -
SVC_Handler             0x080047f1         Code  Gb  portasm.o [1]
SysTick_Config          0x08000d15   0x30  Code  Lc  stm32f3xx_hal_cortex.o [1]
SysTick_Handler         0x08004985    0xc  Code  Gb  stm32f3xx_it.o [1]
SystemClock_Config      0x08001afd   0xa0  Code  Gb  main.o [1]
SystemCoreClock         0x20000000    0x4  Data  Gb  system_stm32f3xx.o [1]
SystemInit              0x08004841   0x70  Code  Gb  system_stm32f3xx.o [1]
TIM1_CC_IRQHandler      0x08004991    0xa  Code  Gb  stm32f3xx_it.o [1]
TIM_Base_SetConfig      0x08003e47   0xb6  Code  Gb  stm32f3xx_hal_tim.o [1]
TIM_CCxChannelCmd       0x0800418d   0x1e  Code  Gb  stm32f3xx_hal_tim.o [1]
TIM_ETR_SetConfig       0x08004171   0x1c  Code  Gb  stm32f3xx_hal_tim.o [1]
TIM_ITRx_SetConfig      0x0800415b   0x16  Code  Lc  stm32f3xx_hal_tim.o [1]
TIM_SlaveTimer_SetConfig
                        0x08003eff   0xb2  Code  Lc  stm32f3xx_hal_tim.o [1]
TIM_TI1_ConfigInputStage
                        0x08004049   0x2c  Code  Lc  stm32f3xx_hal_tim.o [1]
TIM_TI1_SetConfig       0x08003fb1   0x70  Code  Gb  stm32f3xx_hal_tim.o [1]
TIM_TI2_ConfigInputStage
                        0x080040b3   0x2e  Code  Lc  stm32f3xx_hal_tim.o [1]
TIM_TI2_SetConfig       0x08004075   0x3e  Code  Lc  stm32f3xx_hal_tim.o [1]
TIM_TI3_SetConfig       0x080040e1   0x3c  Code  Lc  stm32f3xx_hal_tim.o [1]
TIM_TI4_SetConfig       0x0800411d   0x3e  Code  Lc  stm32f3xx_hal_tim.o [1]
UART_AdvFeatureConfig   0x08001435   0xda  Code  Gb  stm32f3xx_hal_uart.o [1]
UART_CheckIdleState     0x0800150f   0x5e  Code  Gb  stm32f3xx_hal_uart.o [1]
UART_EndTransmit_IT     0x080016c9   0x20  Code  Gb  stm32f3xx_hal_uart.o [1]
UART_Receive_IT         0x080016e9   0x9a  Code  Gb  stm32f3xx_hal_uart.o [1]
UART_SetConfig          0x0800111b  0x2fc  Code  Gb  stm32f3xx_hal_uart.o [1]
UART_Transmit_IT        0x08001659   0x70  Code  Gb  stm32f3xx_hal_uart.o [1]
UART_WaitOnFlagUntilTimeout
                        0x0800156d   0xea  Code  Gb  stm32f3xx_hal_uart.o [1]
UARTfunction            0x080018e1  0x1ac  Code  Gb  usart.o [1]
UARTfunction::Buffer    0x20000004   0x44  Data  Lc  usart.o [1]
UARTfunction::Date      0x2000261c    0x8  Data  Lc  usart.o [1]
UARTfunction::dateCheck
                        0x20002667    0x1  Data  Lc  usart.o [1]
UARTfunction::time      0x20002660    0x4  Data  Lc  usart.o [1]
UARTfunction::timeCheck
                        0x20002668    0x1  Data  Lc  usart.o [1]
UARTputty               0x0800183d   0xa4  Code  Gb  usart.o [1]
USART3_IRQHandler       0x0800499b    0xa  Code  Gb  stm32f3xx_it.o [1]
UartReady               0x20002666    0x1  Data  Gb  usart.o [1]
_IsdstStr               0x20000054    0x4  Data  Gb  setlocale.o [3]
_LocaleC_isspace        0x08004511   0x14  Code  Gb  xlocale_c.o [3]
_LocaleC_tolower        0x08004525    0xc  Code  Gb  xlocale_c.o [3]
_LocaleForCat           0x080044f9   0x12  Code  Gb  setlocale.o [3]
_LocaleReturnString     0x20000074   0x50  Data  Lc  setlocale.o [3]
_Locale_Profile         0x20000058   0x1c  Data  Gb  setlocale.o [3]
_Strtok_ssave           0x20000048    0x4  Data  Lc  strtok.o [3]
_TzoneStr               0x20000050    0x4  Data  Gb  setlocale.o [3]
__aeabi_errno_addr      0x0800447d    0x6  Code  Gb  errno.o [3]
__aeabi_memset          0x08001e21         Code  Gb  ABImemset.o [5]
__cmain                 0x08004a39         Code  Gb  cmain.o [5]
__exit                  0x08004a69   0x14  Code  Gb  exit.o [6]
__iar_Errno             0x2000004c    0x4  Data  Gb  errno.o [3]
__iar_Memchr            0x08004425         Code  Gb  memchr.o [5]
__iar_Memset            0x08001e21         Code  Gb  ABImemset.o [5]
__iar_Memset_word       0x08001e29         Code  Gb  ABImemset.o [5]
__iar_Stoul             0x080033b9    0x4  Code  Gb  xstoul.o [3]
__iar_Stoulx            0x08003275  0x13e  Code  Gb  xstoul.o [3]
__iar_data_init3        0x080049cd   0x28  Code  Gb  data_init.o [5]
__iar_dlib_perthread_access
                        0x08003229    0x2  Code  Gb  xtls.o [3]
__iar_init_vfp          0x080049f5         Code  Gb  fpinit_M.o [4]
__iar_packbits_init_single3
                        0x08004919   0x38  Code  Gb  packbits_init_single.o [5]
__iar_program_start     0x08004ac9         Code  Gb  cstartup_M.o [5]
__iar_unaligned___aeabi_memcpy
                        0x08001da9         Code  Gb  ABImemcpy_unaligned.o [5]
__iar_unaligned___aeabi_memcpy4
                        0x08001dc9         Code  Gb  ABImemcpy_unaligned.o [5]
__iar_unaligned___aeabi_memcpy8
                        0x08001dc9         Code  Gb  ABImemcpy_unaligned.o [5]
__iar_zero_init3        0x080048d9   0x40  Code  Gb  zero_init3.o [5]
__low_level_init        0x08004a53    0x4  Code  Gb  low_level_init.o [3]
__vector_table          0x08000000         Data  Gb  startup_stm32f303xc.o [1]
_call_main              0x08004a45         Code  Gb  cmain.o [5]
_exit                   0x08004a5d         Code  Gb  cexit.o [5]
_main                   0x08004a4f         Code  Gb  cmain.o [5]
aPLLMULFactorTable      0x08004a7c   0x10  Data  Gb  stm32f3xx_hal_rcc.o [1]
aPredivFactorTable      0x08004a8c   0x10  Data  Gb  stm32f3xx_hal_rcc.o [1]
atoi                    0x08001ed5    0x8  Code  Gb  atoi.o [3]
digits                  0x080033bc   0x28  Data  Lc  xstoul.o [3]
displayFunction         0x08002701  0x840  Code  Gb  kulur_functions.o [1]
displayFunction::number
                        0x20002614    0x8  Data  Lc  kulur_functions.o [1]
displayFunction{6}{7}::last_second
                        0x20002628    0x4  Data  Lc  kulur_functions.o [1]
exit                    0x08004a57    0x4  Code  Gb  exit.o [3]
frame_decoder           0x080025f1  0x110  Code  Gb  kulur_functions.o [1]
frame_decoder::decoded_frame
                        0x200023e8   0xa0  Data  Lc  kulur_functions.o [1]
frame_decoder::hej      0x20002624    0x4  Data  Lc  kulur_functions.o [1]
hcrc                    0x200025c0   0x24  Data  Gb  crc.o [1]
hrtc                    0x200025e4   0x20  Data  Gb  rtc.o [1]
htim1                   0x20002584   0x3c  Data  Gb  tim.o [1]
huart3                  0x20002514   0x70  Data  Gb  usart.o [1]
isspace                 0x080043fb   0x14  Code  Gb  isxxx.o [3]
main                    0x08001ad1   0x2c  Code  Gb  main.o [1]
memchr                  0x08004425         Code  Gb  memchr.o [5]
ndigs                   0x080033e4   0x28  Data  Lc  xstoul.o [3]
osSystickHandler        0x080049bd   0x10  Code  Gb  cmsis_os.o [1]
prvResetNextTaskUnblockTime
                        0x080046ed   0x26  Code  Lc  tasks.o [1]
pxCurrentTCB            0x20002630    0x4  Data  Gb  tasks.o [1]
pxDelayedTaskList       0x20002634    0x4  Data  Lc  tasks.o [1]
pxOverflowDelayedTaskList
                        0x20002638    0x4  Data  Lc  tasks.o [1]
pxReadyTasksLists       0x20002488   0x8c  Data  Lc  tasks.o [1]
strcspn                 0x0800324f   0x24  Code  Gb  strcspn.o [3]
strspn                  0x0800322b   0x24  Code  Gb  strspn.o [3]
strtok                  0x08001e89   0x4c  Code  Gb  strtok.o [3]
tolower                 0x0800440f   0x14  Code  Gb  tolower.o [3]
uwTick                  0x2000262c    0x4  Data  Gb  stm32f3xx_hal.o [1]
uxListRemove            0x08004771   0x28  Code  Gb  list.o [1]
uxPendedTicks           0x20002648    0x4  Data  Lc  tasks.o [1]
uxSchedulerSuspended    0x20002658    0x4  Data  Lc  tasks.o [1]
uxTopReadyPriority      0x20002640    0x4  Data  Lc  tasks.o [1]
vListInsertEnd          0x08004759   0x18  Code  Gb  list.o [1]
vPortEnableVFP          0x08004825         Code  Gb  portasm.o [1]
vPortStartFirstTask     0x0800480d         Code  Gb  portasm.o [1]
vTaskSwitchContext      0x08004663   0x74  Code  Gb  tasks.o [1]
xNextTaskUnblockTime    0x20002654    0x4  Data  Lc  tasks.o [1]
xNumOfOverflows         0x20002650    0x4  Data  Lc  tasks.o [1]
xPortSysTickHandler     0x08004951   0x2c  Code  Gb  port.o [1]
xSchedulerRunning       0x20002644    0x4  Data  Lc  tasks.o [1]
xTaskGetSchedulerState  0x08004713   0x26  Code  Gb  tasks.o [1]
xTaskIncrementTick      0x08004531  0x132  Code  Gb  tasks.o [1]
xTickCount              0x2000263c    0x4  Data  Lc  tasks.o [1]
xYieldPending           0x2000264c    0x4  Data  Lc  tasks.o [1]


[1] = U:\Downloads\STM32Cube_FW_F3_V1.7.0\Projects\STM32F3-Discovery\My projects\KULUR\EWARM
[2] = command line
[3] = dl7M_tlf.a
[4] = m7M_tls.a
[5] = rt7M_tl.a
[6] = shb_l.a

  19 338 bytes of readonly  code memory
     193 bytes of readonly  data memory
   9 829 bytes of readwrite data memory

Errors: none
Warnings: none
